Command line invocation:
    /Applications/Xcode.app/Contents/Developer/usr/bin/xcodebuild test -project MessageAI.xcodeproj -scheme MessageAI -destination "platform=iOS Simulator,name=iPhone 17"

Resolve Package Graph


Resolved source packages:
  GoogleUtilities: https://github.com/google/GoogleUtilities.git @ 7.13.3
  AppCheck: https://github.com/google/app-check.git @ 10.19.2
  InteropForGoogle: https://github.com/google/interop-ios-for-google-sdks.git @ 100.0.0
  GoogleDataTransport: https://github.com/google/GoogleDataTransport.git @ 9.4.0
  GoogleAppMeasurement: https://github.com/google/GoogleAppMeasurement.git @ 10.17.0
  ViewInspector: https://github.com/nalexn/ViewInspector @ 0.9.10
  GTMSessionFetcher: https://github.com/google/gtm-session-fetcher.git @ 3.5.0
  Firebase: https://github.com/firebase/firebase-ios-sdk @ 10.19.0
  swift-snapshot-testing: https://github.com/pointfreeco/swift-snapshot-testing @ 1.15.0
  swift-syntax: https://github.com/apple/swift-syntax.git @ 509.1.1
  InjectionNext: https://github.com/johnno1962/InjectionNext @ main (aadb551)
  gRPC: https://github.com/google/grpc-binary.git @ 1.49.2
  SwiftProtobuf: https://github.com/apple/swift-protobuf.git @ 1.32.0
  nanopb: https://github.com/firebase/nanopb.git @ 2.30909.0
  leveldb: https://github.com/firebase/leveldb.git @ 1.22.5
  abseil: https://github.com/google/abseil-cpp-binary.git @ 1.2022062300.1
  Promises: https://github.com/google/promises.git @ 2.4.0

ComputePackagePrebuildTargetDependencyGraph

Prepare packages

CreateBuildRequest

SendProjectDescription

CreateBuildOperation

ComputeTargetDependencyGraph
note: Building targets in dependency order
note: Target dependency graph (81 targets)
    Target 'MessageAIUITests' in project 'MessageAI'
        ➜ Explicit dependency on target 'MessageAI' in project 'MessageAI'
    Target 'MessageAITests' in project 'MessageAI'
        ➜ Explicit dependency on target 'MessageAI' in project 'MessageAI'
        ➜ Explicit dependency on target 'ViewInspector' in project 'ViewInspector'
        ➜ Explicit dependency on target 'SnapshotTesting' in project 'swift-snapshot-testing'
    Target 'SnapshotTesting' in project 'swift-snapshot-testing'
        ➜ Explicit dependency on target 'SnapshotTesting' in project 'swift-snapshot-testing'
    Target 'SnapshotTesting' in project 'swift-snapshot-testing' (no dependencies)
    Target 'ViewInspector' in project 'ViewInspector'
        ➜ Explicit dependency on target 'ViewInspector' in project 'ViewInspector'
    Target 'ViewInspector' in project 'ViewInspector' (no dependencies)
    Target 'MessageAI' in project 'MessageAI'
        ➜ Explicit dependency on target 'FirebaseAuth' in project 'Firebase'
        ➜ Explicit dependency on target 'FirebaseFirestore' in project 'Firebase'
        ➜ Explicit dependency on target 'FirebaseStorage' in project 'Firebase'
        ➜ Explicit dependency on target 'FirebaseFunctions' in project 'Firebase'
        ➜ Explicit dependency on target 'FirebaseAnalytics' in project 'Firebase'
        ➜ Explicit dependency on target 'InjectionNext' in project 'InjectionNext'
    Target 'InjectionNext' in project 'InjectionNext'
        ➜ Explicit dependency on target 'InjectionNext' in project 'InjectionNext'
        ➜ Explicit dependency on target 'InjectionNextC' in project 'InjectionNext'
    Target 'InjectionNext' in project 'InjectionNext'
        ➜ Explicit dependency on target 'InjectionNextC' in project 'InjectionNext'
    Target 'InjectionNextC' in project 'InjectionNext' (no dependencies)
    Target 'FirebaseAnalytics' in project 'Firebase'
        ➜ Explicit dependency on target 'FirebaseAnalyticsTarget' in project 'Firebase'
        ➜ Explicit dependency on target 'Firebase' in project 'Firebase'
        ➜ Explicit dependency on target 'FirebaseCoreInternal' in project 'Firebase'
        ➜ Explicit dependency on target 'FirebaseCore' in project 'Firebase'
        ➜ Explicit dependency on target 'FirebaseInstallations' in project 'Firebase'
        ➜ Explicit dependency on target 'FirebaseAnalyticsWrapper' in project 'Firebase'
        ➜ Explicit dependency on target 'GULNSData' in project 'GoogleUtilities'
        ➜ Explicit dependency on target 'GULEnvironment' in project 'GoogleUtilities'
        ➜ Explicit dependency on target 'GULLogger' in project 'GoogleUtilities'
        ➜ Explicit dependency on target 'FBLPromises' in project 'Promises'
        ➜ Explicit dependency on target 'GULUserDefaults' in project 'GoogleUtilities'
        ➜ Explicit dependency on target 'GoogleAppMeasurement' in project 'GoogleAppMeasurement'
        ➜ Explicit dependency on target 'GULAppDelegateSwizzler' in project 'GoogleUtilities'
        ➜ Explicit dependency on target 'GULMethodSwizzler' in project 'GoogleUtilities'
        ➜ Explicit dependency on target 'GULNetwork' in project 'GoogleUtilities'
        ➜ Explicit dependency on target 'nanopb' in project 'nanopb'
    Target 'FirebaseAnalyticsTarget' in project 'Firebase'
        ➜ Explicit dependency on target 'Firebase' in project 'Firebase'
        ➜ Explicit dependency on target 'FirebaseCoreInternal' in project 'Firebase'
        ➜ Explicit dependency on target 'FirebaseCore' in project 'Firebase'
        ➜ Explicit dependency on target 'FirebaseInstallations' in project 'Firebase'
        ➜ Explicit dependency on target 'FirebaseAnalyticsWrapper' in project 'Firebase'
        ➜ Explicit dependency on target 'GULNSData' in project 'GoogleUtilities'
        ➜ Explicit dependency on target 'GULEnvironment' in project 'GoogleUtilities'
        ➜ Explicit dependency on target 'GULLogger' in project 'GoogleUtilities'
        ➜ Explicit dependency on target 'FBLPromises' in project 'Promises'
        ➜ Explicit dependency on target 'GULUserDefaults' in project 'GoogleUtilities'
        ➜ Explicit dependency on target 'GoogleAppMeasurement' in project 'GoogleAppMeasurement'
        ➜ Explicit dependency on target 'GULAppDelegateSwizzler' in project 'GoogleUtilities'
        ➜ Explicit dependency on target 'GULMethodSwizzler' in project 'GoogleUtilities'
        ➜ Explicit dependency on target 'GULNetwork' in project 'GoogleUtilities'
        ➜ Explicit dependency on target 'nanopb' in project 'nanopb'
    Target 'FirebaseAnalyticsWrapper' in project 'Firebase'
        ➜ Explicit dependency on target 'Firebase' in project 'Firebase'
        ➜ Explicit dependency on target 'FirebaseCoreInternal' in project 'Firebase'
        ➜ Explicit dependency on target 'FirebaseCore' in project 'Firebase'
        ➜ Explicit dependency on target 'FirebaseInstallations' in project 'Firebase'
        ➜ Explicit dependency on target 'GULNSData' in project 'GoogleUtilities'
        ➜ Explicit dependency on target 'GULEnvironment' in project 'GoogleUtilities'
        ➜ Explicit dependency on target 'GULLogger' in project 'GoogleUtilities'
        ➜ Explicit dependency on target 'FBLPromises' in project 'Promises'
        ➜ Explicit dependency on target 'GULUserDefaults' in project 'GoogleUtilities'
        ➜ Explicit dependency on target 'GoogleAppMeasurement' in project 'GoogleAppMeasurement'
        ➜ Explicit dependency on target 'GULAppDelegateSwizzler' in project 'GoogleUtilities'
        ➜ Explicit dependency on target 'GULMethodSwizzler' in project 'GoogleUtilities'
        ➜ Explicit dependency on target 'GULNetwork' in project 'GoogleUtilities'
        ➜ Explicit dependency on target 'nanopb' in project 'nanopb'
    Target 'GoogleAppMeasurement' in project 'GoogleAppMeasurement'
        ➜ Explicit dependency on target 'GoogleAppMeasurementTarget' in project 'GoogleAppMeasurement'
        ➜ Explicit dependency on target 'GULAppDelegateSwizzler' in project 'GoogleUtilities'
        ➜ Explicit dependency on target 'GULMethodSwizzler' in project 'GoogleUtilities'
        ➜ Explicit dependency on target 'GULNSData' in project 'GoogleUtilities'
        ➜ Explicit dependency on target 'GULNetwork' in project 'GoogleUtilities'
        ➜ Explicit dependency on target 'nanopb' in project 'nanopb'
    Target 'GoogleAppMeasurementTarget' in project 'GoogleAppMeasurement'
        ➜ Explicit dependency on target 'GULAppDelegateSwizzler' in project 'GoogleUtilities'
        ➜ Explicit dependency on target 'GULMethodSwizzler' in project 'GoogleUtilities'
        ➜ Explicit dependency on target 'GULNSData' in project 'GoogleUtilities'
        ➜ Explicit dependency on target 'GULNetwork' in project 'GoogleUtilities'
        ➜ Explicit dependency on target 'nanopb' in project 'nanopb'
    Target 'GULNetwork' in project 'GoogleUtilities'
        ➜ Explicit dependency on target 'GoogleUtilities-Network' in project 'GoogleUtilities'
        ➜ Explicit dependency on target 'GoogleUtilities_GoogleUtilities-Network' in project 'GoogleUtilities'
        ➜ Explicit dependency on target 'third-party-IsAppEncrypted' in project 'GoogleUtilities'
        ➜ Explicit dependency on target 'GoogleUtilities-Environment' in project 'GoogleUtilities'
        ➜ Explicit dependency on target 'GoogleUtilities-Logger' in project 'GoogleUtilities'
        ➜ Explicit dependency on target 'GoogleUtilities-NSData' in project 'GoogleUtilities'
        ➜ Explicit dependency on target 'GoogleUtilities-Reachability' in project 'GoogleUtilities'
        ➜ Explicit dependency on target 'FBLPromises' in project 'Promises'
    Target 'GULMethodSwizzler' in project 'GoogleUtilities'
        ➜ Explicit dependency on target 'GoogleUtilities-MethodSwizzler' in project 'GoogleUtilities'
        ➜ Explicit dependency on target 'GoogleUtilities_GoogleUtilities-MethodSwizzler' in project 'GoogleUtilities'
        ➜ Explicit dependency on target 'third-party-IsAppEncrypted' in project 'GoogleUtilities'
        ➜ Explicit dependency on target 'GoogleUtilities-Environment' in project 'GoogleUtilities'
        ➜ Explicit dependency on target 'GoogleUtilities-Logger' in project 'GoogleUtilities'
        ➜ Explicit dependency on target 'FBLPromises' in project 'Promises'
    Target 'GoogleUtilities-MethodSwizzler' in project 'GoogleUtilities'
        ➜ Explicit dependency on target 'GoogleUtilities_GoogleUtilities-MethodSwizzler' in project 'GoogleUtilities'
        ➜ Explicit dependency on target 'third-party-IsAppEncrypted' in project 'GoogleUtilities'
        ➜ Explicit dependency on target 'GoogleUtilities-Environment' in project 'GoogleUtilities'
        ➜ Explicit dependency on target 'GoogleUtilities-Logger' in project 'GoogleUtilities'
        ➜ Explicit dependency on target 'FBLPromises' in project 'Promises'
    Target 'GoogleUtilities_GoogleUtilities-MethodSwizzler' in project 'GoogleUtilities' (no dependencies)
    Target 'FirebaseInstallations' in project 'Firebase'
        ➜ Explicit dependency on target 'Firebase' in project 'Firebase'
        ➜ Explicit dependency on target 'FirebaseCoreInternal' in project 'Firebase'
        ➜ Explicit dependency on target 'FirebaseCore' in project 'Firebase'
        ➜ Explicit dependency on target 'GULNSData' in project 'GoogleUtilities'
        ➜ Explicit dependency on target 'GULEnvironment' in project 'GoogleUtilities'
        ➜ Explicit dependency on target 'GULLogger' in project 'GoogleUtilities'
        ➜ Explicit dependency on target 'FBLPromises' in project 'Promises'
        ➜ Explicit dependency on target 'GULUserDefaults' in project 'GoogleUtilities'
    Target 'GULUserDefaults' in project 'GoogleUtilities'
        ➜ Explicit dependency on target 'GoogleUtilities-UserDefaults' in project 'GoogleUtilities'
        ➜ Explicit dependency on target 'GoogleUtilities_GoogleUtilities-UserDefaults' in project 'GoogleUtilities'
        ➜ Explicit dependency on target 'third-party-IsAppEncrypted' in project 'GoogleUtilities'
        ➜ Explicit dependency on target 'GoogleUtilities-Environment' in project 'GoogleUtilities'
        ➜ Explicit dependency on target 'GoogleUtilities-Logger' in project 'GoogleUtilities'
        ➜ Explicit dependency on target 'FBLPromises' in project 'Promises'
    Target 'GoogleUtilities-UserDefaults' in project 'GoogleUtilities'
        ➜ Explicit dependency on target 'GoogleUtilities_GoogleUtilities-UserDefaults' in project 'GoogleUtilities'
        ➜ Explicit dependency on target 'third-party-IsAppEncrypted' in project 'GoogleUtilities'
        ➜ Explicit dependency on target 'GoogleUtilities-Environment' in project 'GoogleUtilities'
        ➜ Explicit dependency on target 'GoogleUtilities-Logger' in project 'GoogleUtilities'
        ➜ Explicit dependency on target 'FBLPromises' in project 'Promises'
    Target 'GoogleUtilities_GoogleUtilities-UserDefaults' in project 'GoogleUtilities' (no dependencies)
    Target 'FirebaseFunctions' in project 'Firebase'
        ➜ Explicit dependency on target 'FirebaseFunctions' in project 'Firebase'
        ➜ Explicit dependency on target 'FirebaseAppCheckInterop' in project 'Firebase'
        ➜ Explicit dependency on target 'FirebaseAuthInterop' in project 'Firebase'
        ➜ Explicit dependency on target 'Firebase' in project 'Firebase'
        ➜ Explicit dependency on target 'FirebaseCoreInternal' in project 'Firebase'
        ➜ Explicit dependency on target 'FirebaseCore' in project 'Firebase'
        ➜ Explicit dependency on target 'FirebaseCoreExtension' in project 'Firebase'
        ➜ Explicit dependency on target 'FirebaseMessagingInterop' in project 'Firebase'
        ➜ Explicit dependency on target 'FirebaseSharedSwift' in project 'Firebase'
        ➜ Explicit dependency on target 'GULNSData' in project 'GoogleUtilities'
        ➜ Explicit dependency on target 'GULEnvironment' in project 'GoogleUtilities'
        ➜ Explicit dependency on target 'GULLogger' in project 'GoogleUtilities'
        ➜ Explicit dependency on target 'GTMSessionFetcherCore' in project 'GTMSessionFetcher'
    Target 'FirebaseFunctions' in project 'Firebase'
        ➜ Explicit dependency on target 'FirebaseAppCheckInterop' in project 'Firebase'
        ➜ Explicit dependency on target 'FirebaseAuthInterop' in project 'Firebase'
        ➜ Explicit dependency on target 'Firebase' in project 'Firebase'
        ➜ Explicit dependency on target 'FirebaseCoreInternal' in project 'Firebase'
        ➜ Explicit dependency on target 'FirebaseCore' in project 'Firebase'
        ➜ Explicit dependency on target 'FirebaseCoreExtension' in project 'Firebase'
        ➜ Explicit dependency on target 'FirebaseMessagingInterop' in project 'Firebase'
        ➜ Explicit dependency on target 'FirebaseSharedSwift' in project 'Firebase'
        ➜ Explicit dependency on target 'GULNSData' in project 'GoogleUtilities'
        ➜ Explicit dependency on target 'GULEnvironment' in project 'GoogleUtilities'
        ➜ Explicit dependency on target 'GULLogger' in project 'GoogleUtilities'
        ➜ Explicit dependency on target 'GTMSessionFetcherCore' in project 'GTMSessionFetcher'
    Target 'FirebaseMessagingInterop' in project 'Firebase' (no dependencies)
    Target 'FirebaseStorage' in project 'Firebase'
        ➜ Explicit dependency on target 'FirebaseStorage' in project 'Firebase'
        ➜ Explicit dependency on target 'FirebaseAppCheckInterop' in project 'Firebase'
        ➜ Explicit dependency on target 'FirebaseAuthInterop' in project 'Firebase'
        ➜ Explicit dependency on target 'Firebase' in project 'Firebase'
        ➜ Explicit dependency on target 'FirebaseCoreInternal' in project 'Firebase'
        ➜ Explicit dependency on target 'FirebaseCore' in project 'Firebase'
        ➜ Explicit dependency on target 'FirebaseCoreExtension' in project 'Firebase'
        ➜ Explicit dependency on target 'GULNSData' in project 'GoogleUtilities'
        ➜ Explicit dependency on target 'GULEnvironment' in project 'GoogleUtilities'
        ➜ Explicit dependency on target 'GULLogger' in project 'GoogleUtilities'
        ➜ Explicit dependency on target 'GTMSessionFetcherCore' in project 'GTMSessionFetcher'
    Target 'FirebaseStorage' in project 'Firebase'
        ➜ Explicit dependency on target 'FirebaseAppCheckInterop' in project 'Firebase'
        ➜ Explicit dependency on target 'FirebaseAuthInterop' in project 'Firebase'
        ➜ Explicit dependency on target 'Firebase' in project 'Firebase'
        ➜ Explicit dependency on target 'FirebaseCoreInternal' in project 'Firebase'
        ➜ Explicit dependency on target 'FirebaseCore' in project 'Firebase'
        ➜ Explicit dependency on target 'FirebaseCoreExtension' in project 'Firebase'
        ➜ Explicit dependency on target 'GULNSData' in project 'GoogleUtilities'
        ➜ Explicit dependency on target 'GULEnvironment' in project 'GoogleUtilities'
        ➜ Explicit dependency on target 'GULLogger' in project 'GoogleUtilities'
        ➜ Explicit dependency on target 'GTMSessionFetcherCore' in project 'GTMSessionFetcher'
    Target 'FirebaseAuthInterop' in project 'Firebase' (no dependencies)
    Target 'FirebaseFirestore' in project 'Firebase'
        ➜ Explicit dependency on target 'FirebaseFirestoreTarget' in project 'Firebase'
        ➜ Explicit dependency on target 'FirebaseFirestoreInternalWrapper' in project 'Firebase'
        ➜ Explicit dependency on target 'FirebaseAppCheckInterop' in project 'Firebase'
        ➜ Explicit dependency on target 'Firebase' in project 'Firebase'
        ➜ Explicit dependency on target 'FirebaseCoreInternal' in project 'Firebase'
        ➜ Explicit dependency on target 'FirebaseCore' in project 'Firebase'
        ➜ Explicit dependency on target 'FirebaseCoreExtension' in project 'Firebase'
        ➜ Explicit dependency on target 'FirebaseSharedSwift' in project 'Firebase'
        ➜ Explicit dependency on target 'FirebaseFirestore' in project 'Firebase'
        ➜ Explicit dependency on target 'GULNSData' in project 'GoogleUtilities'
        ➜ Explicit dependency on target 'GULEnvironment' in project 'GoogleUtilities'
        ➜ Explicit dependency on target 'GULLogger' in project 'GoogleUtilities'
        ➜ Explicit dependency on target 'abseil' in project 'abseil'
        ➜ Explicit dependency on target 'gRPC-C++' in project 'gRPC'
        ➜ Explicit dependency on target 'nanopb' in project 'nanopb'
        ➜ Explicit dependency on target 'leveldb' in project 'leveldb'
    Target 'FirebaseFirestoreTarget' in project 'Firebase'
        ➜ Explicit dependency on target 'FirebaseFirestoreInternalWrapper' in project 'Firebase'
        ➜ Explicit dependency on target 'FirebaseAppCheckInterop' in project 'Firebase'
        ➜ Explicit dependency on target 'Firebase' in project 'Firebase'
        ➜ Explicit dependency on target 'FirebaseCoreInternal' in project 'Firebase'
        ➜ Explicit dependency on target 'FirebaseCore' in project 'Firebase'
        ➜ Explicit dependency on target 'FirebaseCoreExtension' in project 'Firebase'
        ➜ Explicit dependency on target 'FirebaseSharedSwift' in project 'Firebase'
        ➜ Explicit dependency on target 'FirebaseFirestore' in project 'Firebase'
        ➜ Explicit dependency on target 'GULNSData' in project 'GoogleUtilities'
        ➜ Explicit dependency on target 'GULEnvironment' in project 'GoogleUtilities'
        ➜ Explicit dependency on target 'GULLogger' in project 'GoogleUtilities'
        ➜ Explicit dependency on target 'abseil' in project 'abseil'
        ➜ Explicit dependency on target 'gRPC-C++' in project 'gRPC'
        ➜ Explicit dependency on target 'nanopb' in project 'nanopb'
        ➜ Explicit dependency on target 'leveldb' in project 'leveldb'
    Target 'FirebaseFirestore' in project 'Firebase'
        ➜ Explicit dependency on target 'FirebaseFirestoreInternalWrapper' in project 'Firebase'
        ➜ Explicit dependency on target 'FirebaseAppCheckInterop' in project 'Firebase'
        ➜ Explicit dependency on target 'Firebase' in project 'Firebase'
        ➜ Explicit dependency on target 'FirebaseCoreInternal' in project 'Firebase'
        ➜ Explicit dependency on target 'FirebaseCore' in project 'Firebase'
        ➜ Explicit dependency on target 'FirebaseCoreExtension' in project 'Firebase'
        ➜ Explicit dependency on target 'FirebaseSharedSwift' in project 'Firebase'
        ➜ Explicit dependency on target 'GULNSData' in project 'GoogleUtilities'
        ➜ Explicit dependency on target 'GULEnvironment' in project 'GoogleUtilities'
        ➜ Explicit dependency on target 'GULLogger' in project 'GoogleUtilities'
        ➜ Explicit dependency on target 'abseil' in project 'abseil'
        ➜ Explicit dependency on target 'gRPC-C++' in project 'gRPC'
        ➜ Explicit dependency on target 'nanopb' in project 'nanopb'
        ➜ Explicit dependency on target 'leveldb' in project 'leveldb'
    Target 'leveldb' in project 'leveldb'
        ➜ Explicit dependency on target 'leveldb' in project 'leveldb'
        ➜ Explicit dependency on target 'leveldb_leveldb' in project 'leveldb'
    Target 'leveldb' in project 'leveldb'
        ➜ Explicit dependency on target 'leveldb_leveldb' in project 'leveldb'
    Target 'leveldb_leveldb' in project 'leveldb' (no dependencies)
    Target 'nanopb' in project 'nanopb'
        ➜ Explicit dependency on target 'nanopb' in project 'nanopb'
    Target 'nanopb' in project 'nanopb' (no dependencies)
    Target 'gRPC-C++' in project 'gRPC'
        ➜ Explicit dependency on target 'grpcppWrapper' in project 'gRPC'
        ➜ Explicit dependency on target 'gRPC_grpcppWrapper' in project 'gRPC'
        ➜ Explicit dependency on target 'grpcWrapper' in project 'gRPC'
        ➜ Explicit dependency on target 'opensslWrapper' in project 'gRPC'
        ➜ Explicit dependency on target 'abseil' in project 'abseil'
    Target 'grpcppWrapper' in project 'gRPC'
        ➜ Explicit dependency on target 'gRPC_grpcppWrapper' in project 'gRPC'
        ➜ Explicit dependency on target 'grpcWrapper' in project 'gRPC'
        ➜ Explicit dependency on target 'opensslWrapper' in project 'gRPC'
        ➜ Explicit dependency on target 'abseil' in project 'abseil'
    Target 'opensslWrapper' in project 'gRPC'
        ➜ Explicit dependency on target 'gRPC_opensslWrapper' in project 'gRPC'
    Target 'gRPC_opensslWrapper' in project 'gRPC' (no dependencies)
    Target 'grpcWrapper' in project 'gRPC'
        ➜ Explicit dependency on target 'gRPC_grpcWrapper' in project 'gRPC'
    Target 'gRPC_grpcWrapper' in project 'gRPC' (no dependencies)
    Target 'gRPC_grpcppWrapper' in project 'gRPC' (no dependencies)
    Target 'abseil' in project 'abseil'
        ➜ Explicit dependency on target 'abslWrapper' in project 'abseil'
        ➜ Explicit dependency on target 'abseil_abslWrapper' in project 'abseil'
    Target 'abslWrapper' in project 'abseil'
        ➜ Explicit dependency on target 'abseil_abslWrapper' in project 'abseil'
    Target 'abseil_abslWrapper' in project 'abseil' (no dependencies)
    Target 'FirebaseSharedSwift' in project 'Firebase' (no dependencies)
    Target 'FirebaseCoreExtension' in project 'Firebase' (no dependencies)
    Target 'FirebaseFirestoreInternalWrapper' in project 'Firebase' (no dependencies)
    Target 'FirebaseAuth' in project 'Firebase'
        ➜ Explicit dependency on target 'FirebaseAuth' in project 'Firebase'
        ➜ Explicit dependency on target 'FirebaseAppCheckInterop' in project 'Firebase'
        ➜ Explicit dependency on target 'Firebase' in project 'Firebase'
        ➜ Explicit dependency on target 'FirebaseCoreInternal' in project 'Firebase'
        ➜ Explicit dependency on target 'FirebaseCore' in project 'Firebase'
        ➜ Explicit dependency on target 'GULNSData' in project 'GoogleUtilities'
        ➜ Explicit dependency on target 'GULEnvironment' in project 'GoogleUtilities'
        ➜ Explicit dependency on target 'GULLogger' in project 'GoogleUtilities'
        ➜ Explicit dependency on target 'GULAppDelegateSwizzler' in project 'GoogleUtilities'
        ➜ Explicit dependency on target 'GTMSessionFetcherCore' in project 'GTMSessionFetcher'
        ➜ Explicit dependency on target 'RecaptchaInterop' in project 'InteropForGoogle'
    Target 'FirebaseAuth' in project 'Firebase'
        ➜ Explicit dependency on target 'FirebaseAppCheckInterop' in project 'Firebase'
        ➜ Explicit dependency on target 'Firebase' in project 'Firebase'
        ➜ Explicit dependency on target 'FirebaseCoreInternal' in project 'Firebase'
        ➜ Explicit dependency on target 'FirebaseCore' in project 'Firebase'
        ➜ Explicit dependency on target 'GULNSData' in project 'GoogleUtilities'
        ➜ Explicit dependency on target 'GULEnvironment' in project 'GoogleUtilities'
        ➜ Explicit dependency on target 'GULLogger' in project 'GoogleUtilities'
        ➜ Explicit dependency on target 'GULAppDelegateSwizzler' in project 'GoogleUtilities'
        ➜ Explicit dependency on target 'GTMSessionFetcherCore' in project 'GTMSessionFetcher'
        ➜ Explicit dependency on target 'RecaptchaInterop' in project 'InteropForGoogle'
    Target 'RecaptchaInterop' in project 'InteropForGoogle'
        ➜ Explicit dependency on target 'RecaptchaInterop' in project 'InteropForGoogle'
    Target 'RecaptchaInterop' in project 'InteropForGoogle' (no dependencies)
    Target 'GTMSessionFetcherCore' in project 'GTMSessionFetcher'
        ➜ Explicit dependency on target 'GTMSessionFetcherCore' in project 'GTMSessionFetcher'
        ➜ Explicit dependency on target 'GTMSessionFetcher_GTMSessionFetcherCore' in project 'GTMSessionFetcher'
    Target 'GTMSessionFetcherCore' in project 'GTMSessionFetcher'
        ➜ Explicit dependency on target 'GTMSessionFetcher_GTMSessionFetcherCore' in project 'GTMSessionFetcher'
    Target 'GTMSessionFetcher_GTMSessionFetcherCore' in project 'GTMSessionFetcher' (no dependencies)
    Target 'GULAppDelegateSwizzler' in project 'GoogleUtilities'
        ➜ Explicit dependency on target 'GoogleUtilities-AppDelegateSwizzler' in project 'GoogleUtilities'
        ➜ Explicit dependency on target 'GoogleUtilities_GoogleUtilities-AppDelegateSwizzler' in project 'GoogleUtilities'
        ➜ Explicit dependency on target 'third-party-IsAppEncrypted' in project 'GoogleUtilities'
        ➜ Explicit dependency on target 'GoogleUtilities-Environment' in project 'GoogleUtilities'
        ➜ Explicit dependency on target 'GoogleUtilities-Logger' in project 'GoogleUtilities'
        ➜ Explicit dependency on target 'GoogleUtilities-NSData' in project 'GoogleUtilities'
        ➜ Explicit dependency on target 'GoogleUtilities-Reachability' in project 'GoogleUtilities'
        ➜ Explicit dependency on target 'GoogleUtilities-Network' in project 'GoogleUtilities'
        ➜ Explicit dependency on target 'FBLPromises' in project 'Promises'
    Target 'GoogleUtilities-AppDelegateSwizzler' in project 'GoogleUtilities'
        ➜ Explicit dependency on target 'GoogleUtilities_GoogleUtilities-AppDelegateSwizzler' in project 'GoogleUtilities'
        ➜ Explicit dependency on target 'third-party-IsAppEncrypted' in project 'GoogleUtilities'
        ➜ Explicit dependency on target 'GoogleUtilities-Environment' in project 'GoogleUtilities'
        ➜ Explicit dependency on target 'GoogleUtilities-Logger' in project 'GoogleUtilities'
        ➜ Explicit dependency on target 'GoogleUtilities-NSData' in project 'GoogleUtilities'
        ➜ Explicit dependency on target 'GoogleUtilities-Reachability' in project 'GoogleUtilities'
        ➜ Explicit dependency on target 'GoogleUtilities-Network' in project 'GoogleUtilities'
        ➜ Explicit dependency on target 'FBLPromises' in project 'Promises'
    Target 'GoogleUtilities-Network' in project 'GoogleUtilities'
        ➜ Explicit dependency on target 'GoogleUtilities_GoogleUtilities-Network' in project 'GoogleUtilities'
        ➜ Explicit dependency on target 'third-party-IsAppEncrypted' in project 'GoogleUtilities'
        ➜ Explicit dependency on target 'GoogleUtilities-Environment' in project 'GoogleUtilities'
        ➜ Explicit dependency on target 'GoogleUtilities-Logger' in project 'GoogleUtilities'
        ➜ Explicit dependency on target 'GoogleUtilities-NSData' in project 'GoogleUtilities'
        ➜ Explicit dependency on target 'GoogleUtilities-Reachability' in project 'GoogleUtilities'
        ➜ Explicit dependency on target 'FBLPromises' in project 'Promises'
    Target 'GoogleUtilities_GoogleUtilities-Network' in project 'GoogleUtilities' (no dependencies)
    Target 'GoogleUtilities-Reachability' in project 'GoogleUtilities'
        ➜ Explicit dependency on target 'GoogleUtilities_GoogleUtilities-Reachability' in project 'GoogleUtilities'
        ➜ Explicit dependency on target 'third-party-IsAppEncrypted' in project 'GoogleUtilities'
        ➜ Explicit dependency on target 'GoogleUtilities-Environment' in project 'GoogleUtilities'
        ➜ Explicit dependency on target 'GoogleUtilities-Logger' in project 'GoogleUtilities'
        ➜ Explicit dependency on target 'FBLPromises' in project 'Promises'
    Target 'GoogleUtilities_GoogleUtilities-Reachability' in project 'GoogleUtilities' (no dependencies)
    Target 'GoogleUtilities_GoogleUtilities-AppDelegateSwizzler' in project 'GoogleUtilities' (no dependencies)
    Target 'FirebaseCore' in project 'Firebase'
        ➜ Explicit dependency on target 'Firebase' in project 'Firebase'
        ➜ Explicit dependency on target 'FirebaseCoreInternal' in project 'Firebase'
        ➜ Explicit dependency on target 'GULNSData' in project 'GoogleUtilities'
        ➜ Explicit dependency on target 'GULEnvironment' in project 'GoogleUtilities'
        ➜ Explicit dependency on target 'GULLogger' in project 'GoogleUtilities'
    Target 'GULLogger' in project 'GoogleUtilities'
        ➜ Explicit dependency on target 'GoogleUtilities-Logger' in project 'GoogleUtilities'
        ➜ Explicit dependency on target 'GoogleUtilities_GoogleUtilities-Logger' in project 'GoogleUtilities'
        ➜ Explicit dependency on target 'third-party-IsAppEncrypted' in project 'GoogleUtilities'
        ➜ Explicit dependency on target 'GoogleUtilities-Environment' in project 'GoogleUtilities'
        ➜ Explicit dependency on target 'FBLPromises' in project 'Promises'
    Target 'GoogleUtilities-Logger' in project 'GoogleUtilities'
        ➜ Explicit dependency on target 'GoogleUtilities_GoogleUtilities-Logger' in project 'GoogleUtilities'
        ➜ Explicit dependency on target 'third-party-IsAppEncrypted' in project 'GoogleUtilities'
        ➜ Explicit dependency on target 'GoogleUtilities-Environment' in project 'GoogleUtilities'
        ➜ Explicit dependency on target 'FBLPromises' in project 'Promises'
    Target 'GoogleUtilities_GoogleUtilities-Logger' in project 'GoogleUtilities' (no dependencies)
    Target 'GULEnvironment' in project 'GoogleUtilities'
        ➜ Explicit dependency on target 'GoogleUtilities-Environment' in project 'GoogleUtilities'
        ➜ Explicit dependency on target 'GoogleUtilities_GoogleUtilities-Environment' in project 'GoogleUtilities'
        ➜ Explicit dependency on target 'third-party-IsAppEncrypted' in project 'GoogleUtilities'
        ➜ Explicit dependency on target 'FBLPromises' in project 'Promises'
    Target 'GoogleUtilities-Environment' in project 'GoogleUtilities'
        ➜ Explicit dependency on target 'GoogleUtilities_GoogleUtilities-Environment' in project 'GoogleUtilities'
        ➜ Explicit dependency on target 'third-party-IsAppEncrypted' in project 'GoogleUtilities'
        ➜ Explicit dependency on target 'FBLPromises' in project 'Promises'
    Target 'FBLPromises' in project 'Promises'
        ➜ Explicit dependency on target 'FBLPromises' in project 'Promises'
        ➜ Explicit dependency on target 'Promises_FBLPromises' in project 'Promises'
    Target 'FBLPromises' in project 'Promises'
        ➜ Explicit dependency on target 'Promises_FBLPromises' in project 'Promises'
    Target 'Promises_FBLPromises' in project 'Promises' (no dependencies)
    Target 'third-party-IsAppEncrypted' in project 'GoogleUtilities' (no dependencies)
    Target 'GoogleUtilities_GoogleUtilities-Environment' in project 'GoogleUtilities' (no dependencies)
    Target 'FirebaseCoreInternal' in project 'Firebase'
        ➜ Explicit dependency on target 'GULNSData' in project 'GoogleUtilities'
    Target 'GULNSData' in project 'GoogleUtilities'
        ➜ Explicit dependency on target 'GoogleUtilities-NSData' in project 'GoogleUtilities'
        ➜ Explicit dependency on target 'GoogleUtilities_GoogleUtilities-NSData' in project 'GoogleUtilities'
    Target 'GoogleUtilities-NSData' in project 'GoogleUtilities'
        ➜ Explicit dependency on target 'GoogleUtilities_GoogleUtilities-NSData' in project 'GoogleUtilities'
    Target 'GoogleUtilities_GoogleUtilities-NSData' in project 'GoogleUtilities' (no dependencies)
    Target 'Firebase' in project 'Firebase' (no dependencies)
    Target 'FirebaseAppCheckInterop' in project 'Firebase' (no dependencies)

GatherProvisioningInputs

CreateBuildDescription

ExecuteExternalTool /Applications/Xcode.app/Contents/Developer/Toolchains/XcodeDefault.xctoolchain/usr/bin/clang -v -E -dM -arch x86_64 -isysroot /Applications/Xcode.app/Contents/Developer/Platforms/iPhoneSimulator.platform/Developer/SDKs/iPhoneSimulator26.0.sdk -x objective-c -c /dev/null

ExecuteExternalTool /Applications/Xcode.app/Contents/Developer/Toolchains/XcodeDefault.xctoolchain/usr/bin/swiftc --version

ExecuteExternalTool /Applications/Xcode.app/Contents/Developer/Toolchains/XcodeDefault.xctoolchain/usr/bin/clang -v -E -dM -isysroot /Applications/Xcode.app/Contents/Developer/Platforms/iPhoneSimulator.platform/Developer/SDKs/iPhoneSimulator26.0.sdk -x c -c /dev/null

ExecuteExternalTool /Applications/Xcode.app/Contents/Developer/Toolchains/XcodeDefault.xctoolchain/usr/bin/clang -v -E -dM -arch x86_64 -isysroot /Applications/Xcode.app/Contents/Developer/Platforms/iPhoneSimulator.platform/Developer/SDKs/iPhoneSimulator26.0.sdk -x c -c /dev/null

ExecuteExternalTool /Applications/Xcode.app/Contents/Developer/Toolchains/XcodeDefault.xctoolchain/usr/bin/clang -v -E -dM -arch x86_64 -isysroot /Applications/Xcode.app/Contents/Developer/Platforms/iPhoneSimulator.platform/Developer/SDKs/iPhoneSimulator26.0.sdk -x objective-c++ -c /dev/null

ExecuteExternalTool /Applications/Xcode.app/Contents/Developer/usr/bin/actool --print-asset-tag-combinations --output-format xml1 /Users/yan/gauntlet/messageAI/MessageAI/MessageAI/Resources/Assets.xcassets

ExecuteExternalTool /Applications/Xcode.app/Contents/Developer/Toolchains/XcodeDefault.xctoolchain/usr/bin/ld -version_details

ExecuteExternalTool /Applications/Xcode.app/Contents/Developer/Toolchains/XcodeDefault.xctoolchain/usr/bin/clang -v -E -dM -arch x86_64 -isysroot /Applications/Xcode.app/Contents/Developer/Platforms/iPhoneSimulator.platform/Developer/SDKs/iPhoneSimulator26.0.sdk -x c++ -c /dev/null

ExecuteExternalTool /Applications/Xcode.app/Contents/Developer/usr/bin/actool --version --output-format xml1

ReadFileContents /Applications/Xcode.app/Contents/Developer/Toolchains/XcodeDefault.xctoolchain/usr/share/docc/features.json

Build description signature: 1b2bd6f8a328b657b0fd91bbebfcb66a
Build description path: /Users/yan/Library/Developer/Xcode/DerivedData/MessageAI-fcqihoeipcbwpdgutsuclsargbwg/Build/Intermediates.noindex/XCBuildData/1b2bd6f8a328b657b0fd91bbebfcb66a.xcbuilddata
ClangStatCache /Applications/Xcode.app/Contents/Developer/Toolchains/XcodeDefault.xctoolchain/usr/bin/clang-stat-cache /Applications/Xcode.app/Contents/Developer/Platforms/iPhoneSimulator.platform/Developer/SDKs/iPhoneSimulator26.0.sdk /Users/yan/Library/Developer/Xcode/DerivedData/SDKStatCaches.noindex/iphonesimulator26.0-23A339-26257891a6c027eb51374368541b8346.sdkstatcache
    cd /Users/yan/gauntlet/messageAI/MessageAI.xcodeproj
    /Applications/Xcode.app/Contents/Developer/Toolchains/XcodeDefault.xctoolchain/usr/bin/clang-stat-cache /Applications/Xcode.app/Contents/Developer/Platforms/iPhoneSimulator.platform/Developer/SDKs/iPhoneSimulator26.0.sdk -o /Users/yan/Library/Developer/Xcode/DerivedData/SDKStatCaches.noindex/iphonesimulator26.0-23A339-26257891a6c027eb51374368541b8346.sdkstatcache

ProcessInfoPlistFile /Users/yan/Library/Developer/Xcode/DerivedData/MessageAI-fcqihoeipcbwpdgutsuclsargbwg/Build/Products/Debug-iphonesimulator/leveldb_leveldb.bundle/Info.plist /Users/yan/Library/Developer/Xcode/DerivedData/MessageAI-fcqihoeipcbwpdgutsuclsargbwg/Build/Intermediates.noindex/leveldb.build/Debug-iphonesimulator/leveldb_leveldb.build/empty-leveldb_leveldb.plist (in target 'leveldb_leveldb' from project 'leveldb')
    cd /Users/yan/Library/Developer/Xcode/DerivedData/MessageAI-fcqihoeipcbwpdgutsuclsargbwg/SourcePackages/checkouts/leveldb
    builtin-infoPlistUtility /Users/yan/Library/Developer/Xcode/DerivedData/MessageAI-fcqihoeipcbwpdgutsuclsargbwg/Build/Intermediates.noindex/leveldb.build/Debug-iphonesimulator/leveldb_leveldb.build/empty-leveldb_leveldb.plist -producttype com.apple.product-type.bundle -expandbuildsettings -format binary -platform iphonesimulator -o /Users/yan/Library/Developer/Xcode/DerivedData/MessageAI-fcqihoeipcbwpdgutsuclsargbwg/Build/Products/Debug-iphonesimulator/leveldb_leveldb.bundle/Info.plist

ProcessInfoPlistFile /Users/yan/Library/Developer/Xcode/DerivedData/MessageAI-fcqihoeipcbwpdgutsuclsargbwg/Build/Products/Debug-iphonesimulator/gRPC_opensslWrapper.bundle/Info.plist /Users/yan/Library/Developer/Xcode/DerivedData/MessageAI-fcqihoeipcbwpdgutsuclsargbwg/Build/Intermediates.noindex/gRPC.build/Debug-iphonesimulator/gRPC_opensslWrapper.build/empty-gRPC_opensslWrapper.plist (in target 'gRPC_opensslWrapper' from project 'gRPC')
    cd /Users/yan/Library/Developer/Xcode/DerivedData/MessageAI-fcqihoeipcbwpdgutsuclsargbwg/SourcePackages/checkouts/grpc-binary
    builtin-infoPlistUtility /Users/yan/Library/Developer/Xcode/DerivedData/MessageAI-fcqihoeipcbwpdgutsuclsargbwg/Build/Intermediates.noindex/gRPC.build/Debug-iphonesimulator/gRPC_opensslWrapper.build/empty-gRPC_opensslWrapper.plist -producttype com.apple.product-type.bundle -expandbuildsettings -format binary -platform iphonesimulator -o /Users/yan/Library/Developer/Xcode/DerivedData/MessageAI-fcqihoeipcbwpdgutsuclsargbwg/Build/Products/Debug-iphonesimulator/gRPC_opensslWrapper.bundle/Info.plist

ProcessInfoPlistFile /Users/yan/Library/Developer/Xcode/DerivedData/MessageAI-fcqihoeipcbwpdgutsuclsargbwg/Build/Products/Debug-iphonesimulator/gRPC_grpcppWrapper.bundle/Info.plist /Users/yan/Library/Developer/Xcode/DerivedData/MessageAI-fcqihoeipcbwpdgutsuclsargbwg/Build/Intermediates.noindex/gRPC.build/Debug-iphonesimulator/gRPC_grpcppWrapper.build/empty-gRPC_grpcppWrapper.plist (in target 'gRPC_grpcppWrapper' from project 'gRPC')
    cd /Users/yan/Library/Developer/Xcode/DerivedData/MessageAI-fcqihoeipcbwpdgutsuclsargbwg/SourcePackages/checkouts/grpc-binary
    builtin-infoPlistUtility /Users/yan/Library/Developer/Xcode/DerivedData/MessageAI-fcqihoeipcbwpdgutsuclsargbwg/Build/Intermediates.noindex/gRPC.build/Debug-iphonesimulator/gRPC_grpcppWrapper.build/empty-gRPC_grpcppWrapper.plist -producttype com.apple.product-type.bundle -expandbuildsettings -format binary -platform iphonesimulator -o /Users/yan/Library/Developer/Xcode/DerivedData/MessageAI-fcqihoeipcbwpdgutsuclsargbwg/Build/Products/Debug-iphonesimulator/gRPC_grpcppWrapper.bundle/Info.plist

ProcessInfoPlistFile /Users/yan/Library/Developer/Xcode/DerivedData/MessageAI-fcqihoeipcbwpdgutsuclsargbwg/Build/Products/Debug-iphonesimulator/gRPC_grpcWrapper.bundle/Info.plist /Users/yan/Library/Developer/Xcode/DerivedData/MessageAI-fcqihoeipcbwpdgutsuclsargbwg/Build/Intermediates.noindex/gRPC.build/Debug-iphonesimulator/gRPC_grpcWrapper.build/empty-gRPC_grpcWrapper.plist (in target 'gRPC_grpcWrapper' from project 'gRPC')
    cd /Users/yan/Library/Developer/Xcode/DerivedData/MessageAI-fcqihoeipcbwpdgutsuclsargbwg/SourcePackages/checkouts/grpc-binary
    builtin-infoPlistUtility /Users/yan/Library/Developer/Xcode/DerivedData/MessageAI-fcqihoeipcbwpdgutsuclsargbwg/Build/Intermediates.noindex/gRPC.build/Debug-iphonesimulator/gRPC_grpcWrapper.build/empty-gRPC_grpcWrapper.plist -producttype com.apple.product-type.bundle -expandbuildsettings -format binary -platform iphonesimulator -o /Users/yan/Library/Developer/Xcode/DerivedData/MessageAI-fcqihoeipcbwpdgutsuclsargbwg/Build/Products/Debug-iphonesimulator/gRPC_grpcWrapper.bundle/Info.plist

ProcessInfoPlistFile /Users/yan/Library/Developer/Xcode/DerivedData/MessageAI-fcqihoeipcbwpdgutsuclsargbwg/Build/Products/Debug-iphonesimulator/Promises_FBLPromises.bundle/Info.plist /Users/yan/Library/Developer/Xcode/DerivedData/MessageAI-fcqihoeipcbwpdgutsuclsargbwg/Build/Intermediates.noindex/Promises.build/Debug-iphonesimulator/Promises_FBLPromises.build/empty-Promises_FBLPromises.plist (in target 'Promises_FBLPromises' from project 'Promises')
    cd /Users/yan/Library/Developer/Xcode/DerivedData/MessageAI-fcqihoeipcbwpdgutsuclsargbwg/SourcePackages/checkouts/promises
    builtin-infoPlistUtility /Users/yan/Library/Developer/Xcode/DerivedData/MessageAI-fcqihoeipcbwpdgutsuclsargbwg/Build/Intermediates.noindex/Promises.build/Debug-iphonesimulator/Promises_FBLPromises.build/empty-Promises_FBLPromises.plist -producttype com.apple.product-type.bundle -expandbuildsettings -format binary -platform iphonesimulator -o /Users/yan/Library/Developer/Xcode/DerivedData/MessageAI-fcqihoeipcbwpdgutsuclsargbwg/Build/Products/Debug-iphonesimulator/Promises_FBLPromises.bundle/Info.plist

ProcessInfoPlistFile /Users/yan/Library/Developer/Xcode/DerivedData/MessageAI-fcqihoeipcbwpdgutsuclsargbwg/Build/Products/Debug-iphonesimulator/abseil_abslWrapper.bundle/Info.plist /Users/yan/Library/Developer/Xcode/DerivedData/MessageAI-fcqihoeipcbwpdgutsuclsargbwg/Build/Intermediates.noindex/abseil.build/Debug-iphonesimulator/abseil_abslWrapper.build/empty-abseil_abslWrapper.plist (in target 'abseil_abslWrapper' from project 'abseil')
    cd /Users/yan/Library/Developer/Xcode/DerivedData/MessageAI-fcqihoeipcbwpdgutsuclsargbwg/SourcePackages/checkouts/abseil-cpp-binary
    builtin-infoPlistUtility /Users/yan/Library/Developer/Xcode/DerivedData/MessageAI-fcqihoeipcbwpdgutsuclsargbwg/Build/Intermediates.noindex/abseil.build/Debug-iphonesimulator/abseil_abslWrapper.build/empty-abseil_abslWrapper.plist -producttype com.apple.product-type.bundle -expandbuildsettings -format binary -platform iphonesimulator -o /Users/yan/Library/Developer/Xcode/DerivedData/MessageAI-fcqihoeipcbwpdgutsuclsargbwg/Build/Products/Debug-iphonesimulator/abseil_abslWrapper.bundle/Info.plist

ProcessInfoPlistFile /Users/yan/Library/Developer/Xcode/DerivedData/MessageAI-fcqihoeipcbwpdgutsuclsargbwg/Build/Products/Debug-iphonesimulator/GoogleUtilities_GoogleUtilities-Reachability.bundle/Info.plist /Users/yan/Library/Developer/Xcode/DerivedData/MessageAI-fcqihoeipcbwpdgutsuclsargbwg/Build/Intermediates.noindex/GoogleUtilities.build/Debug-iphonesimulator/GoogleUtilities_GoogleUtilities-Reachability.build/empty-GoogleUtilities_GoogleUtilities-Reachability.plist (in target 'GoogleUtilities_GoogleUtilities-Reachability' from project 'GoogleUtilities')
    cd /Users/yan/Library/Developer/Xcode/DerivedData/MessageAI-fcqihoeipcbwpdgutsuclsargbwg/SourcePackages/checkouts/GoogleUtilities
    builtin-infoPlistUtility /Users/yan/Library/Developer/Xcode/DerivedData/MessageAI-fcqihoeipcbwpdgutsuclsargbwg/Build/Intermediates.noindex/GoogleUtilities.build/Debug-iphonesimulator/GoogleUtilities_GoogleUtilities-Reachability.build/empty-GoogleUtilities_GoogleUtilities-Reachability.plist -producttype com.apple.product-type.bundle -expandbuildsettings -format binary -platform iphonesimulator -o /Users/yan/Library/Developer/Xcode/DerivedData/MessageAI-fcqihoeipcbwpdgutsuclsargbwg/Build/Products/Debug-iphonesimulator/GoogleUtilities_GoogleUtilities-Reachability.bundle/Info.plist

ProcessInfoPlistFile /Users/yan/Library/Developer/Xcode/DerivedData/MessageAI-fcqihoeipcbwpdgutsuclsargbwg/Build/Products/Debug-iphonesimulator/GoogleUtilities_GoogleUtilities-UserDefaults.bundle/Info.plist /Users/yan/Library/Developer/Xcode/DerivedData/MessageAI-fcqihoeipcbwpdgutsuclsargbwg/Build/Intermediates.noindex/GoogleUtilities.build/Debug-iphonesimulator/GoogleUtilities_GoogleUtilities-UserDefaults.build/empty-GoogleUtilities_GoogleUtilities-UserDefaults.plist (in target 'GoogleUtilities_GoogleUtilities-UserDefaults' from project 'GoogleUtilities')
    cd /Users/yan/Library/Developer/Xcode/DerivedData/MessageAI-fcqihoeipcbwpdgutsuclsargbwg/SourcePackages/checkouts/GoogleUtilities
    builtin-infoPlistUtility /Users/yan/Library/Developer/Xcode/DerivedData/MessageAI-fcqihoeipcbwpdgutsuclsargbwg/Build/Intermediates.noindex/GoogleUtilities.build/Debug-iphonesimulator/GoogleUtilities_GoogleUtilities-UserDefaults.build/empty-GoogleUtilities_GoogleUtilities-UserDefaults.plist -producttype com.apple.product-type.bundle -expandbuildsettings -format binary -platform iphonesimulator -o /Users/yan/Library/Developer/Xcode/DerivedData/MessageAI-fcqihoeipcbwpdgutsuclsargbwg/Build/Products/Debug-iphonesimulator/GoogleUtilities_GoogleUtilities-UserDefaults.bundle/Info.plist

ProcessInfoPlistFile /Users/yan/Library/Developer/Xcode/DerivedData/MessageAI-fcqihoeipcbwpdgutsuclsargbwg/Build/Products/Debug-iphonesimulator/GoogleUtilities_GoogleUtilities-Network.bundle/Info.plist /Users/yan/Library/Developer/Xcode/DerivedData/MessageAI-fcqihoeipcbwpdgutsuclsargbwg/Build/Intermediates.noindex/GoogleUtilities.build/Debug-iphonesimulator/GoogleUtilities_GoogleUtilities-Network.build/empty-GoogleUtilities_GoogleUtilities-Network.plist (in target 'GoogleUtilities_GoogleUtilities-Network' from project 'GoogleUtilities')
    cd /Users/yan/Library/Developer/Xcode/DerivedData/MessageAI-fcqihoeipcbwpdgutsuclsargbwg/SourcePackages/checkouts/GoogleUtilities
    builtin-infoPlistUtility /Users/yan/Library/Developer/Xcode/DerivedData/MessageAI-fcqihoeipcbwpdgutsuclsargbwg/Build/Intermediates.noindex/GoogleUtilities.build/Debug-iphonesimulator/GoogleUtilities_GoogleUtilities-Network.build/empty-GoogleUtilities_GoogleUtilities-Network.plist -producttype com.apple.product-type.bundle -expandbuildsettings -format binary -platform iphonesimulator -o /Users/yan/Library/Developer/Xcode/DerivedData/MessageAI-fcqihoeipcbwpdgutsuclsargbwg/Build/Products/Debug-iphonesimulator/GoogleUtilities_GoogleUtilities-Network.bundle/Info.plist

ProcessInfoPlistFile /Users/yan/Library/Developer/Xcode/DerivedData/MessageAI-fcqihoeipcbwpdgutsuclsargbwg/Build/Products/Debug-iphonesimulator/GoogleUtilities_GoogleUtilities-MethodSwizzler.bundle/Info.plist /Users/yan/Library/Developer/Xcode/DerivedData/MessageAI-fcqihoeipcbwpdgutsuclsargbwg/Build/Intermediates.noindex/GoogleUtilities.build/Debug-iphonesimulator/GoogleUtilities_GoogleUtilities-MethodSwizzler.build/empty-GoogleUtilities_GoogleUtilities-MethodSwizzler.plist (in target 'GoogleUtilities_GoogleUtilities-MethodSwizzler' from project 'GoogleUtilities')
    cd /Users/yan/Library/Developer/Xcode/DerivedData/MessageAI-fcqihoeipcbwpdgutsuclsargbwg/SourcePackages/checkouts/GoogleUtilities
    builtin-infoPlistUtility /Users/yan/Library/Developer/Xcode/DerivedData/MessageAI-fcqihoeipcbwpdgutsuclsargbwg/Build/Intermediates.noindex/GoogleUtilities.build/Debug-iphonesimulator/GoogleUtilities_GoogleUtilities-MethodSwizzler.build/empty-GoogleUtilities_GoogleUtilities-MethodSwizzler.plist -producttype com.apple.product-type.bundle -expandbuildsettings -format binary -platform iphonesimulator -o /Users/yan/Library/Developer/Xcode/DerivedData/MessageAI-fcqihoeipcbwpdgutsuclsargbwg/Build/Products/Debug-iphonesimulator/GoogleUtilities_GoogleUtilities-MethodSwizzler.bundle/Info.plist

ProcessInfoPlistFile /Users/yan/Library/Developer/Xcode/DerivedData/MessageAI-fcqihoeipcbwpdgutsuclsargbwg/Build/Products/Debug-iphonesimulator/GoogleUtilities_GoogleUtilities-NSData.bundle/Info.plist /Users/yan/Library/Developer/Xcode/DerivedData/MessageAI-fcqihoeipcbwpdgutsuclsargbwg/Build/Intermediates.noindex/GoogleUtilities.build/Debug-iphonesimulator/GoogleUtilities_GoogleUtilities-NSData.build/empty-GoogleUtilities_GoogleUtilities-NSData.plist (in target 'GoogleUtilities_GoogleUtilities-NSData' from project 'GoogleUtilities')
    cd /Users/yan/Library/Developer/Xcode/DerivedData/MessageAI-fcqihoeipcbwpdgutsuclsargbwg/SourcePackages/checkouts/GoogleUtilities
    builtin-infoPlistUtility /Users/yan/Library/Developer/Xcode/DerivedData/MessageAI-fcqihoeipcbwpdgutsuclsargbwg/Build/Intermediates.noindex/GoogleUtilities.build/Debug-iphonesimulator/GoogleUtilities_GoogleUtilities-NSData.build/empty-GoogleUtilities_GoogleUtilities-NSData.plist -producttype com.apple.product-type.bundle -expandbuildsettings -format binary -platform iphonesimulator -o /Users/yan/Library/Developer/Xcode/DerivedData/MessageAI-fcqihoeipcbwpdgutsuclsargbwg/Build/Products/Debug-iphonesimulator/GoogleUtilities_GoogleUtilities-NSData.bundle/Info.plist

ProcessInfoPlistFile /Users/yan/Library/Developer/Xcode/DerivedData/MessageAI-fcqihoeipcbwpdgutsuclsargbwg/Build/Products/Debug-iphonesimulator/GoogleUtilities_GoogleUtilities-Logger.bundle/Info.plist /Users/yan/Library/Developer/Xcode/DerivedData/MessageAI-fcqihoeipcbwpdgutsuclsargbwg/Build/Intermediates.noindex/GoogleUtilities.build/Debug-iphonesimulator/GoogleUtilities_GoogleUtilities-Logger.build/empty-GoogleUtilities_GoogleUtilities-Logger.plist (in target 'GoogleUtilities_GoogleUtilities-Logger' from project 'GoogleUtilities')
    cd /Users/yan/Library/Developer/Xcode/DerivedData/MessageAI-fcqihoeipcbwpdgutsuclsargbwg/SourcePackages/checkouts/GoogleUtilities
    builtin-infoPlistUtility /Users/yan/Library/Developer/Xcode/DerivedData/MessageAI-fcqihoeipcbwpdgutsuclsargbwg/Build/Intermediates.noindex/GoogleUtilities.build/Debug-iphonesimulator/GoogleUtilities_GoogleUtilities-Logger.build/empty-GoogleUtilities_GoogleUtilities-Logger.plist -producttype com.apple.product-type.bundle -expandbuildsettings -format binary -platform iphonesimulator -o /Users/yan/Library/Developer/Xcode/DerivedData/MessageAI-fcqihoeipcbwpdgutsuclsargbwg/Build/Products/Debug-iphonesimulator/GoogleUtilities_GoogleUtilities-Logger.bundle/Info.plist

ProcessInfoPlistFile /Users/yan/Library/Developer/Xcode/DerivedData/MessageAI-fcqihoeipcbwpdgutsuclsargbwg/Build/Products/Debug-iphonesimulator/GoogleUtilities_GoogleUtilities-Environment.bundle/Info.plist /Users/yan/Library/Developer/Xcode/DerivedData/MessageAI-fcqihoeipcbwpdgutsuclsargbwg/Build/Intermediates.noindex/GoogleUtilities.build/Debug-iphonesimulator/GoogleUtilities_GoogleUtilities-Environment.build/empty-GoogleUtilities_GoogleUtilities-Environment.plist (in target 'GoogleUtilities_GoogleUtilities-Environment' from project 'GoogleUtilities')
    cd /Users/yan/Library/Developer/Xcode/DerivedData/MessageAI-fcqihoeipcbwpdgutsuclsargbwg/SourcePackages/checkouts/GoogleUtilities
    builtin-infoPlistUtility /Users/yan/Library/Developer/Xcode/DerivedData/MessageAI-fcqihoeipcbwpdgutsuclsargbwg/Build/Intermediates.noindex/GoogleUtilities.build/Debug-iphonesimulator/GoogleUtilities_GoogleUtilities-Environment.build/empty-GoogleUtilities_GoogleUtilities-Environment.plist -producttype com.apple.product-type.bundle -expandbuildsettings -format binary -platform iphonesimulator -o /Users/yan/Library/Developer/Xcode/DerivedData/MessageAI-fcqihoeipcbwpdgutsuclsargbwg/Build/Products/Debug-iphonesimulator/GoogleUtilities_GoogleUtilities-Environment.bundle/Info.plist

ProcessInfoPlistFile /Users/yan/Library/Developer/Xcode/DerivedData/MessageAI-fcqihoeipcbwpdgutsuclsargbwg/Build/Products/Debug-iphonesimulator/GoogleUtilities_GoogleUtilities-AppDelegateSwizzler.bundle/Info.plist /Users/yan/Library/Developer/Xcode/DerivedData/MessageAI-fcqihoeipcbwpdgutsuclsargbwg/Build/Intermediates.noindex/GoogleUtilities.build/Debug-iphonesimulator/GoogleUtilities_GoogleUtilities-AppDelegateSwizzler.build/empty-GoogleUtilities_GoogleUtilities-AppDelegateSwizzler.plist (in target 'GoogleUtilities_GoogleUtilities-AppDelegateSwizzler' from project 'GoogleUtilities')
    cd /Users/yan/Library/Developer/Xcode/DerivedData/MessageAI-fcqihoeipcbwpdgutsuclsargbwg/SourcePackages/checkouts/GoogleUtilities
    builtin-infoPlistUtility /Users/yan/Library/Developer/Xcode/DerivedData/MessageAI-fcqihoeipcbwpdgutsuclsargbwg/Build/Intermediates.noindex/GoogleUtilities.build/Debug-iphonesimulator/GoogleUtilities_GoogleUtilities-AppDelegateSwizzler.build/empty-GoogleUtilities_GoogleUtilities-AppDelegateSwizzler.plist -producttype com.apple.product-type.bundle -expandbuildsettings -format binary -platform iphonesimulator -o /Users/yan/Library/Developer/Xcode/DerivedData/MessageAI-fcqihoeipcbwpdgutsuclsargbwg/Build/Products/Debug-iphonesimulator/GoogleUtilities_GoogleUtilities-AppDelegateSwizzler.bundle/Info.plist

ProcessInfoPlistFile /Users/yan/Library/Developer/Xcode/DerivedData/MessageAI-fcqihoeipcbwpdgutsuclsargbwg/Build/Products/Debug-iphonesimulator/GTMSessionFetcher_GTMSessionFetcherCore.bundle/Info.plist /Users/yan/Library/Developer/Xcode/DerivedData/MessageAI-fcqihoeipcbwpdgutsuclsargbwg/Build/Intermediates.noindex/GTMSessionFetcher.build/Debug-iphonesimulator/GTMSessionFetcher_GTMSessionFetcherCore.build/empty-GTMSessionFetcher_GTMSessionFetcherCore.plist (in target 'GTMSessionFetcher_GTMSessionFetcherCore' from project 'GTMSessionFetcher')
    cd /Users/yan/Library/Developer/Xcode/DerivedData/MessageAI-fcqihoeipcbwpdgutsuclsargbwg/SourcePackages/checkouts/gtm-session-fetcher
    builtin-infoPlistUtility /Users/yan/Library/Developer/Xcode/DerivedData/MessageAI-fcqihoeipcbwpdgutsuclsargbwg/Build/Intermediates.noindex/GTMSessionFetcher.build/Debug-iphonesimulator/GTMSessionFetcher_GTMSessionFetcherCore.build/empty-GTMSessionFetcher_GTMSessionFetcherCore.plist -producttype com.apple.product-type.bundle -expandbuildsettings -format binary -platform iphonesimulator -o /Users/yan/Library/Developer/Xcode/DerivedData/MessageAI-fcqihoeipcbwpdgutsuclsargbwg/Build/Products/Debug-iphonesimulator/GTMSessionFetcher_GTMSessionFetcherCore.bundle/Info.plist

SwiftDriver SnapshotTesting normal x86_64 com.apple.xcode.tools.swift.compiler (in target 'SnapshotTesting' from project 'swift-snapshot-testing')
    cd /Users/yan/gauntlet/messageAI/MessageAI.xcodeproj
    builtin-SwiftDriver -- /Applications/Xcode.app/Contents/Developer/Toolchains/XcodeDefault.xctoolchain/usr/bin/swiftc -module-name SnapshotTesting -Onone -enforce-exclusivity\=checked @/Users/yan/Library/Developer/Xcode/DerivedData/MessageAI-fcqihoeipcbwpdgutsuclsargbwg/Build/Intermediates.noindex/swift-snapshot-testing.build/Debug-iphonesimulator/SnapshotTesting.build/Objects-normal/x86_64/SnapshotTesting.SwiftFileList -DSWIFT_PACKAGE -DDEBUG -DSWIFT_MODULE_RESOURCE_BUNDLE_UNAVAILABLE -DXcode -plugin-path /Applications/Xcode.app/Contents/Developer/Toolchains/XcodeDefault.xctoolchain/usr/lib/swift/host/plugins/testing -enable-experimental-feature DebugDescriptionMacro -sdk /Applications/Xcode.app/Contents/Developer/Platforms/iPhoneSimulator.platform/Developer/SDKs/iPhoneSimulator26.0.sdk -target x86_64-apple-ios13.0-simulator -g -module-cache-path /Users/yan/Library/Developer/Xcode/DerivedData/ModuleCache.noindex -Xfrontend -serialize-debugging-options -profile-coverage-mapping -profile-generate -enable-testing -suppress-warnings -index-store-path /Users/yan/Library/Developer/Xcode/DerivedData/MessageAI-fcqihoeipcbwpdgutsuclsargbwg/Index.noindex/DataStore -Xcc -D_LIBCPP_HARDENING_MODE\=_LIBCPP_HARDENING_MODE_DEBUG -swift-version 5 -I /Users/yan/Library/Developer/Xcode/DerivedData/MessageAI-fcqihoeipcbwpdgutsuclsargbwg/Build/Products/Debug-iphonesimulator -Isystem /Applications/Xcode.app/Contents/Developer/Platforms/iPhoneSimulator.platform/Developer/usr/lib -F /Users/yan/Library/Developer/Xcode/DerivedData/MessageAI-fcqihoeipcbwpdgutsuclsargbwg/Build/Products/Debug-iphonesimulator -F /Applications/Xcode.app/Contents/Developer/Platforms/iPhoneSimulator.platform/Developer/Library/Frameworks -F /Applications/Xcode.app/Contents/Developer/Platforms/iPhoneSimulator.platform/Developer/SDKs/iPhoneSimulator26.0.sdk/Developer/Library/Frameworks -c -j16 -enable-batch-mode -incremental -Xcc -ivfsstatcache -Xcc /Users/yan/Library/Developer/Xcode/DerivedData/SDKStatCaches.noindex/iphonesimulator26.0-23A339-26257891a6c027eb51374368541b8346.sdkstatcache -output-file-map /Users/yan/Library/Developer/Xcode/DerivedData/MessageAI-fcqihoeipcbwpdgutsuclsargbwg/Build/Intermediates.noindex/swift-snapshot-testing.build/Debug-iphonesimulator/SnapshotTesting.build/Objects-normal/x86_64/SnapshotTesting-OutputFileMap.json -use-frontend-parseable-output -save-temps -no-color-diagnostics -explicit-module-build -module-cache-path /Users/yan/Library/Developer/Xcode/DerivedData/MessageAI-fcqihoeipcbwpdgutsuclsargbwg/Build/Intermediates.noindex/SwiftExplicitPrecompiledModules -clang-scanner-module-cache-path /Users/yan/Library/Developer/Xcode/DerivedData/ModuleCache.noindex -sdk-module-cache-path /Users/yan/Library/Developer/Xcode/DerivedData/ModuleCache.noindex -serialize-diagnostics -emit-dependencies -emit-module -emit-module-path /Users/yan/Library/Developer/Xcode/DerivedData/MessageAI-fcqihoeipcbwpdgutsuclsargbwg/Build/Intermediates.noindex/swift-snapshot-testing.build/Debug-iphonesimulator/SnapshotTesting.build/Objects-normal/x86_64/SnapshotTesting.swiftmodule -validate-clang-modules-once -clang-build-session-file /Users/yan/Library/Developer/Xcode/DerivedData/ModuleCache.noindex/Session.modulevalidation -Xcc -I/Users/yan/Library/Developer/Xcode/DerivedData/MessageAI-fcqihoeipcbwpdgutsuclsargbwg/Build/Intermediates.noindex/swift-snapshot-testing.build/Debug-iphonesimulator/SnapshotTesting.build/swift-overrides.hmap -emit-const-values -Xfrontend -const-gather-protocols-file -Xfrontend /Users/yan/Library/Developer/Xcode/DerivedData/MessageAI-fcqihoeipcbwpdgutsuclsargbwg/Build/Intermediates.noindex/swift-snapshot-testing.build/Debug-iphonesimulator/SnapshotTesting.build/Objects-normal/x86_64/SnapshotTesting_const_extract_protocols.json -Xcc -I/Users/yan/Library/Developer/Xcode/DerivedData/MessageAI-fcqihoeipcbwpdgutsuclsargbwg/Build/Products/Debug-iphonesimulator/include -Xcc -I/Users/yan/Library/Developer/Xcode/DerivedData/MessageAI-fcqihoeipcbwpdgutsuclsargbwg/Build/Intermediates.noindex/swift-snapshot-testing.build/Debug-iphonesimulator/SnapshotTesting.build/DerivedSources-normal/x86_64 -Xcc -I/Users/yan/Library/Developer/Xcode/DerivedData/MessageAI-fcqihoeipcbwpdgutsuclsargbwg/Build/Intermediates.noindex/swift-snapshot-testing.build/Debug-iphonesimulator/SnapshotTesting.build/DerivedSources/x86_64 -Xcc -I/Users/yan/Library/Developer/Xcode/DerivedData/MessageAI-fcqihoeipcbwpdgutsuclsargbwg/Build/Intermediates.noindex/swift-snapshot-testing.build/Debug-iphonesimulator/SnapshotTesting.build/DerivedSources -Xcc -DSWIFT_PACKAGE -Xcc -DDEBUG\=1 -emit-objc-header -emit-objc-header-path /Users/yan/Library/Developer/Xcode/DerivedData/MessageAI-fcqihoeipcbwpdgutsuclsargbwg/Build/Intermediates.noindex/swift-snapshot-testing.build/Debug-iphonesimulator/SnapshotTesting.build/Objects-normal/x86_64/SnapshotTesting-Swift.h -working-directory /Users/yan/gauntlet/messageAI/MessageAI.xcodeproj -experimental-emit-module-separately -disable-cmo

WriteAuxiliaryFile /Users/yan/Library/Developer/Xcode/DerivedData/MessageAI-fcqihoeipcbwpdgutsuclsargbwg/Build/Intermediates.noindex/MessageAI.build/Debug-iphonesimulator/MessageAITests.build/Objects-normal/x86_64/MessageAITests.LinkFileList (in target 'MessageAITests' from project 'MessageAI')
    cd /Users/yan/gauntlet/messageAI
    write-file /Users/yan/Library/Developer/Xcode/DerivedData/MessageAI-fcqihoeipcbwpdgutsuclsargbwg/Build/Intermediates.noindex/MessageAI.build/Debug-iphonesimulator/MessageAITests.build/Objects-normal/x86_64/MessageAITests.LinkFileList

WriteAuxiliaryFile /Users/yan/Library/Developer/Xcode/DerivedData/MessageAI-fcqihoeipcbwpdgutsuclsargbwg/Build/Intermediates.noindex/MessageAI.build/Debug-iphonesimulator/MessageAITests.build/Objects-normal/x86_64/MessageAITests-OutputFileMap.json (in target 'MessageAITests' from project 'MessageAI')
    cd /Users/yan/gauntlet/messageAI
    write-file /Users/yan/Library/Developer/Xcode/DerivedData/MessageAI-fcqihoeipcbwpdgutsuclsargbwg/Build/Intermediates.noindex/MessageAI.build/Debug-iphonesimulator/MessageAITests.build/Objects-normal/x86_64/MessageAITests-OutputFileMap.json

WriteAuxiliaryFile /Users/yan/Library/Developer/Xcode/DerivedData/MessageAI-fcqihoeipcbwpdgutsuclsargbwg/Build/Intermediates.noindex/MessageAI.build/Debug-iphonesimulator/MessageAITests.build/Objects-normal/x86_64/MessageAITests.SwiftConstValuesFileList (in target 'MessageAITests' from project 'MessageAI')
    cd /Users/yan/gauntlet/messageAI
    write-file /Users/yan/Library/Developer/Xcode/DerivedData/MessageAI-fcqihoeipcbwpdgutsuclsargbwg/Build/Intermediates.noindex/MessageAI.build/Debug-iphonesimulator/MessageAITests.build/Objects-normal/x86_64/MessageAITests.SwiftConstValuesFileList

WriteAuxiliaryFile /Users/yan/Library/Developer/Xcode/DerivedData/MessageAI-fcqihoeipcbwpdgutsuclsargbwg/Build/Intermediates.noindex/MessageAI.build/Debug-iphonesimulator/MessageAITests.build/Objects-normal/x86_64/MessageAITests.SwiftFileList (in target 'MessageAITests' from project 'MessageAI')
    cd /Users/yan/gauntlet/messageAI
    write-file /Users/yan/Library/Developer/Xcode/DerivedData/MessageAI-fcqihoeipcbwpdgutsuclsargbwg/Build/Intermediates.noindex/MessageAI.build/Debug-iphonesimulator/MessageAITests.build/Objects-normal/x86_64/MessageAITests.SwiftFileList

PhaseScriptExecution SwiftLint /Users/yan/Library/Developer/Xcode/DerivedData/MessageAI-fcqihoeipcbwpdgutsuclsargbwg/Build/Intermediates.noindex/MessageAI.build/Debug-iphonesimulator/MessageAI.build/Script-5DC1B6C6EFEEB8A67DE95E10.sh (in target 'MessageAI' from project 'MessageAI')
    cd /Users/yan/gauntlet/messageAI
    /bin/sh -c /Users/yan/Library/Developer/Xcode/DerivedData/MessageAI-fcqihoeipcbwpdgutsuclsargbwg/Build/Intermediates.noindex/MessageAI.build/Debug-iphonesimulator/MessageAI.build/Script-5DC1B6C6EFEEB8A67DE95E10.sh
Linting Swift files in current working directory
Linting 'ConversationListViewModel.swift' (1/33)
Linting 'AuthViewModel.swift' (2/33)
Linting 'FirebaseConfig.swift' (3/33)
Linting 'MessengerAIApp.swift' (4/33)
Linting 'UserRepository.swift' (6/33)
Linting 'AppDelegate.swift' (5/33)
Linting 'ConversationRepository.swift' (7/33)
Linting 'Conversation.swift' (8/33)
Linting 'ActionItem.swift' (9/33)
Linting 'Message.swift' (10/33)
Linting 'User.swift' (11/33)
Linting 'MessageStatus.swift' (12/33)
Linting 'ConversationSummary.swift' (13/33)
Linting 'AISuggestion.swift' (14/33)
Linting 'FirebaseConstants.swift' (15/33)
Linting 'AppConstants.swift' (16/33)
Linting 'AppError.swift' (17/33)
Linting 'String+Extensions.swift' (18/33)
Linting 'View+Extensions.swift' (19/33)
Linting 'Date+Extensions.swift' (20/33)
Linting 'KeychainManager.swift' (21/33)
Linting 'DateFormatter+Shared.swift' (23/33)
Linting 'UserDefaultsManager.swift' (22/33)
Linting 'AuthContainerView.swift' (24/33)
Linting 'LoginView.swift' (25/33)
Linting 'SignUpView.swift' (26/33)
Linting 'EmptyStateView.swift' (27/33)
Linting 'LoadingView.swift' (28/33)
Linting 'ErrorView.swift' (29/33)
Linting 'NewConversationView.swift' (30/33)
Linting 'ConversationRowView.swift' (31/33)
Linting 'ConversationListView.swift' (32/33)
Linting 'AuthenticationService.swift' (33/33)
Done linting! Found 0 violations, 0 serious in 33 files.

SwiftEmitModule normal x86_64 Emitting\ module\ for\ SnapshotTesting (in target 'SnapshotTesting' from project 'swift-snapshot-testing')
EmitSwiftModule normal x86_64 (in target 'SnapshotTesting' from project 'swift-snapshot-testing')
    cd /Users/yan/gauntlet/messageAI/MessageAI.xcodeproj
    

SwiftCompile normal x86_64 Compiling\ PlistEncoder.swift /Users/yan/Library/Developer/Xcode/DerivedData/MessageAI-fcqihoeipcbwpdgutsuclsargbwg/SourcePackages/checkouts/swift-snapshot-testing/Sources/SnapshotTesting/Common/PlistEncoder.swift (in target 'SnapshotTesting' from project 'swift-snapshot-testing')
SwiftCompile normal x86_64 /Users/yan/Library/Developer/Xcode/DerivedData/MessageAI-fcqihoeipcbwpdgutsuclsargbwg/SourcePackages/checkouts/swift-snapshot-testing/Sources/SnapshotTesting/Common/PlistEncoder.swift (in target 'SnapshotTesting' from project 'swift-snapshot-testing')
    cd /Users/yan/gauntlet/messageAI/MessageAI.xcodeproj
    

CopyPlistFile /Users/yan/Library/Developer/Xcode/DerivedData/MessageAI-fcqihoeipcbwpdgutsuclsargbwg/Build/Products/Debug-iphonesimulator/MessageAI.app/GoogleService-Info.plist /Users/yan/gauntlet/messageAI/MessageAI/MessageAI/GoogleService-Info.plist (in target 'MessageAI' from project 'MessageAI')
    cd /Users/yan/gauntlet/messageAI
    builtin-copyPlist --convert binary1 --outdir /Users/yan/Library/Developer/Xcode/DerivedData/MessageAI-fcqihoeipcbwpdgutsuclsargbwg/Build/Products/Debug-iphonesimulator/MessageAI.app -- /Users/yan/gauntlet/messageAI/MessageAI/MessageAI/GoogleService-Info.plist

ProcessInfoPlistFile /Users/yan/Library/Developer/Xcode/DerivedData/MessageAI-fcqihoeipcbwpdgutsuclsargbwg/Build/Products/Debug-iphonesimulator/MessageAI.app/Info.plist /Users/yan/gauntlet/messageAI/MessageAI/MessageAI/Resources/Info.plist (in target 'MessageAI' from project 'MessageAI')
    cd /Users/yan/gauntlet/messageAI
    builtin-infoPlistUtility /Users/yan/gauntlet/messageAI/MessageAI/MessageAI/Resources/Info.plist -producttype com.apple.product-type.application -genpkginfo /Users/yan/Library/Developer/Xcode/DerivedData/MessageAI-fcqihoeipcbwpdgutsuclsargbwg/Build/Products/Debug-iphonesimulator/MessageAI.app/PkgInfo -expandbuildsettings -format binary -platform iphonesimulator -additionalcontentfile /Users/yan/Library/Developer/Xcode/DerivedData/MessageAI-fcqihoeipcbwpdgutsuclsargbwg/Build/Intermediates.noindex/MessageAI.build/Debug-iphonesimulator/MessageAI.build/assetcatalog_generated_info.plist -scanforprivacyfile /Users/yan/Library/Developer/Xcode/DerivedData/MessageAI-fcqihoeipcbwpdgutsuclsargbwg/Build/Products/Debug-iphonesimulator/MessageAI.app/Frameworks/FirebaseAnalytics.framework -scanforprivacyfile /Users/yan/Library/Developer/Xcode/DerivedData/MessageAI-fcqihoeipcbwpdgutsuclsargbwg/Build/Products/Debug-iphonesimulator/MessageAI.app/Frameworks/FirebaseFirestoreInternal.framework -scanforprivacyfile /Users/yan/Library/Developer/Xcode/DerivedData/MessageAI-fcqihoeipcbwpdgutsuclsargbwg/Build/Products/Debug-iphonesimulator/MessageAI.app/Frameworks/GoogleAppMeasurement.framework -scanforprivacyfile /Users/yan/Library/Developer/Xcode/DerivedData/MessageAI-fcqihoeipcbwpdgutsuclsargbwg/Build/Products/Debug-iphonesimulator/MessageAI.app/Frameworks/GoogleAppMeasurementIdentitySupport.framework -scanforprivacyfile /Users/yan/Library/Developer/Xcode/DerivedData/MessageAI-fcqihoeipcbwpdgutsuclsargbwg/Build/Products/Debug-iphonesimulator/MessageAI.app/Frameworks/absl.framework -scanforprivacyfile /Users/yan/Library/Developer/Xcode/DerivedData/MessageAI-fcqihoeipcbwpdgutsuclsargbwg/Build/Products/Debug-iphonesimulator/MessageAI.app/Frameworks/grpc.framework -scanforprivacyfile /Users/yan/Library/Developer/Xcode/DerivedData/MessageAI-fcqihoeipcbwpdgutsuclsargbwg/Build/Products/Debug-iphonesimulator/MessageAI.app/Frameworks/grpcpp.framework -scanforprivacyfile /Users/yan/Library/Developer/Xcode/DerivedData/MessageAI-fcqihoeipcbwpdgutsuclsargbwg/Build/Products/Debug-iphonesimulator/MessageAI.app/Frameworks/openssl_grpc.framework -scanforprivacyfile /Users/yan/Library/Developer/Xcode/DerivedData/MessageAI-fcqihoeipcbwpdgutsuclsargbwg/Build/Products/Debug-iphonesimulator/MessageAI.app/GTMSessionFetcher_GTMSessionFetcherCore.bundle -scanforprivacyfile /Users/yan/Library/Developer/Xcode/DerivedData/MessageAI-fcqihoeipcbwpdgutsuclsargbwg/Build/Products/Debug-iphonesimulator/MessageAI.app/GoogleUtilities_GoogleUtilities-AppDelegateSwizzler.bundle -scanforprivacyfile /Users/yan/Library/Developer/Xcode/DerivedData/MessageAI-fcqihoeipcbwpdgutsuclsargbwg/Build/Products/Debug-iphonesimulator/MessageAI.app/GoogleUtilities_GoogleUtilities-Environment.bundle -scanforprivacyfile /Users/yan/Library/Developer/Xcode/DerivedData/MessageAI-fcqihoeipcbwpdgutsuclsargbwg/Build/Products/Debug-iphonesimulator/MessageAI.app/GoogleUtilities_GoogleUtilities-Logger.bundle -scanforprivacyfile /Users/yan/Library/Developer/Xcode/DerivedData/MessageAI-fcqihoeipcbwpdgutsuclsargbwg/Build/Products/Debug-iphonesimulator/MessageAI.app/GoogleUtilities_GoogleUtilities-MethodSwizzler.bundle -scanforprivacyfile /Users/yan/Library/Developer/Xcode/DerivedData/MessageAI-fcqihoeipcbwpdgutsuclsargbwg/Build/Products/Debug-iphonesimulator/MessageAI.app/GoogleUtilities_GoogleUtilities-NSData.bundle -scanforprivacyfile /Users/yan/Library/Developer/Xcode/DerivedData/MessageAI-fcqihoeipcbwpdgutsuclsargbwg/Build/Products/Debug-iphonesimulator/MessageAI.app/GoogleUtilities_GoogleUtilities-Network.bundle -scanforprivacyfile /Users/yan/Library/Developer/Xcode/DerivedData/MessageAI-fcqihoeipcbwpdgutsuclsargbwg/Build/Products/Debug-iphonesimulator/MessageAI.app/GoogleUtilities_GoogleUtilities-Reachability.bundle -scanforprivacyfile /Users/yan/Library/Developer/Xcode/DerivedData/MessageAI-fcqihoeipcbwpdgutsuclsargbwg/Build/Products/Debug-iphonesimulator/MessageAI.app/GoogleUtilities_GoogleUtilities-UserDefaults.bundle -scanforprivacyfile /Users/yan/Library/Developer/Xcode/DerivedData/MessageAI-fcqihoeipcbwpdgutsuclsargbwg/Build/Products/Debug-iphonesimulator/MessageAI.app/Promises_FBLPromises.bundle -scanforprivacyfile /Users/yan/Library/Developer/Xcode/DerivedData/MessageAI-fcqihoeipcbwpdgutsuclsargbwg/Build/Products/Debug-iphonesimulator/MessageAI.app/abseil_abslWrapper.bundle -scanforprivacyfile /Users/yan/Library/Developer/Xcode/DerivedData/MessageAI-fcqihoeipcbwpdgutsuclsargbwg/Build/Products/Debug-iphonesimulator/MessageAI.app/gRPC_grpcWrapper.bundle -scanforprivacyfile /Users/yan/Library/Developer/Xcode/DerivedData/MessageAI-fcqihoeipcbwpdgutsuclsargbwg/Build/Products/Debug-iphonesimulator/MessageAI.app/gRPC_grpcppWrapper.bundle -scanforprivacyfile /Users/yan/Library/Developer/Xcode/DerivedData/MessageAI-fcqihoeipcbwpdgutsuclsargbwg/Build/Products/Debug-iphonesimulator/MessageAI.app/gRPC_opensslWrapper.bundle -scanforprivacyfile /Users/yan/Library/Developer/Xcode/DerivedData/MessageAI-fcqihoeipcbwpdgutsuclsargbwg/Build/Products/Debug-iphonesimulator/MessageAI.app/leveldb_leveldb.bundle -o /Users/yan/Library/Developer/Xcode/DerivedData/MessageAI-fcqihoeipcbwpdgutsuclsargbwg/Build/Products/Debug-iphonesimulator/MessageAI.app/Info.plist

PhaseScriptExecution Copy\ GoogleService-Info.plist /Users/yan/Library/Developer/Xcode/DerivedData/MessageAI-fcqihoeipcbwpdgutsuclsargbwg/Build/Intermediates.noindex/MessageAI.build/Debug-iphonesimulator/MessageAI.build/Script-F32F0CE009B8ACFDA8375D95.sh (in target 'MessageAI' from project 'MessageAI')
    cd /Users/yan/gauntlet/messageAI
    export ACTION\=build
    export AD_HOC_CODE_SIGNING_ALLOWED\=YES
    export AGGREGATE_TRACKED_DOMAINS\=YES
    export ALLOW_BUILD_REQUEST_OVERRIDES\=NO
    export ALLOW_TARGET_PLATFORM_SPECIALIZATION\=NO
    export ALTERNATE_GROUP\=staff
    export ALTERNATE_MODE\=u+w,go-w,a+rX
    export ALTERNATE_OWNER\=yan
    export ALTERNATIVE_DISTRIBUTION_WEB\=NO
    export ALWAYS_EMBED_SWIFT_STANDARD_LIBRARIES\=NO
    export ALWAYS_SEARCH_USER_PATHS\=NO
    export ALWAYS_USE_SEPARATE_HEADERMAPS\=NO
    export APPLICATION_EXTENSION_API_ONLY\=NO
    export APPLY_RULES_IN_COPY_FILES\=NO
    export APPLY_RULES_IN_COPY_HEADERS\=NO
    export APP_SHORTCUTS_ENABLE_FLEXIBLE_MATCHING\=YES
    export ARCHS\=x86_64
    export ARCHS_STANDARD\=arm64\ x86_64
    export ARCHS_STANDARD_32_64_BIT\=arm64\ x86_64
    export ARCHS_STANDARD_64_BIT\=arm64\ x86_64
    export ARCHS_STANDARD_INCLUDING_64_BIT\=arm64\ x86_64
    export ARCHS_UNIVERSAL_IPHONE_OS\=arm64\ x86_64
    export ASSETCATALOG_COMPILER_APPICON_NAME\=AppIcon
    export ASSETCATALOG_COMPILER_GLOBAL_ACCENT_COLOR_NAME\=AccentColor
    export ASSETCATALOG_FILTER_FOR_DEVICE_MODEL\=iPhone18,3
    export ASSETCATALOG_FILTER_FOR_DEVICE_OS_VERSION\=26.0.1
    export ASSETCATALOG_FILTER_FOR_THINNING_DEVICE_CONFIGURATION\=iPhone18,3
    export AUTOMATICALLY_MERGE_DEPENDENCIES\=NO
    export AUTOMATION_APPLE_EVENTS\=NO
    export AVAILABLE_PLATFORMS\=android\ appletvos\ appletvsimulator\ driverkit\ iphoneos\ iphonesimulator\ macosx\ qnx\ watchos\ watchsimulator\ webassembly\ xros\ xrsimulator
    export AppIdentifierPrefix\=FAKETEAMID.
    export BUILD_ACTIVE_RESOURCES_ONLY\=YES
    export BUILD_COMPONENTS\=headers\ build
    export BUILD_DIR\=/Users/yan/Library/Developer/Xcode/DerivedData/MessageAI-fcqihoeipcbwpdgutsuclsargbwg/Build/Products
    export BUILD_LIBRARY_FOR_DISTRIBUTION\=NO
    export BUILD_ROOT\=/Users/yan/Library/Developer/Xcode/DerivedData/MessageAI-fcqihoeipcbwpdgutsuclsargbwg/Build/Products
    export BUILD_STYLE\=
    export BUILD_VARIANTS\=normal
    export BUILT_PRODUCTS_DIR\=/Users/yan/Library/Developer/Xcode/DerivedData/MessageAI-fcqihoeipcbwpdgutsuclsargbwg/Build/Products/Debug-iphonesimulator
    export BUNDLE_CONTENTS_FOLDER_PATH_deep\=Contents/
    export BUNDLE_EXECUTABLE_FOLDER_NAME_deep\=MacOS
    export BUNDLE_EXTENSIONS_FOLDER_PATH\=Extensions
    export BUNDLE_FORMAT\=shallow
    export BUNDLE_FRAMEWORKS_FOLDER_PATH\=Frameworks
    export BUNDLE_PLUGINS_FOLDER_PATH\=PlugIns
    export BUNDLE_PRIVATE_HEADERS_FOLDER_PATH\=PrivateHeaders
    export BUNDLE_PUBLIC_HEADERS_FOLDER_PATH\=Headers
    export CACHE_ROOT\=/var/folders/1q/_qlxnjjn1fs7d687r1k6h4700000gs/C/com.apple.DeveloperTools/26.0.1-17A400/Xcode
    export CCHROOT\=/var/folders/1q/_qlxnjjn1fs7d687r1k6h4700000gs/C/com.apple.DeveloperTools/26.0.1-17A400/Xcode
    export CHMOD\=/bin/chmod
    export CHOWN\=/usr/sbin/chown
    export CLANG_ANALYZER_NONNULL\=YES
    export CLANG_ANALYZER_NUMBER_OBJECT_CONVERSION\=YES_AGGRESSIVE
    export CLANG_CACHE_FINE_GRAINED_OUTPUTS\=YES
    export CLANG_COVERAGE_MAPPING\=YES
    export CLANG_CXX_LANGUAGE_STANDARD\=gnu++14
    export CLANG_CXX_LIBRARY\=libc++
    export CLANG_ENABLE_EXPLICIT_MODULES\=YES
    export CLANG_ENABLE_MODULES\=YES
    export CLANG_ENABLE_OBJC_ARC\=YES
    export CLANG_ENABLE_OBJC_WEAK\=YES
    export CLANG_MODULES_BUILD_SESSION_FILE\=/Users/yan/Library/Developer/Xcode/DerivedData/ModuleCache.noindex/Session.modulevalidation
    export CLANG_PROFILE_DATA_DIRECTORY\=/Users/yan/Library/Developer/Xcode/DerivedData/MessageAI-fcqihoeipcbwpdgutsuclsargbwg/Build/ProfileData
    export CLANG_WARN_BLOCK_CAPTURE_AUTORELEASING\=YES
    export CLANG_WARN_BOOL_CONVERSION\=YES
    export CLANG_WARN_COMMA\=YES
    export CLANG_WARN_CONSTANT_CONVERSION\=YES
    export CLANG_WARN_DEPRECATED_OBJC_IMPLEMENTATIONS\=YES
    export CLANG_WARN_DIRECT_OBJC_ISA_USAGE\=YES_ERROR
    export CLANG_WARN_DOCUMENTATION_COMMENTS\=YES
    export CLANG_WARN_EMPTY_BODY\=YES
    export CLANG_WARN_ENUM_CONVERSION\=YES
    export CLANG_WARN_INFINITE_RECURSION\=YES
    export CLANG_WARN_INT_CONVERSION\=YES
    export CLANG_WARN_NON_LITERAL_NULL_CONVERSION\=YES
    export CLANG_WARN_OBJC_IMPLICIT_RETAIN_SELF\=YES
    export CLANG_WARN_OBJC_LITERAL_CONVERSION\=YES
    export CLANG_WARN_OBJC_ROOT_CLASS\=YES_ERROR
    export CLANG_WARN_QUOTED_INCLUDE_IN_FRAMEWORK_HEADER\=YES
    export CLANG_WARN_RANGE_LOOP_ANALYSIS\=YES
    export CLANG_WARN_STRICT_PROTOTYPES\=YES
    export CLANG_WARN_SUSPICIOUS_MOVE\=YES
    export CLANG_WARN_UNGUARDED_AVAILABILITY\=YES_AGGRESSIVE
    export CLANG_WARN_UNREACHABLE_CODE\=YES
    export CLANG_WARN__DUPLICATE_METHOD_MATCH\=YES
    export CLASS_FILE_DIR\=/Users/yan/Library/Developer/Xcode/DerivedData/MessageAI-fcqihoeipcbwpdgutsuclsargbwg/Build/Intermediates.noindex/MessageAI.build/Debug-iphonesimulator/MessageAI.build/JavaClasses
    export CLEAN_PRECOMPS\=YES
    export CLONE_HEADERS\=NO
    export CODESIGNING_FOLDER_PATH\=/Users/yan/Library/Developer/Xcode/DerivedData/MessageAI-fcqihoeipcbwpdgutsuclsargbwg/Build/Products/Debug-iphonesimulator/MessageAI.app
    export CODE_SIGNING_ALLOWED\=YES
    export CODE_SIGNING_REQUIRED\=YES
    export CODE_SIGN_CONTEXT_CLASS\=XCiPhoneSimulatorCodeSignContext
    export CODE_SIGN_IDENTITY\=iPhone\ Developer
    export CODE_SIGN_INJECT_BASE_ENTITLEMENTS\=YES
    export CODE_SIGN_STYLE\=Automatic
    export COLOR_DIAGNOSTICS\=NO
    export COMBINE_HIDPI_IMAGES\=NO
    export COMPILATION_CACHE_CAS_PATH\=/Users/yan/Library/Developer/Xcode/DerivedData/CompilationCache.noindex
    export COMPILATION_CACHE_KEEP_CAS_DIRECTORY\=YES
    export COMPILER_INDEX_STORE_ENABLE\=Default
    export COMPOSITE_SDK_DIRS\=/Users/yan/Library/Developer/Xcode/DerivedData/MessageAI-fcqihoeipcbwpdgutsuclsargbwg/Build/Intermediates.noindex/CompositeSDKs
    export COMPRESS_PNG_FILES\=YES
    export CONFIGURATION\=Debug
    export CONFIGURATION_BUILD_DIR\=/Users/yan/Library/Developer/Xcode/DerivedData/MessageAI-fcqihoeipcbwpdgutsuclsargbwg/Build/Products/Debug-iphonesimulator
    export CONFIGURATION_TEMP_DIR\=/Users/yan/Library/Developer/Xcode/DerivedData/MessageAI-fcqihoeipcbwpdgutsuclsargbwg/Build/Intermediates.noindex/MessageAI.build/Debug-iphonesimulator
    export CONTENTS_FOLDER_PATH\=MessageAI.app
    export CONTENTS_FOLDER_PATH_SHALLOW_BUNDLE_NO\=MessageAI.app/Contents
    export CONTENTS_FOLDER_PATH_SHALLOW_BUNDLE_YES\=MessageAI.app
    export COPYING_PRESERVES_HFS_DATA\=NO
    export COPY_HEADERS_RUN_UNIFDEF\=NO
    export COPY_PHASE_STRIP\=NO
    export CORRESPONDING_DEVICE_PLATFORM_DIR\=/Applications/Xcode.app/Contents/Developer/Platforms/iPhoneOS.platform
    export CORRESPONDING_DEVICE_PLATFORM_NAME\=iphoneos
    export CORRESPONDING_DEVICE_SDK_DIR\=/Applications/Xcode.app/Contents/Developer/Platforms/iPhoneOS.platform/Developer/SDKs/iPhoneOS26.0.sdk
    export CORRESPONDING_DEVICE_SDK_NAME\=iphoneos26.0
    export CP\=/bin/cp
    export CREATE_INFOPLIST_SECTION_IN_BINARY\=NO
    export CURRENT_ARCH\=undefined_arch
    export CURRENT_PROJECT_VERSION\=1
    export CURRENT_VARIANT\=normal
    export DEAD_CODE_STRIPPING\=YES
    export DEBUGGING_SYMBOLS\=YES
    export DEBUG_INFORMATION_FORMAT\=dwarf
    export DEBUG_INFORMATION_VERSION\=compiler-default
    export DEFAULT_COMPILER\=com.apple.compilers.llvm.clang.1_0
    export DEFAULT_DEXT_INSTALL_PATH\=/System/Library/DriverExtensions
    export DEFAULT_KEXT_INSTALL_PATH\=/System/Library/Extensions
    export DEFINES_MODULE\=NO
    export DEPLOYMENT_LOCATION\=NO
    export DEPLOYMENT_POSTPROCESSING\=NO
    export DEPLOYMENT_TARGET_SETTING_NAME\=IPHONEOS_DEPLOYMENT_TARGET
    export DEPLOYMENT_TARGET_SUGGESTED_VALUES\=12.0\ 12.1\ 12.2\ 12.3\ 12.4\ 13.0\ 13.1\ 13.2\ 13.3\ 13.4\ 13.5\ 13.6\ 14.0\ 14.1\ 14.2\ 14.3\ 14.4\ 14.5\ 14.6\ 14.7\ 15.0\ 15.1\ 15.2\ 15.3\ 15.4\ 15.5\ 15.6\ 16.0\ 16.1\ 16.2\ 16.3\ 16.4\ 16.5\ 16.6\ 17.0\ 17.1\ 17.2\ 17.3\ 17.4\ 17.5\ 17.6\ 18.0\ 18.1\ 18.2\ 18.3\ 18.4\ 18.5\ 18.6\ 26.0
    export DERIVED_FILES_DIR\=/Users/yan/Library/Developer/Xcode/DerivedData/MessageAI-fcqihoeipcbwpdgutsuclsargbwg/Build/Intermediates.noindex/MessageAI.build/Debug-iphonesimulator/MessageAI.build/DerivedSources
    export DERIVED_FILE_DIR\=/Users/yan/Library/Developer/Xcode/DerivedData/MessageAI-fcqihoeipcbwpdgutsuclsargbwg/Build/Intermediates.noindex/MessageAI.build/Debug-iphonesimulator/MessageAI.build/DerivedSources
    export DERIVED_SOURCES_DIR\=/Users/yan/Library/Developer/Xcode/DerivedData/MessageAI-fcqihoeipcbwpdgutsuclsargbwg/Build/Intermediates.noindex/MessageAI.build/Debug-iphonesimulator/MessageAI.build/DerivedSources
    export DEVELOPER_APPLICATIONS_DIR\=/Applications/Xcode.app/Contents/Developer/Applications
    export DEVELOPER_BIN_DIR\=/Applications/Xcode.app/Contents/Developer/usr/bin
    export DEVELOPER_DIR\=/Applications/Xcode.app/Contents/Developer
    export DEVELOPER_FRAMEWORKS_DIR\=/Applications/Xcode.app/Contents/Developer/Library/Frameworks
    export DEVELOPER_FRAMEWORKS_DIR_QUOTED\=/Applications/Xcode.app/Contents/Developer/Library/Frameworks
    export DEVELOPER_LIBRARY_DIR\=/Applications/Xcode.app/Contents/Developer/Library
    export DEVELOPER_SDK_DIR\=/Applications/Xcode.app/Contents/Developer/Platforms/MacOSX.platform/Developer/SDKs
    export DEVELOPER_TOOLS_DIR\=/Applications/Xcode.app/Contents/Developer/Tools
    export DEVELOPER_USR_DIR\=/Applications/Xcode.app/Contents/Developer/usr
    export DEVELOPMENT_LANGUAGE\=en
    export DIAGNOSE_MISSING_TARGET_DEPENDENCIES\=YES
    export DIFF\=/usr/bin/diff
    export DOCUMENTATION_FOLDER_PATH\=MessageAI.app/en.lproj/Documentation
    export DONT_GENERATE_INFOPLIST_FILE\=NO
    export DSTROOT\=/tmp/MessageAI.dst
    export DT_TOOLCHAIN_DIR\=/Applications/Xcode.app/Contents/Developer/Toolchains/XcodeDefault.xctoolchain
    export DWARF_DSYM_FILE_NAME\=MessageAI.app.dSYM
    export DWARF_DSYM_FILE_SHOULD_ACCOMPANY_PRODUCT\=NO
    export DWARF_DSYM_FOLDER_PATH\=/Users/yan/Library/Developer/Xcode/DerivedData/MessageAI-fcqihoeipcbwpdgutsuclsargbwg/Build/Products/Debug-iphonesimulator
    export DYNAMIC_LIBRARY_EXTENSION\=dylib
    export EAGER_COMPILATION_ALLOW_SCRIPTS\=NO
    export EAGER_LINKING\=NO
    export EFFECTIVE_PLATFORM_NAME\=-iphonesimulator
    export EMBEDDED_CONTENT_CONTAINS_SWIFT\=NO
    export EMBED_ASSET_PACKS_IN_PRODUCT_BUNDLE\=NO
    export EMBED_PACKAGE_RESOURCE_BUNDLE_NAMES\=\ GoogleUtilities_GoogleUtilities-Network\ GoogleUtilities_GoogleUtilities-Environment\ GoogleUtilities_GoogleUtilities-Logger\ GoogleUtilities_GoogleUtilities-NSData\ GoogleUtilities_GoogleUtilities-Reachability\ GoogleUtilities_GoogleUtilities-MethodSwizzler\ GoogleUtilities_GoogleUtilities-AppDelegateSwizzler\ GoogleUtilities_GoogleUtilities-UserDefaults\ Promises_FBLPromises\ GTMSessionFetcher_GTMSessionFetcherCore\ leveldb_leveldb\ gRPC_grpcppWrapper\ gRPC_grpcWrapper\ gRPC_opensslWrapper\ abseil_abslWrapper
    export ENABLE_APP_SANDBOX\=NO
    export ENABLE_BITCODE\=NO
    export ENABLE_CODE_COVERAGE\=YES
    export ENABLE_CPLUSPLUS_BOUNDS_SAFE_BUFFERS\=NO
    export ENABLE_C_BOUNDS_SAFETY\=NO
    export ENABLE_DEBUG_DYLIB\=YES
    export ENABLE_DEFAULT_HEADER_SEARCH_PATHS\=YES
    export ENABLE_DEFAULT_SEARCH_PATHS\=YES
    export ENABLE_ENHANCED_SECURITY\=NO
    export ENABLE_HARDENED_RUNTIME\=NO
    export ENABLE_HEADER_DEPENDENCIES\=YES
    export ENABLE_INCOMING_NETWORK_CONNECTIONS\=NO
    export ENABLE_ON_DEMAND_RESOURCES\=YES
    export ENABLE_OUTGOING_NETWORK_CONNECTIONS\=NO
    export ENABLE_POINTER_AUTHENTICATION\=NO
    export ENABLE_PREVIEWS\=NO
    export ENABLE_RESOURCE_ACCESS_AUDIO_INPUT\=NO
    export ENABLE_RESOURCE_ACCESS_BLUETOOTH\=NO
    export ENABLE_RESOURCE_ACCESS_CALENDARS\=NO
    export ENABLE_RESOURCE_ACCESS_CAMERA\=NO
    export ENABLE_RESOURCE_ACCESS_CONTACTS\=NO
    export ENABLE_RESOURCE_ACCESS_LOCATION\=NO
    export ENABLE_RESOURCE_ACCESS_PHOTO_LIBRARY\=NO
    export ENABLE_RESOURCE_ACCESS_PRINTING\=NO
    export ENABLE_RESOURCE_ACCESS_USB\=NO
    export ENABLE_SDK_IMPORTS\=NO
    export ENABLE_SECURITY_COMPILER_WARNINGS\=NO
    export ENABLE_STRICT_OBJC_MSGSEND\=YES
    export ENABLE_TESTABILITY\=YES
    export ENABLE_TESTING_SEARCH_PATHS\=NO
    export ENABLE_USER_SCRIPT_SANDBOXING\=NO
    export ENABLE_XOJIT_PREVIEWS\=YES
    export ENFORCE_VALID_ARCHS\=YES
    export ENTITLEMENTS_ALLOWED\=NO
    export ENTITLEMENTS_DESTINATION\=__entitlements
    export ENTITLEMENTS_REQUIRED\=NO
    export EXCLUDED_INSTALLSRC_SUBDIRECTORY_PATTERNS\=.DS_Store\ .svn\ .git\ .hg\ CVS
    export EXCLUDED_RECURSIVE_SEARCH_PATH_SUBDIRECTORIES\=\*.nib\ \*.lproj\ \*.framework\ \*.gch\ \*.xcode\*\ \*.xcassets\ \*.icon\ \(\*\)\ .DS_Store\ CVS\ .svn\ .git\ .hg\ \*.pbproj\ \*.pbxproj
    export EXECUTABLES_FOLDER_PATH\=MessageAI.app/Executables
    export EXECUTABLE_BLANK_INJECTION_DYLIB_PATH\=MessageAI.app/__preview.dylib
    export EXECUTABLE_DEBUG_DYLIB_INSTALL_NAME\=@rpath/MessageAI.debug.dylib
    export EXECUTABLE_DEBUG_DYLIB_PATH\=MessageAI.app/MessageAI.debug.dylib
    export EXECUTABLE_FOLDER_PATH\=MessageAI.app
    export EXECUTABLE_FOLDER_PATH_SHALLOW_BUNDLE_NO\=MessageAI.app/MacOS
    export EXECUTABLE_FOLDER_PATH_SHALLOW_BUNDLE_YES\=MessageAI.app
    export EXECUTABLE_NAME\=MessageAI
    export EXECUTABLE_PATH\=MessageAI.app/MessageAI
    export EXPANDED_CODE_SIGN_IDENTITY\=-
    export EXPANDED_CODE_SIGN_IDENTITY_NAME\=Sign\ to\ Run\ Locally
    export EXTENSIONS_FOLDER_PATH\=MessageAI.app/Extensions
    export FILE_LIST\=/Users/yan/Library/Developer/Xcode/DerivedData/MessageAI-fcqihoeipcbwpdgutsuclsargbwg/Build/Intermediates.noindex/MessageAI.build/Debug-iphonesimulator/MessageAI.build/Objects/LinkFileList
    export FIXED_FILES_DIR\=/Users/yan/Library/Developer/Xcode/DerivedData/MessageAI-fcqihoeipcbwpdgutsuclsargbwg/Build/Intermediates.noindex/MessageAI.build/Debug-iphonesimulator/MessageAI.build/FixedFiles
    export FRAMEWORKS_FOLDER_PATH\=MessageAI.app/Frameworks
    export FRAMEWORK_FLAG_PREFIX\=-framework
    export FRAMEWORK_SEARCH_PATHS\=/Users/yan/Library/Developer/Xcode/DerivedData/MessageAI-fcqihoeipcbwpdgutsuclsargbwg/Build/Products/Debug-iphonesimulator/PackageFrameworks\ /Users/yan/Library/Developer/Xcode/DerivedData/MessageAI-fcqihoeipcbwpdgutsuclsargbwg/Build/Products/Debug-iphonesimulator/PackageFrameworks\ /Users/yan/Library/Developer/Xcode/DerivedData/MessageAI-fcqihoeipcbwpdgutsuclsargbwg/Build/Products/Debug-iphonesimulator/PackageFrameworks\ /Users/yan/Library/Developer/Xcode/DerivedData/MessageAI-fcqihoeipcbwpdgutsuclsargbwg/Build/Products/Debug-iphonesimulator/PackageFrameworks\ /Users/yan/Library/Developer/Xcode/DerivedData/MessageAI-fcqihoeipcbwpdgutsuclsargbwg/Build/Products/Debug-iphonesimulator/PackageFrameworks\ /Users/yan/Library/Developer/Xcode/DerivedData/MessageAI-fcqihoeipcbwpdgutsuclsargbwg/Build/Products/Debug-iphonesimulator/PackageFrameworks\ /Users/yan/Library/Developer/Xcode/DerivedData/MessageAI-fcqihoeipcbwpdgutsuclsargbwg/Build/Products/Debug-iphonesimulator/PackageFrameworks\ /Users/yan/Library/Developer/Xcode/DerivedData/MessageAI-fcqihoeipcbwpdgutsuclsargbwg/Build/Products/Debug-iphonesimulator/PackageFrameworks\ /Users/yan/Library/Developer/Xcode/DerivedData/MessageAI-fcqihoeipcbwpdgutsuclsargbwg/Build/Products/Debug-iphonesimulator/PackageFrameworks\ /Users/yan/Library/Developer/Xcode/DerivedData/MessageAI-fcqihoeipcbwpdgutsuclsargbwg/Build/Products/Debug-iphonesimulator/PackageFrameworks\ /Users/yan/Library/Developer/Xcode/DerivedData/MessageAI-fcqihoeipcbwpdgutsuclsargbwg/Build/Products/Debug-iphonesimulator/PackageFrameworks\ /Users/yan/Library/Developer/Xcode/DerivedData/MessageAI-fcqihoeipcbwpdgutsuclsargbwg/Build/Products/Debug-iphonesimulator/PackageFrameworks\ /Users/yan/Library/Developer/Xcode/DerivedData/MessageAI-fcqihoeipcbwpdgutsuclsargbwg/Build/Products/Debug-iphonesimulator/PackageFrameworks\ /Users/yan/Library/Developer/Xcode/DerivedData/MessageAI-fcqihoeipcbwpdgutsuclsargbwg/Build/Products/Debug-iphonesimulator/PackageFrameworks\ /Users/yan/Library/Developer/Xcode/DerivedData/MessageAI-fcqihoeipcbwpdgutsuclsargbwg/Build/Products/Debug-iphonesimulator/PackageFrameworks\ /Users/yan/Library/Developer/Xcode/DerivedData/MessageAI-fcqihoeipcbwpdgutsuclsargbwg/Build/Products/Debug-iphonesimulator/PackageFrameworks\ /Users/yan/Library/Developer/Xcode/DerivedData/MessageAI-fcqihoeipcbwpdgutsuclsargbwg/Build/Products/Debug-iphonesimulator/PackageFrameworks\ /Users/yan/Library/Developer/Xcode/DerivedData/MessageAI-fcqihoeipcbwpdgutsuclsargbwg/Build/Products/Debug-iphonesimulator/PackageFrameworks\ /Users/yan/Library/Developer/Xcode/DerivedData/MessageAI-fcqihoeipcbwpdgutsuclsargbwg/Build/Products/Debug-iphonesimulator/PackageFrameworks\ /Users/yan/Library/Developer/Xcode/DerivedData/MessageAI-fcqihoeipcbwpdgutsuclsargbwg/Build/Products/Debug-iphonesimulator/PackageFrameworks\ /Users/yan/Library/Developer/Xcode/DerivedData/MessageAI-fcqihoeipcbwpdgutsuclsargbwg/Build/Products/Debug-iphonesimulator/PackageFrameworks\ /Users/yan/Library/Developer/Xcode/DerivedData/MessageAI-fcqihoeipcbwpdgutsuclsargbwg/Build/Products/Debug-iphonesimulator/PackageFrameworks\ /Users/yan/Library/Developer/Xcode/DerivedData/MessageAI-fcqihoeipcbwpdgutsuclsargbwg/Build/Products/Debug-iphonesimulator/PackageFrameworks\ /Users/yan/Library/Developer/Xcode/DerivedData/MessageAI-fcqihoeipcbwpdgutsuclsargbwg/Build/Products/Debug-iphonesimulator/PackageFrameworks\ /Users/yan/Library/Developer/Xcode/DerivedData/MessageAI-fcqihoeipcbwpdgutsuclsargbwg/Build/Products/Debug-iphonesimulator/PackageFrameworks\ /Users/yan/Library/Developer/Xcode/DerivedData/MessageAI-fcqihoeipcbwpdgutsuclsargbwg/Build/Products/Debug-iphonesimulator/PackageFrameworks\ /Users/yan/Library/Developer/Xcode/DerivedData/MessageAI-fcqihoeipcbwpdgutsuclsargbwg/Build/Products/Debug-iphonesimulator/PackageFrameworks\ /Users/yan/Library/Developer/Xcode/DerivedData/MessageAI-fcqihoeipcbwpdgutsuclsargbwg/Build/Products/Debug-iphonesimulator/PackageFrameworks\ /Users/yan/Library/Developer/Xcode/DerivedData/MessageAI-fcqihoeipcbwpdgutsuclsargbwg/Build/Products/Debug-iphonesimulator/PackageFrameworks\ /Users/yan/Library/Developer/Xcode/DerivedData/MessageAI-fcqihoeipcbwpdgutsuclsargbwg/Build/Products/Debug-iphonesimulator/PackageFrameworks\ /Users/yan/Library/Developer/Xcode/DerivedData/MessageAI-fcqihoeipcbwpdgutsuclsargbwg/Build/Products/Debug-iphonesimulator/PackageFrameworks\ /Users/yan/Library/Developer/Xcode/DerivedData/MessageAI-fcqihoeipcbwpdgutsuclsargbwg/Build/Products/Debug-iphonesimulator/PackageFrameworks\ /Users/yan/Library/Developer/Xcode/DerivedData/MessageAI-fcqihoeipcbwpdgutsuclsargbwg/Build/Products/Debug-iphonesimulator/PackageFrameworks\ /Users/yan/Library/Developer/Xcode/DerivedData/MessageAI-fcqihoeipcbwpdgutsuclsargbwg/Build/Products/Debug-iphonesimulator/PackageFrameworks\ /Users/yan/Library/Developer/Xcode/DerivedData/MessageAI-fcqihoeipcbwpdgutsuclsargbwg/Build/Products/Debug-iphonesimulator/PackageFrameworks\ /Users/yan/Library/Developer/Xcode/DerivedData/MessageAI-fcqihoeipcbwpdgutsuclsargbwg/Build/Products/Debug-iphonesimulator/PackageFrameworks\ /Users/yan/Library/Developer/Xcode/DerivedData/MessageAI-fcqihoeipcbwpdgutsuclsargbwg/Build/Products/Debug-iphonesimulator/PackageFrameworks\ /Users/yan/Library/Developer/Xcode/DerivedData/MessageAI-fcqihoeipcbwpdgutsuclsargbwg/Build/Products/Debug-iphonesimulator/PackageFrameworks\ /Users/yan/Library/Developer/Xcode/DerivedData/MessageAI-fcqihoeipcbwpdgutsuclsargbwg/Build/Products/Debug-iphonesimulator\ 
    export FRAMEWORK_VERSION\=A
    export FULL_PRODUCT_NAME\=MessageAI.app
    export FUSE_BUILD_PHASES\=YES
    export FUSE_BUILD_SCRIPT_PHASES\=NO
    export GCC3_VERSION\=3.3
    export GCC_C_LANGUAGE_STANDARD\=gnu11
    export GCC_DYNAMIC_NO_PIC\=NO
    export GCC_INLINES_ARE_PRIVATE_EXTERN\=YES
    export GCC_NO_COMMON_BLOCKS\=YES
    export GCC_OBJC_LEGACY_DISPATCH\=YES
    export GCC_OPTIMIZATION_LEVEL\=0
    export GCC_PFE_FILE_C_DIALECTS\=c\ objective-c\ c++\ objective-c++
    export GCC_PREPROCESSOR_DEFINITIONS\=\ DEBUG\=1
    export GCC_SYMBOLS_PRIVATE_EXTERN\=NO
    export GCC_TREAT_WARNINGS_AS_ERRORS\=NO
    export GCC_VERSION\=com.apple.compilers.llvm.clang.1_0
    export GCC_VERSION_IDENTIFIER\=com_apple_compilers_llvm_clang_1_0
    export GCC_WARN_64_TO_32_BIT_CONVERSION\=YES
    export GCC_WARN_ABOUT_RETURN_TYPE\=YES_ERROR
    export GCC_WARN_UNDECLARED_SELECTOR\=YES
    export GCC_WARN_UNINITIALIZED_AUTOS\=YES_AGGRESSIVE
    export GCC_WARN_UNUSED_FUNCTION\=YES
    export GCC_WARN_UNUSED_VARIABLE\=YES
    export GENERATED_MODULEMAP_DIR\=/Users/yan/Library/Developer/Xcode/DerivedData/MessageAI-fcqihoeipcbwpdgutsuclsargbwg/Build/Intermediates.noindex/GeneratedModuleMaps-iphonesimulator
    export GENERATE_INFOPLIST_FILE\=NO
    export GENERATE_INTERMEDIATE_TEXT_BASED_STUBS\=YES
    export GENERATE_PKGINFO_FILE\=YES
    export GENERATE_PRELINK_OBJECT_FILE\=NO
    export GENERATE_PROFILING_CODE\=NO
    export GENERATE_TEXT_BASED_STUBS\=NO
    export GID\=20
    export GROUP\=staff
    export HEADERMAP_INCLUDES_FLAT_ENTRIES_FOR_TARGET_BEING_BUILT\=YES
    export HEADERMAP_INCLUDES_FRAMEWORK_ENTRIES_FOR_ALL_PRODUCT_TYPES\=YES
    export HEADERMAP_INCLUDES_FRAMEWORK_ENTRIES_FOR_TARGETS_NOT_BEING_BUILT\=YES
    export HEADERMAP_INCLUDES_NONPUBLIC_NONPRIVATE_HEADERS\=YES
    export HEADERMAP_INCLUDES_PROJECT_HEADERS\=YES
    export HEADERMAP_USES_FRAMEWORK_PREFIX_ENTRIES\=YES
    export HEADERMAP_USES_VFS\=NO
    export HEADER_SEARCH_PATHS\=/Users/yan/Library/Developer/Xcode/DerivedData/MessageAI-fcqihoeipcbwpdgutsuclsargbwg/SourcePackages/checkouts/interop-ios-for-google-sdks/RecaptchaEnterprise/RecaptchaInterop/Public\ /Users/yan/Library/Developer/Xcode/DerivedData/MessageAI-fcqihoeipcbwpdgutsuclsargbwg/SourcePackages/checkouts/firebase-ios-sdk/FirebaseAuth/Sources/Public\ /Users/yan/Library/Developer/Xcode/DerivedData/MessageAI-fcqihoeipcbwpdgutsuclsargbwg/SourcePackages/checkouts/abseil-cpp-binary/absl-Wrapper/include\ /Users/yan/Library/Developer/Xcode/DerivedData/MessageAI-fcqihoeipcbwpdgutsuclsargbwg/SourcePackages/checkouts/grpc-binary/openssl-grpc-Wrapper/include\ /Users/yan/Library/Developer/Xcode/DerivedData/MessageAI-fcqihoeipcbwpdgutsuclsargbwg/SourcePackages/checkouts/grpc-binary/grpc-Wrapper/include\ /Users/yan/Library/Developer/Xcode/DerivedData/MessageAI-fcqihoeipcbwpdgutsuclsargbwg/SourcePackages/checkouts/grpc-binary/grpcpp-Wrapper/include\ /Users/yan/Library/Developer/Xcode/DerivedData/MessageAI-fcqihoeipcbwpdgutsuclsargbwg/SourcePackages/checkouts/leveldb/include\ /Users/yan/Library/Developer/Xcode/DerivedData/MessageAI-fcqihoeipcbwpdgutsuclsargbwg/SourcePackages/checkouts/firebase-ios-sdk/FirebaseFirestoreInternal/.\ /Users/yan/Library/Developer/Xcode/DerivedData/MessageAI-fcqihoeipcbwpdgutsuclsargbwg/SourcePackages/checkouts/firebase-ios-sdk/SwiftPM-PlatformExclude/FirebaseFirestoreWrap/include\ /Users/yan/Library/Developer/Xcode/DerivedData/MessageAI-fcqihoeipcbwpdgutsuclsargbwg/SourcePackages/checkouts/gtm-session-fetcher/Sources/Core/Public\ /Users/yan/Library/Developer/Xcode/DerivedData/MessageAI-fcqihoeipcbwpdgutsuclsargbwg/SourcePackages/checkouts/firebase-ios-sdk/FirebaseMessaging/Interop/.\ /Users/yan/Library/Developer/Xcode/DerivedData/MessageAI-fcqihoeipcbwpdgutsuclsargbwg/SourcePackages/checkouts/firebase-ios-sdk/FirebaseCore/Extension/.\ /Users/yan/Library/Developer/Xcode/DerivedData/MessageAI-fcqihoeipcbwpdgutsuclsargbwg/SourcePackages/checkouts/firebase-ios-sdk/FirebaseAuth/Interop/.\ /Users/yan/Library/Developer/Xcode/DerivedData/MessageAI-fcqihoeipcbwpdgutsuclsargbwg/SourcePackages/checkouts/firebase-ios-sdk/FirebaseAppCheck/Interop/Public\ /Users/yan/Library/Developer/Xcode/DerivedData/MessageAI-fcqihoeipcbwpdgutsuclsargbwg/SourcePackages/checkouts/promises/Sources/FBLPromises/include\ /Users/yan/Library/Developer/Xcode/DerivedData/MessageAI-fcqihoeipcbwpdgutsuclsargbwg/SourcePackages/checkouts/GoogleUtilities/GoogleUtilities/UserDefaults/Public\ /Users/yan/Library/Developer/Xcode/DerivedData/MessageAI-fcqihoeipcbwpdgutsuclsargbwg/SourcePackages/checkouts/GoogleAppMeasurement/GoogleAppMeasurementWrapper/include\ /Users/yan/Library/Developer/Xcode/DerivedData/MessageAI-fcqihoeipcbwpdgutsuclsargbwg/SourcePackages/checkouts/GoogleUtilities/GoogleUtilities/AppDelegateSwizzler/Public\ /Users/yan/Library/Developer/Xcode/DerivedData/MessageAI-fcqihoeipcbwpdgutsuclsargbwg/SourcePackages/checkouts/GoogleUtilities/GoogleUtilities/MethodSwizzler/Public\ /Users/yan/Library/Developer/Xcode/DerivedData/MessageAI-fcqihoeipcbwpdgutsuclsargbwg/SourcePackages/checkouts/GoogleUtilities/GoogleUtilities/Reachability/Public\ /Users/yan/Library/Developer/Xcode/DerivedData/MessageAI-fcqihoeipcbwpdgutsuclsargbwg/SourcePackages/checkouts/GoogleUtilities/GoogleUtilities/NSData+zlib/Public\ /Users/yan/Library/Developer/Xcode/DerivedData/MessageAI-fcqihoeipcbwpdgutsuclsargbwg/SourcePackages/checkouts/GoogleUtilities/GoogleUtilities/Logger/Public\ /Users/yan/Library/Developer/Xcode/DerivedData/MessageAI-fcqihoeipcbwpdgutsuclsargbwg/SourcePackages/checkouts/GoogleUtilities/GoogleUtilities/Environment/Public\ /Users/yan/Library/Developer/Xcode/DerivedData/MessageAI-fcqihoeipcbwpdgutsuclsargbwg/SourcePackages/checkouts/GoogleUtilities/third_party/IsAppEncrypted/Public\ /Users/yan/Library/Developer/Xcode/DerivedData/MessageAI-fcqihoeipcbwpdgutsuclsargbwg/SourcePackages/checkouts/GoogleUtilities/GoogleUtilities/Network/Public\ /Users/yan/Library/Developer/Xcode/DerivedData/MessageAI-fcqihoeipcbwpdgutsuclsargbwg/SourcePackages/checkouts/nanopb/spm_headers\ /Users/yan/Library/Developer/Xcode/DerivedData/MessageAI-fcqihoeipcbwpdgutsuclsargbwg/SourcePackages/checkouts/firebase-ios-sdk/FirebaseAnalyticsWrapper/include\ /Users/yan/Library/Developer/Xcode/DerivedData/MessageAI-fcqihoeipcbwpdgutsuclsargbwg/SourcePackages/checkouts/firebase-ios-sdk/FirebaseInstallations/Source/Library/Public\ /Users/yan/Library/Developer/Xcode/DerivedData/MessageAI-fcqihoeipcbwpdgutsuclsargbwg/SourcePackages/checkouts/firebase-ios-sdk/FirebaseCore/Sources/Public\ /Users/yan/Library/Developer/Xcode/DerivedData/MessageAI-fcqihoeipcbwpdgutsuclsargbwg/SourcePackages/checkouts/firebase-ios-sdk/CoreOnly/Sources/.\ /Users/yan/Library/Developer/Xcode/DerivedData/MessageAI-fcqihoeipcbwpdgutsuclsargbwg/SourcePackages/checkouts/firebase-ios-sdk/SwiftPM-PlatformExclude/FirebaseAnalyticsWrap/include\ /Users/yan/Library/Developer/Xcode/DerivedData/MessageAI-fcqihoeipcbwpdgutsuclsargbwg/SourcePackages/checkouts/InjectionNext/Sources/InjectionNextC/include\ /Users/yan/Library/Developer/Xcode/DerivedData/MessageAI-fcqihoeipcbwpdgutsuclsargbwg/Build/Products/Debug-iphonesimulator/include\ 
    export HOME\=/Users/yan
    export HOST_ARCH\=x86_64
    export HOST_PLATFORM\=macosx
    export ICONV\=/usr/bin/iconv
    export IMPLICIT_DEPENDENCY_DOMAIN\=default
    export INFOPLIST_ENABLE_CFBUNDLEICONS_MERGE\=YES
    export INFOPLIST_EXPAND_BUILD_SETTINGS\=YES
    export INFOPLIST_FILE\=MessageAI/MessageAI/Resources/Info.plist
    export INFOPLIST_KEY_UIApplicationSceneManifest_Generation\=YES
    export INFOPLIST_KEY_UIApplicationSupportsIndirectInputEvents\=YES
    export INFOPLIST_KEY_UILaunchScreen_Generation\=YES
    export INFOPLIST_KEY_UISupportedInterfaceOrientations\=UIInterfaceOrientationPortrait
    export INFOPLIST_KEY_UISupportedInterfaceOrientations_iPad\=UIInterfaceOrientationLandscapeLeft\ UIInterfaceOrientationLandscapeRight\ UIInterfaceOrientationPortrait\ UIInterfaceOrientationPortraitUpsideDown
    export INFOPLIST_OUTPUT_FORMAT\=binary
    export INFOPLIST_PATH\=MessageAI.app/Info.plist
    export INFOPLIST_PREPROCESS\=NO
    export INFOSTRINGS_PATH\=MessageAI.app/en.lproj/InfoPlist.strings
    export INLINE_PRIVATE_FRAMEWORKS\=NO
    export INSTALLAPI_IGNORE_SKIP_INSTALL\=YES
    export INSTALLHDRS_COPY_PHASE\=NO
    export INSTALLHDRS_SCRIPT_PHASE\=NO
    export INSTALL_DIR\=/tmp/MessageAI.dst/Applications
    export INSTALL_GROUP\=staff
    export INSTALL_MODE_FLAG\=u+w,go-w,a+rX
    export INSTALL_OWNER\=yan
    export INSTALL_PATH\=/Applications
    export INSTALL_ROOT\=/tmp/MessageAI.dst
    export IPHONEOS_DEPLOYMENT_TARGET\=16.0
    export IS_UNOPTIMIZED_BUILD\=YES
    export JAVAC_DEFAULT_FLAGS\=-J-Xms64m\ -J-XX:NewSize\=4M\ -J-Dfile.encoding\=UTF8
    export JAVA_APP_STUB\=/System/Library/Frameworks/JavaVM.framework/Resources/MacOS/JavaApplicationStub
    export JAVA_ARCHIVE_CLASSES\=YES
    export JAVA_ARCHIVE_TYPE\=JAR
    export JAVA_COMPILER\=/usr/bin/javac
    export JAVA_FOLDER_PATH\=MessageAI.app/Java
    export JAVA_FRAMEWORK_RESOURCES_DIRS\=Resources
    export JAVA_JAR_FLAGS\=cv
    export JAVA_SOURCE_SUBDIR\=.
    export JAVA_USE_DEPENDENCIES\=YES
    export JAVA_ZIP_FLAGS\=-urg
    export JIKES_DEFAULT_FLAGS\=+E\ +OLDCSO
    export KEEP_PRIVATE_EXTERNS\=NO
    export LD_DEPENDENCY_INFO_FILE\=/Users/yan/Library/Developer/Xcode/DerivedData/MessageAI-fcqihoeipcbwpdgutsuclsargbwg/Build/Intermediates.noindex/MessageAI.build/Debug-iphonesimulator/MessageAI.build/Objects-normal/undefined_arch/MessageAI_dependency_info.dat
    export LD_ENTITLEMENTS_SECTION\=/Users/yan/Library/Developer/Xcode/DerivedData/MessageAI-fcqihoeipcbwpdgutsuclsargbwg/Build/Intermediates.noindex/MessageAI.build/Debug-iphonesimulator/MessageAI.build/MessageAI.app-Simulated.xcent
    export LD_ENTITLEMENTS_SECTION_DER\=/Users/yan/Library/Developer/Xcode/DerivedData/MessageAI-fcqihoeipcbwpdgutsuclsargbwg/Build/Intermediates.noindex/MessageAI.build/Debug-iphonesimulator/MessageAI.build/MessageAI.app-Simulated.xcent.der
    export LD_EXPORT_SYMBOLS\=YES
    export LD_GENERATE_MAP_FILE\=NO
    export LD_MAP_FILE_PATH\=/Users/yan/Library/Developer/Xcode/DerivedData/MessageAI-fcqihoeipcbwpdgutsuclsargbwg/Build/Intermediates.noindex/MessageAI.build/Debug-iphonesimulator/MessageAI.build/MessageAI-LinkMap-normal-undefined_arch.txt
    export LD_NO_PIE\=NO
    export LD_QUOTE_LINKER_ARGUMENTS_FOR_COMPILER_DRIVER\=YES
    export LD_RUNPATH_SEARCH_PATHS\=/Users/yan/Library/Developer/Xcode/DerivedData/MessageAI-fcqihoeipcbwpdgutsuclsargbwg/Build/Products/Debug-iphonesimulator/PackageFrameworks\ /Users/yan/Library/Developer/Xcode/DerivedData/MessageAI-fcqihoeipcbwpdgutsuclsargbwg/Build/Products/Debug-iphonesimulator/PackageFrameworks\ /Users/yan/Library/Developer/Xcode/DerivedData/MessageAI-fcqihoeipcbwpdgutsuclsargbwg/Build/Products/Debug-iphonesimulator/PackageFrameworks\ /Users/yan/Library/Developer/Xcode/DerivedData/MessageAI-fcqihoeipcbwpdgutsuclsargbwg/Build/Products/Debug-iphonesimulator/PackageFrameworks\ /Users/yan/Library/Developer/Xcode/DerivedData/MessageAI-fcqihoeipcbwpdgutsuclsargbwg/Build/Products/Debug-iphonesimulator/PackageFrameworks\ /Users/yan/Library/Developer/Xcode/DerivedData/MessageAI-fcqihoeipcbwpdgutsuclsargbwg/Build/Products/Debug-iphonesimulator/PackageFrameworks\ /Users/yan/Library/Developer/Xcode/DerivedData/MessageAI-fcqihoeipcbwpdgutsuclsargbwg/Build/Products/Debug-iphonesimulator/PackageFrameworks\ /Users/yan/Library/Developer/Xcode/DerivedData/MessageAI-fcqihoeipcbwpdgutsuclsargbwg/Build/Products/Debug-iphonesimulator/PackageFrameworks\ /Users/yan/Library/Developer/Xcode/DerivedData/MessageAI-fcqihoeipcbwpdgutsuclsargbwg/Build/Products/Debug-iphonesimulator/PackageFrameworks\ /Users/yan/Library/Developer/Xcode/DerivedData/MessageAI-fcqihoeipcbwpdgutsuclsargbwg/Build/Products/Debug-iphonesimulator/PackageFrameworks\ /Users/yan/Library/Developer/Xcode/DerivedData/MessageAI-fcqihoeipcbwpdgutsuclsargbwg/Build/Products/Debug-iphonesimulator/PackageFrameworks\ /Users/yan/Library/Developer/Xcode/DerivedData/MessageAI-fcqihoeipcbwpdgutsuclsargbwg/Build/Products/Debug-iphonesimulator/PackageFrameworks\ /Users/yan/Library/Developer/Xcode/DerivedData/MessageAI-fcqihoeipcbwpdgutsuclsargbwg/Build/Products/Debug-iphonesimulator/PackageFrameworks\ /Users/yan/Library/Developer/Xcode/DerivedData/MessageAI-fcqihoeipcbwpdgutsuclsargbwg/Build/Products/Debug-iphonesimulator/PackageFrameworks\ /Users/yan/Library/Developer/Xcode/DerivedData/MessageAI-fcqihoeipcbwpdgutsuclsargbwg/Build/Products/Debug-iphonesimulator/PackageFrameworks\ /Users/yan/Library/Developer/Xcode/DerivedData/MessageAI-fcqihoeipcbwpdgutsuclsargbwg/Build/Products/Debug-iphonesimulator/PackageFrameworks\ /Users/yan/Library/Developer/Xcode/DerivedData/MessageAI-fcqihoeipcbwpdgutsuclsargbwg/Build/Products/Debug-iphonesimulator/PackageFrameworks\ /Users/yan/Library/Developer/Xcode/DerivedData/MessageAI-fcqihoeipcbwpdgutsuclsargbwg/Build/Products/Debug-iphonesimulator/PackageFrameworks\ /Users/yan/Library/Developer/Xcode/DerivedData/MessageAI-fcqihoeipcbwpdgutsuclsargbwg/Build/Products/Debug-iphonesimulator/PackageFrameworks\ /Users/yan/Library/Developer/Xcode/DerivedData/MessageAI-fcqihoeipcbwpdgutsuclsargbwg/Build/Products/Debug-iphonesimulator/PackageFrameworks\ /Users/yan/Library/Developer/Xcode/DerivedData/MessageAI-fcqihoeipcbwpdgutsuclsargbwg/Build/Products/Debug-iphonesimulator/PackageFrameworks\ /Users/yan/Library/Developer/Xcode/DerivedData/MessageAI-fcqihoeipcbwpdgutsuclsargbwg/Build/Products/Debug-iphonesimulator/PackageFrameworks\ /Users/yan/Library/Developer/Xcode/DerivedData/MessageAI-fcqihoeipcbwpdgutsuclsargbwg/Build/Products/Debug-iphonesimulator/PackageFrameworks\ /Users/yan/Library/Developer/Xcode/DerivedData/MessageAI-fcqihoeipcbwpdgutsuclsargbwg/Build/Products/Debug-iphonesimulator/PackageFrameworks\ /Users/yan/Library/Developer/Xcode/DerivedData/MessageAI-fcqihoeipcbwpdgutsuclsargbwg/Build/Products/Debug-iphonesimulator/PackageFrameworks\ /Users/yan/Library/Developer/Xcode/DerivedData/MessageAI-fcqihoeipcbwpdgutsuclsargbwg/Build/Products/Debug-iphonesimulator/PackageFrameworks\ /Users/yan/Library/Developer/Xcode/DerivedData/MessageAI-fcqihoeipcbwpdgutsuclsargbwg/Build/Products/Debug-iphonesimulator/PackageFrameworks\ /Users/yan/Library/Developer/Xcode/DerivedData/MessageAI-fcqihoeipcbwpdgutsuclsargbwg/Build/Products/Debug-iphonesimulator/PackageFrameworks\ /Users/yan/Library/Developer/Xcode/DerivedData/MessageAI-fcqihoeipcbwpdgutsuclsargbwg/Build/Products/Debug-iphonesimulator/PackageFrameworks\ /Users/yan/Library/Developer/Xcode/DerivedData/MessageAI-fcqihoeipcbwpdgutsuclsargbwg/Build/Products/Debug-iphonesimulator/PackageFrameworks\ /Users/yan/Library/Developer/Xcode/DerivedData/MessageAI-fcqihoeipcbwpdgutsuclsargbwg/Build/Products/Debug-iphonesimulator/PackageFrameworks\ /Users/yan/Library/Developer/Xcode/DerivedData/MessageAI-fcqihoeipcbwpdgutsuclsargbwg/Build/Products/Debug-iphonesimulator/PackageFrameworks\ /Users/yan/Library/Developer/Xcode/DerivedData/MessageAI-fcqihoeipcbwpdgutsuclsargbwg/Build/Products/Debug-iphonesimulator/PackageFrameworks\ /Users/yan/Library/Developer/Xcode/DerivedData/MessageAI-fcqihoeipcbwpdgutsuclsargbwg/Build/Products/Debug-iphonesimulator/PackageFrameworks\ /Users/yan/Library/Developer/Xcode/DerivedData/MessageAI-fcqihoeipcbwpdgutsuclsargbwg/Build/Products/Debug-iphonesimulator/PackageFrameworks\ /Users/yan/Library/Developer/Xcode/DerivedData/MessageAI-fcqihoeipcbwpdgutsuclsargbwg/Build/Products/Debug-iphonesimulator/PackageFrameworks\ /Users/yan/Library/Developer/Xcode/DerivedData/MessageAI-fcqihoeipcbwpdgutsuclsargbwg/Build/Products/Debug-iphonesimulator/PackageFrameworks\ /Users/yan/Library/Developer/Xcode/DerivedData/MessageAI-fcqihoeipcbwpdgutsuclsargbwg/Build/Products/Debug-iphonesimulator/PackageFrameworks\ \ @executable_path/Frameworks
    export LD_RUNPATH_SEARCH_PATHS_YES\=@loader_path/../Frameworks
    export LD_SHARED_CACHE_ELIGIBLE\=Automatic
    export LD_WARN_DUPLICATE_LIBRARIES\=NO
    export LD_WARN_UNUSED_DYLIBS\=NO
    export LEGACY_DEVELOPER_DIR\=/Applications/Xcode.app/Contents/PlugIns/Xcode3Core.ideplugin/Contents/SharedSupport/Developer
    export LEX\=lex
    export LIBRARY_DEXT_INSTALL_PATH\=/Library/DriverExtensions
    export LIBRARY_FLAG_NOSPACE\=YES
    export LIBRARY_FLAG_PREFIX\=-l
    export LIBRARY_KEXT_INSTALL_PATH\=/Library/Extensions
    export LIBRARY_SEARCH_PATHS\=/Users/yan/Library/Developer/Xcode/DerivedData/MessageAI-fcqihoeipcbwpdgutsuclsargbwg/Build/Products/Debug-iphonesimulator\ 
    export LINKER_DISPLAYS_MANGLED_NAMES\=NO
    export LINK_FILE_LIST_normal_x86_64\=/Users/yan/Library/Developer/Xcode/DerivedData/MessageAI-fcqihoeipcbwpdgutsuclsargbwg/Build/Intermediates.noindex/MessageAI.build/Debug-iphonesimulator/MessageAI.build/Objects-normal/x86_64/MessageAI.LinkFileList
    export LINK_OBJC_RUNTIME\=YES
    export LINK_WITH_STANDARD_LIBRARIES\=YES
    export LLVM_TARGET_TRIPLE_OS_VERSION\=ios16.0
    export LLVM_TARGET_TRIPLE_SUFFIX\=-simulator
    export LLVM_TARGET_TRIPLE_VENDOR\=apple
    export LM_AUX_CONST_METADATA_LIST_PATH_normal_x86_64\=/Users/yan/Library/Developer/Xcode/DerivedData/MessageAI-fcqihoeipcbwpdgutsuclsargbwg/Build/Intermediates.noindex/MessageAI.build/Debug-iphonesimulator/MessageAI.build/Objects-normal/x86_64/MessageAI.SwiftConstValuesFileList
    export LOCALIZATION_EXPORT_SUPPORTED\=YES
    export LOCALIZATION_PREFERS_STRING_CATALOGS\=NO
    export LOCALIZED_RESOURCES_FOLDER_PATH\=MessageAI.app/en.lproj
    export LOCALIZED_STRING_MACRO_NAMES\=NSLocalizedString\ CFCopyLocalizedString
    export LOCALIZED_STRING_SWIFTUI_SUPPORT\=YES
    export LOCAL_ADMIN_APPS_DIR\=/Applications/Utilities
    export LOCAL_APPS_DIR\=/Applications
    export LOCAL_DEVELOPER_DIR\=/Library/Developer
    export LOCAL_LIBRARY_DIR\=/Library
    export LOCROOT\=/Users/yan/gauntlet/messageAI
    export LOCSYMROOT\=/Users/yan/gauntlet/messageAI
    export MACH_O_TYPE\=mh_execute
    export MAC_OS_X_PRODUCT_BUILD_VERSION\=25A362
    export MAC_OS_X_VERSION_ACTUAL\=260001
    export MAC_OS_X_VERSION_MAJOR\=260000
    export MAC_OS_X_VERSION_MINOR\=260000
    export MAKE_MERGEABLE\=NO
    export MARKETING_VERSION\=1.0.0
    export MERGEABLE_LIBRARY\=NO
    export MERGED_BINARY_TYPE\=none
    export MERGE_LINKED_LIBRARIES\=NO
    export METAL_LIBRARY_FILE_BASE\=default
    export METAL_LIBRARY_OUTPUT_DIR\=/Users/yan/Library/Developer/Xcode/DerivedData/MessageAI-fcqihoeipcbwpdgutsuclsargbwg/Build/Products/Debug-iphonesimulator/MessageAI.app
    export MODULES_FOLDER_PATH\=MessageAI.app/Modules
    export MODULE_CACHE_DIR\=/Users/yan/Library/Developer/Xcode/DerivedData/ModuleCache.noindex
    export MTL_ENABLE_DEBUG_INFO\=INCLUDE_SOURCE
    export MTL_FAST_MATH\=YES
    export NATIVE_ARCH\=x86_64
    export NATIVE_ARCH_32_BIT\=i386
    export NATIVE_ARCH_64_BIT\=x86_64
    export NATIVE_ARCH_ACTUAL\=x86_64
    export NO_COMMON\=YES
    export OBJC_ABI_VERSION\=2
    export OBJECT_FILE_DIR\=/Users/yan/Library/Developer/Xcode/DerivedData/MessageAI-fcqihoeipcbwpdgutsuclsargbwg/Build/Intermediates.noindex/MessageAI.build/Debug-iphonesimulator/MessageAI.build/Objects
    export OBJECT_FILE_DIR_normal\=/Users/yan/Library/Developer/Xcode/DerivedData/MessageAI-fcqihoeipcbwpdgutsuclsargbwg/Build/Intermediates.noindex/MessageAI.build/Debug-iphonesimulator/MessageAI.build/Objects-normal
    export OBJROOT\=/Users/yan/Library/Developer/Xcode/DerivedData/MessageAI-fcqihoeipcbwpdgutsuclsargbwg/Build/Intermediates.noindex
    export ONLY_ACTIVE_ARCH\=YES
    export OS\=MACOS
    export OSAC\=/usr/bin/osacompile
    export OTHER_CFLAGS\=-fmodule-map-file\=/Users/yan/Library/Developer/Xcode/DerivedData/MessageAI-fcqihoeipcbwpdgutsuclsargbwg/Build/Intermediates.noindex/GeneratedModuleMaps-iphonesimulator/RecaptchaInterop.modulemap\ -fmodule-map-file\=/Users/yan/Library/Developer/Xcode/DerivedData/MessageAI-fcqihoeipcbwpdgutsuclsargbwg/Build/Intermediates.noindex/GeneratedModuleMaps-iphonesimulator/FirebaseAuth.modulemap\ -fmodule-map-file\=/Users/yan/Library/Developer/Xcode/DerivedData/MessageAI-fcqihoeipcbwpdgutsuclsargbwg/Build/Intermediates.noindex/GeneratedModuleMaps-iphonesimulator/abslWrapper.modulemap\ -fmodule-map-file\=/Users/yan/Library/Developer/Xcode/DerivedData/MessageAI-fcqihoeipcbwpdgutsuclsargbwg/Build/Intermediates.noindex/GeneratedModuleMaps-iphonesimulator/opensslWrapper.modulemap\ -fmodule-map-file\=/Users/yan/Library/Developer/Xcode/DerivedData/MessageAI-fcqihoeipcbwpdgutsuclsargbwg/Build/Intermediates.noindex/GeneratedModuleMaps-iphonesimulator/grpcWrapper.modulemap\ -fmodule-map-file\=/Users/yan/Library/Developer/Xcode/DerivedData/MessageAI-fcqihoeipcbwpdgutsuclsargbwg/Build/Intermediates.noindex/GeneratedModuleMaps-iphonesimulator/grpcppWrapper.modulemap\ -fmodule-map-file\=/Users/yan/Library/Developer/Xcode/DerivedData/MessageAI-fcqihoeipcbwpdgutsuclsargbwg/Build/Intermediates.noindex/GeneratedModuleMaps-iphonesimulator/leveldb.modulemap\ -fmodule-map-file\=/Users/yan/Library/Developer/Xcode/DerivedData/MessageAI-fcqihoeipcbwpdgutsuclsargbwg/Build/Intermediates.noindex/GeneratedModuleMaps-iphonesimulator/FirebaseFirestore.modulemap\ -fmodule-map-file\=/Users/yan/Library/Developer/Xcode/DerivedData/MessageAI-fcqihoeipcbwpdgutsuclsargbwg/Build/Intermediates.noindex/GeneratedModuleMaps-iphonesimulator/FirebaseFirestoreInternalWrapper.modulemap\ -fmodule-map-file\=/Users/yan/Library/Developer/Xcode/DerivedData/MessageAI-fcqihoeipcbwpdgutsuclsargbwg/Build/Intermediates.noindex/GeneratedModuleMaps-iphonesimulator/FirebaseFirestoreTarget.modulemap\ -fmodule-map-file\=/Users/yan/Library/Developer/Xcode/DerivedData/MessageAI-fcqihoeipcbwpdgutsuclsargbwg/Build/Intermediates.noindex/GeneratedModuleMaps-iphonesimulator/FirebaseStorage.modulemap\ -fmodule-map-file\=/Users/yan/Library/Developer/Xcode/DerivedData/MessageAI-fcqihoeipcbwpdgutsuclsargbwg/Build/Intermediates.noindex/GeneratedModuleMaps-iphonesimulator/GTMSessionFetcherCore.modulemap\ -fmodule-map-file\=/Users/yan/Library/Developer/Xcode/DerivedData/MessageAI-fcqihoeipcbwpdgutsuclsargbwg/Build/Intermediates.noindex/GeneratedModuleMaps-iphonesimulator/FirebaseSharedSwift.modulemap\ -fmodule-map-file\=/Users/yan/Library/Developer/Xcode/DerivedData/MessageAI-fcqihoeipcbwpdgutsuclsargbwg/Build/Intermediates.noindex/GeneratedModuleMaps-iphonesimulator/FirebaseMessagingInterop.modulemap\ -fmodule-map-file\=/Users/yan/Library/Developer/Xcode/DerivedData/MessageAI-fcqihoeipcbwpdgutsuclsargbwg/Build/Intermediates.noindex/GeneratedModuleMaps-iphonesimulator/FirebaseCoreExtension.modulemap\ -fmodule-map-file\=/Users/yan/Library/Developer/Xcode/DerivedData/MessageAI-fcqihoeipcbwpdgutsuclsargbwg/Build/Intermediates.noindex/GeneratedModuleMaps-iphonesimulator/FirebaseAuthInterop.modulemap\ -fmodule-map-file\=/Users/yan/Library/Developer/Xcode/DerivedData/MessageAI-fcqihoeipcbwpdgutsuclsargbwg/Build/Intermediates.noindex/GeneratedModuleMaps-iphonesimulator/FirebaseAppCheckInterop.modulemap\ -fmodule-map-file\=/Users/yan/Library/Developer/Xcode/DerivedData/MessageAI-fcqihoeipcbwpdgutsuclsargbwg/Build/Intermediates.noindex/GeneratedModuleMaps-iphonesimulator/FirebaseFunctions.modulemap\ -fmodule-map-file\=/Users/yan/Library/Developer/Xcode/DerivedData/MessageAI-fcqihoeipcbwpdgutsuclsargbwg/Build/Intermediates.noindex/GeneratedModuleMaps-iphonesimulator/GoogleUtilities-UserDefaults.modulemap\ -fmodule-map-file\=/Users/yan/Library/Developer/Xcode/DerivedData/MessageAI-fcqihoeipcbwpdgutsuclsargbwg/Build/Intermediates.noindex/GeneratedModuleMaps-iphonesimulator/GoogleAppMeasurementTarget.modulemap\ -fmodule-map-file\=/Users/yan/Library/Developer/Xcode/DerivedData/MessageAI-fcqihoeipcbwpdgutsuclsargbwg/Build/Intermediates.noindex/GeneratedModuleMaps-iphonesimulator/GoogleUtilities-AppDelegateSwizzler.modulemap\ -fmodule-map-file\=/Users/yan/Library/Developer/Xcode/DerivedData/MessageAI-fcqihoeipcbwpdgutsuclsargbwg/Build/Intermediates.noindex/GeneratedModuleMaps-iphonesimulator/GoogleUtilities-MethodSwizzler.modulemap\ -fmodule-map-file\=/Users/yan/Library/Developer/Xcode/DerivedData/MessageAI-fcqihoeipcbwpdgutsuclsargbwg/Build/Intermediates.noindex/GeneratedModuleMaps-iphonesimulator/GoogleUtilities-Reachability.modulemap\ -fmodule-map-file\=/Users/yan/Library/Developer/Xcode/DerivedData/MessageAI-fcqihoeipcbwpdgutsuclsargbwg/Build/Intermediates.noindex/GeneratedModuleMaps-iphonesimulator/GoogleUtilities-NSData.modulemap\ -fmodule-map-file\=/Users/yan/Library/Developer/Xcode/DerivedData/MessageAI-fcqihoeipcbwpdgutsuclsargbwg/Build/Intermediates.noindex/GeneratedModuleMaps-iphonesimulator/GoogleUtilities-Logger.modulemap\ -fmodule-map-file\=/Users/yan/Library/Developer/Xcode/DerivedData/MessageAI-fcqihoeipcbwpdgutsuclsargbwg/Build/Intermediates.noindex/GeneratedModuleMaps-iphonesimulator/GoogleUtilities-Environment.modulemap\ -fmodule-map-file\=/Users/yan/Library/Developer/Xcode/DerivedData/MessageAI-fcqihoeipcbwpdgutsuclsargbwg/Build/Intermediates.noindex/GeneratedModuleMaps-iphonesimulator/third-party-IsAppEncrypted.modulemap\ -fmodule-map-file\=/Users/yan/Library/Developer/Xcode/DerivedData/MessageAI-fcqihoeipcbwpdgutsuclsargbwg/Build/Intermediates.noindex/GeneratedModuleMaps-iphonesimulator/GoogleUtilities-Network.modulemap\ -fmodule-map-file\=/Users/yan/Library/Developer/Xcode/DerivedData/MessageAI-fcqihoeipcbwpdgutsuclsargbwg/Build/Intermediates.noindex/GeneratedModuleMaps-iphonesimulator/nanopb.modulemap\ -fmodule-map-file\=/Users/yan/Library/Developer/Xcode/DerivedData/MessageAI-fcqihoeipcbwpdgutsuclsargbwg/Build/Intermediates.noindex/GeneratedModuleMaps-iphonesimulator/FirebaseAnalyticsWrapper.modulemap\ -fmodule-map-file\=/Users/yan/Library/Developer/Xcode/DerivedData/MessageAI-fcqihoeipcbwpdgutsuclsargbwg/Build/Intermediates.noindex/GeneratedModuleMaps-iphonesimulator/FirebaseInstallations.modulemap\ -fmodule-map-file\=/Users/yan/Library/Developer/Xcode/DerivedData/MessageAI-fcqihoeipcbwpdgutsuclsargbwg/Build/Intermediates.noindex/GeneratedModuleMaps-iphonesimulator/FirebaseCore.modulemap\ -fmodule-map-file\=/Users/yan/Library/Developer/Xcode/DerivedData/MessageAI-fcqihoeipcbwpdgutsuclsargbwg/Build/Intermediates.noindex/GeneratedModuleMaps-iphonesimulator/FirebaseCoreInternal.modulemap\ -fmodule-map-file\=/Users/yan/Library/Developer/Xcode/DerivedData/MessageAI-fcqihoeipcbwpdgutsuclsargbwg/Build/Intermediates.noindex/GeneratedModuleMaps-iphonesimulator/FirebaseAnalyticsTarget.modulemap\ -fmodule-map-file\=/Users/yan/Library/Developer/Xcode/DerivedData/MessageAI-fcqihoeipcbwpdgutsuclsargbwg/Build/Intermediates.noindex/GeneratedModuleMaps-iphonesimulator/InjectionNextC.modulemap\ -fmodule-map-file\=/Users/yan/Library/Developer/Xcode/DerivedData/MessageAI-fcqihoeipcbwpdgutsuclsargbwg/Build/Intermediates.noindex/GeneratedModuleMaps-iphonesimulator/InjectionNext.modulemap\ 
    export OTHER_CPLUSPLUSFLAGS\=-fmodule-map-file\=/Users/yan/Library/Developer/Xcode/DerivedData/MessageAI-fcqihoeipcbwpdgutsuclsargbwg/Build/Intermediates.noindex/GeneratedModuleMaps-iphonesimulator/RecaptchaInterop.modulemap\ -fmodule-map-file\=/Users/yan/Library/Developer/Xcode/DerivedData/MessageAI-fcqihoeipcbwpdgutsuclsargbwg/Build/Intermediates.noindex/GeneratedModuleMaps-iphonesimulator/FirebaseAuth.modulemap\ -fmodule-map-file\=/Users/yan/Library/Developer/Xcode/DerivedData/MessageAI-fcqihoeipcbwpdgutsuclsargbwg/Build/Intermediates.noindex/GeneratedModuleMaps-iphonesimulator/abslWrapper.modulemap\ -fmodule-map-file\=/Users/yan/Library/Developer/Xcode/DerivedData/MessageAI-fcqihoeipcbwpdgutsuclsargbwg/Build/Intermediates.noindex/GeneratedModuleMaps-iphonesimulator/opensslWrapper.modulemap\ -fmodule-map-file\=/Users/yan/Library/Developer/Xcode/DerivedData/MessageAI-fcqihoeipcbwpdgutsuclsargbwg/Build/Intermediates.noindex/GeneratedModuleMaps-iphonesimulator/grpcWrapper.modulemap\ -fmodule-map-file\=/Users/yan/Library/Developer/Xcode/DerivedData/MessageAI-fcqihoeipcbwpdgutsuclsargbwg/Build/Intermediates.noindex/GeneratedModuleMaps-iphonesimulator/grpcppWrapper.modulemap\ -fmodule-map-file\=/Users/yan/Library/Developer/Xcode/DerivedData/MessageAI-fcqihoeipcbwpdgutsuclsargbwg/Build/Intermediates.noindex/GeneratedModuleMaps-iphonesimulator/leveldb.modulemap\ -fmodule-map-file\=/Users/yan/Library/Developer/Xcode/DerivedData/MessageAI-fcqihoeipcbwpdgutsuclsargbwg/Build/Intermediates.noindex/GeneratedModuleMaps-iphonesimulator/FirebaseFirestore.modulemap\ -fmodule-map-file\=/Users/yan/Library/Developer/Xcode/DerivedData/MessageAI-fcqihoeipcbwpdgutsuclsargbwg/Build/Intermediates.noindex/GeneratedModuleMaps-iphonesimulator/FirebaseFirestoreInternalWrapper.modulemap\ -fmodule-map-file\=/Users/yan/Library/Developer/Xcode/DerivedData/MessageAI-fcqihoeipcbwpdgutsuclsargbwg/Build/Intermediates.noindex/GeneratedModuleMaps-iphonesimulator/FirebaseFirestoreTarget.modulemap\ -fmodule-map-file\=/Users/yan/Library/Developer/Xcode/DerivedData/MessageAI-fcqihoeipcbwpdgutsuclsargbwg/Build/Intermediates.noindex/GeneratedModuleMaps-iphonesimulator/FirebaseStorage.modulemap\ -fmodule-map-file\=/Users/yan/Library/Developer/Xcode/DerivedData/MessageAI-fcqihoeipcbwpdgutsuclsargbwg/Build/Intermediates.noindex/GeneratedModuleMaps-iphonesimulator/GTMSessionFetcherCore.modulemap\ -fmodule-map-file\=/Users/yan/Library/Developer/Xcode/DerivedData/MessageAI-fcqihoeipcbwpdgutsuclsargbwg/Build/Intermediates.noindex/GeneratedModuleMaps-iphonesimulator/FirebaseSharedSwift.modulemap\ -fmodule-map-file\=/Users/yan/Library/Developer/Xcode/DerivedData/MessageAI-fcqihoeipcbwpdgutsuclsargbwg/Build/Intermediates.noindex/GeneratedModuleMaps-iphonesimulator/FirebaseMessagingInterop.modulemap\ -fmodule-map-file\=/Users/yan/Library/Developer/Xcode/DerivedData/MessageAI-fcqihoeipcbwpdgutsuclsargbwg/Build/Intermediates.noindex/GeneratedModuleMaps-iphonesimulator/FirebaseCoreExtension.modulemap\ -fmodule-map-file\=/Users/yan/Library/Developer/Xcode/DerivedData/MessageAI-fcqihoeipcbwpdgutsuclsargbwg/Build/Intermediates.noindex/GeneratedModuleMaps-iphonesimulator/FirebaseAuthInterop.modulemap\ -fmodule-map-file\=/Users/yan/Library/Developer/Xcode/DerivedData/MessageAI-fcqihoeipcbwpdgutsuclsargbwg/Build/Intermediates.noindex/GeneratedModuleMaps-iphonesimulator/FirebaseAppCheckInterop.modulemap\ -fmodule-map-file\=/Users/yan/Library/Developer/Xcode/DerivedData/MessageAI-fcqihoeipcbwpdgutsuclsargbwg/Build/Intermediates.noindex/GeneratedModuleMaps-iphonesimulator/FirebaseFunctions.modulemap\ -fmodule-map-file\=/Users/yan/Library/Developer/Xcode/DerivedData/MessageAI-fcqihoeipcbwpdgutsuclsargbwg/Build/Intermediates.noindex/GeneratedModuleMaps-iphonesimulator/GoogleUtilities-UserDefaults.modulemap\ -fmodule-map-file\=/Users/yan/Library/Developer/Xcode/DerivedData/MessageAI-fcqihoeipcbwpdgutsuclsargbwg/Build/Intermediates.noindex/GeneratedModuleMaps-iphonesimulator/GoogleAppMeasurementTarget.modulemap\ -fmodule-map-file\=/Users/yan/Library/Developer/Xcode/DerivedData/MessageAI-fcqihoeipcbwpdgutsuclsargbwg/Build/Intermediates.noindex/GeneratedModuleMaps-iphonesimulator/GoogleUtilities-AppDelegateSwizzler.modulemap\ -fmodule-map-file\=/Users/yan/Library/Developer/Xcode/DerivedData/MessageAI-fcqihoeipcbwpdgutsuclsargbwg/Build/Intermediates.noindex/GeneratedModuleMaps-iphonesimulator/GoogleUtilities-MethodSwizzler.modulemap\ -fmodule-map-file\=/Users/yan/Library/Developer/Xcode/DerivedData/MessageAI-fcqihoeipcbwpdgutsuclsargbwg/Build/Intermediates.noindex/GeneratedModuleMaps-iphonesimulator/GoogleUtilities-Reachability.modulemap\ -fmodule-map-file\=/Users/yan/Library/Developer/Xcode/DerivedData/MessageAI-fcqihoeipcbwpdgutsuclsargbwg/Build/Intermediates.noindex/GeneratedModuleMaps-iphonesimulator/GoogleUtilities-NSData.modulemap\ -fmodule-map-file\=/Users/yan/Library/Developer/Xcode/DerivedData/MessageAI-fcqihoeipcbwpdgutsuclsargbwg/Build/Intermediates.noindex/GeneratedModuleMaps-iphonesimulator/GoogleUtilities-Logger.modulemap\ -fmodule-map-file\=/Users/yan/Library/Developer/Xcode/DerivedData/MessageAI-fcqihoeipcbwpdgutsuclsargbwg/Build/Intermediates.noindex/GeneratedModuleMaps-iphonesimulator/GoogleUtilities-Environment.modulemap\ -fmodule-map-file\=/Users/yan/Library/Developer/Xcode/DerivedData/MessageAI-fcqihoeipcbwpdgutsuclsargbwg/Build/Intermediates.noindex/GeneratedModuleMaps-iphonesimulator/third-party-IsAppEncrypted.modulemap\ -fmodule-map-file\=/Users/yan/Library/Developer/Xcode/DerivedData/MessageAI-fcqihoeipcbwpdgutsuclsargbwg/Build/Intermediates.noindex/GeneratedModuleMaps-iphonesimulator/GoogleUtilities-Network.modulemap\ -fmodule-map-file\=/Users/yan/Library/Developer/Xcode/DerivedData/MessageAI-fcqihoeipcbwpdgutsuclsargbwg/Build/Intermediates.noindex/GeneratedModuleMaps-iphonesimulator/nanopb.modulemap\ -fmodule-map-file\=/Users/yan/Library/Developer/Xcode/DerivedData/MessageAI-fcqihoeipcbwpdgutsuclsargbwg/Build/Intermediates.noindex/GeneratedModuleMaps-iphonesimulator/FirebaseAnalyticsWrapper.modulemap\ -fmodule-map-file\=/Users/yan/Library/Developer/Xcode/DerivedData/MessageAI-fcqihoeipcbwpdgutsuclsargbwg/Build/Intermediates.noindex/GeneratedModuleMaps-iphonesimulator/FirebaseInstallations.modulemap\ -fmodule-map-file\=/Users/yan/Library/Developer/Xcode/DerivedData/MessageAI-fcqihoeipcbwpdgutsuclsargbwg/Build/Intermediates.noindex/GeneratedModuleMaps-iphonesimulator/FirebaseCore.modulemap\ -fmodule-map-file\=/Users/yan/Library/Developer/Xcode/DerivedData/MessageAI-fcqihoeipcbwpdgutsuclsargbwg/Build/Intermediates.noindex/GeneratedModuleMaps-iphonesimulator/FirebaseCoreInternal.modulemap\ -fmodule-map-file\=/Users/yan/Library/Developer/Xcode/DerivedData/MessageAI-fcqihoeipcbwpdgutsuclsargbwg/Build/Intermediates.noindex/GeneratedModuleMaps-iphonesimulator/FirebaseAnalyticsTarget.modulemap\ -fmodule-map-file\=/Users/yan/Library/Developer/Xcode/DerivedData/MessageAI-fcqihoeipcbwpdgutsuclsargbwg/Build/Intermediates.noindex/GeneratedModuleMaps-iphonesimulator/InjectionNextC.modulemap\ -fmodule-map-file\=/Users/yan/Library/Developer/Xcode/DerivedData/MessageAI-fcqihoeipcbwpdgutsuclsargbwg/Build/Intermediates.noindex/GeneratedModuleMaps-iphonesimulator/InjectionNext.modulemap\ 
    export OTHER_LDFLAGS\=-Wl,-no_warn_duplicate_libraries\ -Wl,-no_warn_duplicate_libraries\ -Wl,-no_warn_duplicate_libraries\ -Wl,-no_warn_duplicate_libraries\ -Wl,-no_warn_duplicate_libraries\ -Wl,-no_warn_duplicate_libraries\ -lc++\ -Wl,-no_warn_duplicate_libraries\ -Wl,-no_warn_duplicate_libraries\ -Wl,-no_warn_duplicate_libraries\ -Wl,-no_warn_duplicate_libraries\ -Wl,-no_warn_duplicate_libraries\ -Wl,-no_warn_duplicate_libraries\ -Wl,-no_warn_duplicate_libraries\ -Wl,-no_warn_duplicate_libraries\ -Wl,-no_warn_duplicate_libraries\ -Wl,-no_warn_duplicate_libraries\ -Wl,-no_warn_duplicate_libraries\ -Wl,-no_warn_duplicate_libraries\ -Wl,-no_warn_duplicate_libraries\ -Wl,-no_warn_duplicate_libraries\ -Wl,-no_warn_duplicate_libraries\ -Wl,-no_warn_duplicate_libraries\ -Wl,-no_warn_duplicate_libraries\ -Wl,-no_warn_duplicate_libraries\ -Wl,-no_warn_duplicate_libraries\ -Wl,-no_warn_duplicate_libraries\ -Wl,-no_warn_duplicate_libraries\ -Wl,-no_warn_duplicate_libraries\ -Wl,-no_warn_duplicate_libraries\ -Wl,-no_warn_duplicate_libraries\ -Wl,-no_warn_duplicate_libraries\ -Wl,-no_warn_duplicate_libraries\ -Wl,-no_warn_duplicate_libraries\ -Wl,-no_warn_duplicate_libraries\ -Wl,-no_warn_duplicate_libraries\ -Wl,-no_warn_duplicate_libraries\ -lc++\ -Wl,-no_warn_duplicate_libraries\ -Wl,-no_warn_duplicate_libraries\ \ -framework\ UIKit\ -framework\ Security\ -framework\ StoreKit\ -lsqlite3\ -lc++\ -lz\ -lz\ -framework\ StoreKit\ -lsqlite3\ -lc++\ -lz\ -lc++\ -framework\ SystemConfiguration\ -framework\ UIKit\ -framework\ Security\ -framework\ SafariServices
    export OTHER_SWIFT_FLAGS\=-Xcc\ -fmodule-map-file\=/Users/yan/Library/Developer/Xcode/DerivedData/MessageAI-fcqihoeipcbwpdgutsuclsargbwg/Build/Intermediates.noindex/GeneratedModuleMaps-iphonesimulator/RecaptchaInterop.modulemap\ -Xcc\ -fmodule-map-file\=/Users/yan/Library/Developer/Xcode/DerivedData/MessageAI-fcqihoeipcbwpdgutsuclsargbwg/Build/Intermediates.noindex/GeneratedModuleMaps-iphonesimulator/FirebaseAuth.modulemap\ -Xcc\ -fmodule-map-file\=/Users/yan/Library/Developer/Xcode/DerivedData/MessageAI-fcqihoeipcbwpdgutsuclsargbwg/Build/Intermediates.noindex/GeneratedModuleMaps-iphonesimulator/abslWrapper.modulemap\ -Xcc\ -fmodule-map-file\=/Users/yan/Library/Developer/Xcode/DerivedData/MessageAI-fcqihoeipcbwpdgutsuclsargbwg/Build/Intermediates.noindex/GeneratedModuleMaps-iphonesimulator/opensslWrapper.modulemap\ -Xcc\ -fmodule-map-file\=/Users/yan/Library/Developer/Xcode/DerivedData/MessageAI-fcqihoeipcbwpdgutsuclsargbwg/Build/Intermediates.noindex/GeneratedModuleMaps-iphonesimulator/grpcWrapper.modulemap\ -Xcc\ -fmodule-map-file\=/Users/yan/Library/Developer/Xcode/DerivedData/MessageAI-fcqihoeipcbwpdgutsuclsargbwg/Build/Intermediates.noindex/GeneratedModuleMaps-iphonesimulator/grpcppWrapper.modulemap\ -Xcc\ -fmodule-map-file\=/Users/yan/Library/Developer/Xcode/DerivedData/MessageAI-fcqihoeipcbwpdgutsuclsargbwg/Build/Intermediates.noindex/GeneratedModuleMaps-iphonesimulator/leveldb.modulemap\ -Xcc\ -fmodule-map-file\=/Users/yan/Library/Developer/Xcode/DerivedData/MessageAI-fcqihoeipcbwpdgutsuclsargbwg/Build/Intermediates.noindex/GeneratedModuleMaps-iphonesimulator/FirebaseFirestoreInternalWrapper.modulemap\ -Xcc\ -fmodule-map-file\=/Users/yan/Library/Developer/Xcode/DerivedData/MessageAI-fcqihoeipcbwpdgutsuclsargbwg/Build/Intermediates.noindex/GeneratedModuleMaps-iphonesimulator/FirebaseFirestoreTarget.modulemap\ -Xcc\ -fmodule-map-file\=/Users/yan/Library/Developer/Xcode/DerivedData/MessageAI-fcqihoeipcbwpdgutsuclsargbwg/Build/Intermediates.noindex/GeneratedModuleMaps-iphonesimulator/GTMSessionFetcherCore.modulemap\ -Xcc\ -fmodule-map-file\=/Users/yan/Library/Developer/Xcode/DerivedData/MessageAI-fcqihoeipcbwpdgutsuclsargbwg/Build/Intermediates.noindex/GeneratedModuleMaps-iphonesimulator/FirebaseMessagingInterop.modulemap\ -Xcc\ -fmodule-map-file\=/Users/yan/Library/Developer/Xcode/DerivedData/MessageAI-fcqihoeipcbwpdgutsuclsargbwg/Build/Intermediates.noindex/GeneratedModuleMaps-iphonesimulator/FirebaseCoreExtension.modulemap\ -Xcc\ -fmodule-map-file\=/Users/yan/Library/Developer/Xcode/DerivedData/MessageAI-fcqihoeipcbwpdgutsuclsargbwg/Build/Intermediates.noindex/GeneratedModuleMaps-iphonesimulator/FirebaseAuthInterop.modulemap\ -Xcc\ -fmodule-map-file\=/Users/yan/Library/Developer/Xcode/DerivedData/MessageAI-fcqihoeipcbwpdgutsuclsargbwg/Build/Intermediates.noindex/GeneratedModuleMaps-iphonesimulator/FirebaseAppCheckInterop.modulemap\ -Xcc\ -fmodule-map-file\=/Users/yan/Library/Developer/Xcode/DerivedData/MessageAI-fcqihoeipcbwpdgutsuclsargbwg/Build/Intermediates.noindex/GeneratedModuleMaps-iphonesimulator/GoogleUtilities-UserDefaults.modulemap\ -Xcc\ -fmodule-map-file\=/Users/yan/Library/Developer/Xcode/DerivedData/MessageAI-fcqihoeipcbwpdgutsuclsargbwg/Build/Intermediates.noindex/GeneratedModuleMaps-iphonesimulator/GoogleAppMeasurementTarget.modulemap\ -Xcc\ -fmodule-map-file\=/Users/yan/Library/Developer/Xcode/DerivedData/MessageAI-fcqihoeipcbwpdgutsuclsargbwg/Build/Intermediates.noindex/GeneratedModuleMaps-iphonesimulator/GoogleUtilities-AppDelegateSwizzler.modulemap\ -Xcc\ -fmodule-map-file\=/Users/yan/Library/Developer/Xcode/DerivedData/MessageAI-fcqihoeipcbwpdgutsuclsargbwg/Build/Intermediates.noindex/GeneratedModuleMaps-iphonesimulator/GoogleUtilities-MethodSwizzler.modulemap\ -Xcc\ -fmodule-map-file\=/Users/yan/Library/Developer/Xcode/DerivedData/MessageAI-fcqihoeipcbwpdgutsuclsargbwg/Build/Intermediates.noindex/GeneratedModuleMaps-iphonesimulator/GoogleUtilities-Reachability.modulemap\ -Xcc\ -fmodule-map-file\=/Users/yan/Library/Developer/Xcode/DerivedData/MessageAI-fcqihoeipcbwpdgutsuclsargbwg/Build/Intermediates.noindex/GeneratedModuleMaps-iphonesimulator/GoogleUtilities-NSData.modulemap\ -Xcc\ -fmodule-map-file\=/Users/yan/Library/Developer/Xcode/DerivedData/MessageAI-fcqihoeipcbwpdgutsuclsargbwg/Build/Intermediates.noindex/GeneratedModuleMaps-iphonesimulator/GoogleUtilities-Logger.modulemap\ -Xcc\ -fmodule-map-file\=/Users/yan/Library/Developer/Xcode/DerivedData/MessageAI-fcqihoeipcbwpdgutsuclsargbwg/Build/Intermediates.noindex/GeneratedModuleMaps-iphonesimulator/GoogleUtilities-Environment.modulemap\ -Xcc\ -fmodule-map-file\=/Users/yan/Library/Developer/Xcode/DerivedData/MessageAI-fcqihoeipcbwpdgutsuclsargbwg/Build/Intermediates.noindex/GeneratedModuleMaps-iphonesimulator/third-party-IsAppEncrypted.modulemap\ -Xcc\ -fmodule-map-file\=/Users/yan/Library/Developer/Xcode/DerivedData/MessageAI-fcqihoeipcbwpdgutsuclsargbwg/Build/Intermediates.noindex/GeneratedModuleMaps-iphonesimulator/GoogleUtilities-Network.modulemap\ -Xcc\ -fmodule-map-file\=/Users/yan/Library/Developer/Xcode/DerivedData/MessageAI-fcqihoeipcbwpdgutsuclsargbwg/Build/Intermediates.noindex/GeneratedModuleMaps-iphonesimulator/nanopb.modulemap\ -Xcc\ -fmodule-map-file\=/Users/yan/Library/Developer/Xcode/DerivedData/MessageAI-fcqihoeipcbwpdgutsuclsargbwg/Build/Intermediates.noindex/GeneratedModuleMaps-iphonesimulator/FirebaseAnalyticsWrapper.modulemap\ -Xcc\ -fmodule-map-file\=/Users/yan/Library/Developer/Xcode/DerivedData/MessageAI-fcqihoeipcbwpdgutsuclsargbwg/Build/Intermediates.noindex/GeneratedModuleMaps-iphonesimulator/FirebaseInstallations.modulemap\ -Xcc\ -fmodule-map-file\=/Users/yan/Library/Developer/Xcode/DerivedData/MessageAI-fcqihoeipcbwpdgutsuclsargbwg/Build/Intermediates.noindex/GeneratedModuleMaps-iphonesimulator/FirebaseCore.modulemap\ -Xcc\ -fmodule-map-file\=/Users/yan/Library/Developer/Xcode/DerivedData/MessageAI-fcqihoeipcbwpdgutsuclsargbwg/Build/Intermediates.noindex/GeneratedModuleMaps-iphonesimulator/FirebaseAnalyticsTarget.modulemap\ -Xcc\ -fmodule-map-file\=/Users/yan/Library/Developer/Xcode/DerivedData/MessageAI-fcqihoeipcbwpdgutsuclsargbwg/Build/Intermediates.noindex/GeneratedModuleMaps-iphonesimulator/InjectionNextC.modulemap\ 
    export PACKAGE_TYPE\=com.apple.package-type.wrapper.application
    export PASCAL_STRINGS\=YES
    export PATH\=/Applications/Xcode.app/Contents/SharedFrameworks/SwiftBuild.framework/Versions/A/PlugIns/SWBBuildService.bundle/Contents/PlugIns/SWBUniversalPlatformPlugin.bundle/Contents/Frameworks/SWBUniversalPlatform.framework/Resources:/Applications/Xcode.app/Contents/Developer/Toolchains/XcodeDefault.xctoolchain/usr/bin:/Applications/Xcode.app/Contents/Developer/Toolchains/XcodeDefault.xctoolchain/usr/local/bin:/Applications/Xcode.app/Contents/Developer/Toolchains/XcodeDefault.xctoolchain/usr/libexec:/Applications/Xcode.app/Contents/Developer/Platforms/iPhoneSimulator.platform/usr/bin:/Applications/Xcode.app/Contents/Developer/Platforms/iPhoneSimulator.platform/usr/local/bin:/Applications/Xcode.app/Contents/Developer/Platforms/iPhoneSimulator.platform/Developer/usr/bin:/Applications/Xcode.app/Contents/Developer/Platforms/iPhoneSimulator.platform/Developer/usr/local/bin:/Applications/Xcode.app/Contents/Developer/usr/bin:/Applications/Xcode.app/Contents/Developer/usr/local/bin:/opt/local/bin:/usr/local/bin:/System/Cryptexes/App/usr/bin:/usr/bin:/bin:/usr/sbin:/sbin:/var/run/com.apple.security.cryptexd/codex.system/bootstrap/usr/local/bin:/var/run/com.apple.security.cryptexd/codex.system/bootstrap/usr/bin:/var/run/com.apple.security.cryptexd/codex.system/bootstrap/usr/appleinternal/bin:/Library/Apple/usr/bin:/usr/local/MacGPG2/bin
    export PATH_PREFIXES_EXCLUDED_FROM_HEADER_DEPENDENCIES\=/usr/include\ /usr/local/include\ /System/Library/Frameworks\ /System/Library/PrivateFrameworks\ /Applications/Xcode.app/Contents/Developer/Headers\ /Applications/Xcode.app/Contents/Developer/SDKs\ /Applications/Xcode.app/Contents/Developer/Platforms
    export PBDEVELOPMENTPLIST_PATH\=MessageAI.app/pbdevelopment.plist
    export PER_ARCH_MODULE_FILE_DIR\=/Users/yan/Library/Developer/Xcode/DerivedData/MessageAI-fcqihoeipcbwpdgutsuclsargbwg/Build/Intermediates.noindex/MessageAI.build/Debug-iphonesimulator/MessageAI.build/Objects-normal/undefined_arch
    export PER_ARCH_OBJECT_FILE_DIR\=/Users/yan/Library/Developer/Xcode/DerivedData/MessageAI-fcqihoeipcbwpdgutsuclsargbwg/Build/Intermediates.noindex/MessageAI.build/Debug-iphonesimulator/MessageAI.build/Objects-normal/undefined_arch
    export PER_VARIANT_OBJECT_FILE_DIR\=/Users/yan/Library/Developer/Xcode/DerivedData/MessageAI-fcqihoeipcbwpdgutsuclsargbwg/Build/Intermediates.noindex/MessageAI.build/Debug-iphonesimulator/MessageAI.build/Objects-normal
    export PKGINFO_FILE_PATH\=/Users/yan/Library/Developer/Xcode/DerivedData/MessageAI-fcqihoeipcbwpdgutsuclsargbwg/Build/Intermediates.noindex/MessageAI.build/Debug-iphonesimulator/MessageAI.build/PkgInfo
    export PKGINFO_PATH\=MessageAI.app/PkgInfo
    export PLATFORM_DEVELOPER_APPLICATIONS_DIR\=/Applications/Xcode.app/Contents/Developer/Platforms/iPhoneSimulator.platform/Developer/Applications
    export PLATFORM_DEVELOPER_BIN_DIR\=/Applications/Xcode.app/Contents/Developer/Platforms/iPhoneSimulator.platform/Developer/usr/bin
    export PLATFORM_DEVELOPER_LIBRARY_DIR\=/Applications/Xcode.app/Contents/Developer/Platforms/iPhoneSimulator.platform/Developer/Library
    export PLATFORM_DEVELOPER_SDK_DIR\=/Applications/Xcode.app/Contents/Developer/Platforms/iPhoneSimulator.platform/Developer/SDKs
    export PLATFORM_DEVELOPER_TOOLS_DIR\=/Applications/Xcode.app/Contents/Developer/Platforms/iPhoneSimulator.platform/Developer/Tools
    export PLATFORM_DEVELOPER_USR_DIR\=/Applications/Xcode.app/Contents/Developer/Platforms/iPhoneSimulator.platform/Developer/usr
    export PLATFORM_DIR\=/Applications/Xcode.app/Contents/Developer/Platforms/iPhoneSimulator.platform
    export PLATFORM_DISPLAY_NAME\=iOS\ Simulator
    export PLATFORM_FAMILY_NAME\=iOS
    export PLATFORM_NAME\=iphonesimulator
    export PLATFORM_PREFERRED_ARCH\=x86_64
    export PLATFORM_PRODUCT_BUILD_VERSION\=23A339
    export PLATFORM_REQUIRES_SWIFT_AUTOLINK_EXTRACT\=NO
    export PLATFORM_REQUIRES_SWIFT_MODULEWRAP\=NO
    export PLIST_FILE_OUTPUT_FORMAT\=binary
    export PLUGINS_FOLDER_PATH\=MessageAI.app/PlugIns
    export PRECOMPS_INCLUDE_HEADERS_FROM_BUILT_PRODUCTS_DIR\=YES
    export PRECOMP_DESTINATION_DIR\=/Users/yan/Library/Developer/Xcode/DerivedData/MessageAI-fcqihoeipcbwpdgutsuclsargbwg/Build/Intermediates.noindex/MessageAI.build/Debug-iphonesimulator/MessageAI.build/PrefixHeaders
    export PRIVATE_HEADERS_FOLDER_PATH\=MessageAI.app/PrivateHeaders
    export PROCESSED_INFOPLIST_PATH\=/Users/yan/Library/Developer/Xcode/DerivedData/MessageAI-fcqihoeipcbwpdgutsuclsargbwg/Build/Intermediates.noindex/MessageAI.build/Debug-iphonesimulator/MessageAI.build/Objects-normal/undefined_arch/Processed-Info.plist
    export PRODUCT_BUNDLE_IDENTIFIER\=com.messengerai.app
    export PRODUCT_BUNDLE_PACKAGE_TYPE\=APPL
    export PRODUCT_MODULE_NAME\=MessageAI
    export PRODUCT_NAME\=MessageAI
    export PRODUCT_SETTINGS_PATH\=/Users/yan/gauntlet/messageAI/MessageAI/MessageAI/Resources/Info.plist
    export PRODUCT_TYPE\=com.apple.product-type.application
    export PROFILING_CODE\=NO
    export PROJECT\=MessageAI
    export PROJECT_DERIVED_FILE_DIR\=/Users/yan/Library/Developer/Xcode/DerivedData/MessageAI-fcqihoeipcbwpdgutsuclsargbwg/Build/Intermediates.noindex/MessageAI.build/DerivedSources
    export PROJECT_DIR\=/Users/yan/gauntlet/messageAI
    export PROJECT_FILE_PATH\=/Users/yan/gauntlet/messageAI/MessageAI.xcodeproj
    export PROJECT_GUID\=3c754e7aa0e8de9f3c278c3c711e857f
    export PROJECT_NAME\=MessageAI
    export PROJECT_TEMP_DIR\=/Users/yan/Library/Developer/Xcode/DerivedData/MessageAI-fcqihoeipcbwpdgutsuclsargbwg/Build/Intermediates.noindex/MessageAI.build
    export PROJECT_TEMP_ROOT\=/Users/yan/Library/Developer/Xcode/DerivedData/MessageAI-fcqihoeipcbwpdgutsuclsargbwg/Build/Intermediates.noindex
    export PROVISIONING_PROFILE_REQUIRED\=NO
    export PROVISIONING_PROFILE_REQUIRED_YES_YES\=YES
    export PROVISIONING_PROFILE_SUPPORTED\=YES
    export PUBLIC_HEADERS_FOLDER_PATH\=MessageAI.app/Headers
    export RECOMMENDED_IPHONEOS_DEPLOYMENT_TARGET\=15.0
    export RECURSIVE_SEARCH_PATHS_FOLLOW_SYMLINKS\=YES
    export REMOVE_CVS_FROM_RESOURCES\=YES
    export REMOVE_GIT_FROM_RESOURCES\=YES
    export REMOVE_HEADERS_FROM_EMBEDDED_BUNDLES\=YES
    export REMOVE_HG_FROM_RESOURCES\=YES
    export REMOVE_STATIC_EXECUTABLES_FROM_EMBEDDED_BUNDLES\=YES
    export REMOVE_SVN_FROM_RESOURCES\=YES
    export RESCHEDULE_INDEPENDENT_HEADERS_PHASES\=YES
    export REZ_COLLECTOR_DIR\=/Users/yan/Library/Developer/Xcode/DerivedData/MessageAI-fcqihoeipcbwpdgutsuclsargbwg/Build/Intermediates.noindex/MessageAI.build/Debug-iphonesimulator/MessageAI.build/ResourceManagerResources
    export REZ_OBJECTS_DIR\=/Users/yan/Library/Developer/Xcode/DerivedData/MessageAI-fcqihoeipcbwpdgutsuclsargbwg/Build/Intermediates.noindex/MessageAI.build/Debug-iphonesimulator/MessageAI.build/ResourceManagerResources/Objects
    export REZ_SEARCH_PATHS\=/Users/yan/Library/Developer/Xcode/DerivedData/MessageAI-fcqihoeipcbwpdgutsuclsargbwg/Build/Products/Debug-iphonesimulator\ 
    export RUNTIME_EXCEPTION_ALLOW_DYLD_ENVIRONMENT_VARIABLES\=NO
    export RUNTIME_EXCEPTION_ALLOW_JIT\=NO
    export RUNTIME_EXCEPTION_ALLOW_UNSIGNED_EXECUTABLE_MEMORY\=NO
    export RUNTIME_EXCEPTION_DEBUGGING_TOOL\=NO
    export RUNTIME_EXCEPTION_DISABLE_EXECUTABLE_PAGE_PROTECTION\=NO
    export RUNTIME_EXCEPTION_DISABLE_LIBRARY_VALIDATION\=NO
    export SCAN_ALL_SOURCE_FILES_FOR_INCLUDES\=NO
    export SCRIPTS_FOLDER_PATH\=MessageAI.app/Scripts
    export SCRIPT_INPUT_FILE_COUNT\=0
    export SCRIPT_INPUT_FILE_LIST_COUNT\=0
    export SCRIPT_OUTPUT_FILE_COUNT\=0
    export SCRIPT_OUTPUT_FILE_LIST_COUNT\=0
    export SDKROOT\=/Applications/Xcode.app/Contents/Developer/Platforms/iPhoneSimulator.platform/Developer/SDKs/iPhoneSimulator26.0.sdk
    export SDK_DIR\=/Applications/Xcode.app/Contents/Developer/Platforms/iPhoneSimulator.platform/Developer/SDKs/iPhoneSimulator26.0.sdk
    export SDK_DIR_iphonesimulator\=/Applications/Xcode.app/Contents/Developer/Platforms/iPhoneSimulator.platform/Developer/SDKs/iPhoneSimulator26.0.sdk
    export SDK_DIR_iphonesimulator26_0\=/Applications/Xcode.app/Contents/Developer/Platforms/iPhoneSimulator.platform/Developer/SDKs/iPhoneSimulator26.0.sdk
    export SDK_NAME\=iphonesimulator26.0
    export SDK_NAMES\=iphonesimulator26.0
    export SDK_PRODUCT_BUILD_VERSION\=23A339
    export SDK_STAT_CACHE_DIR\=/Users/yan/Library/Developer/Xcode/DerivedData
    export SDK_STAT_CACHE_ENABLE\=YES
    export SDK_STAT_CACHE_PATH\=/Users/yan/Library/Developer/Xcode/DerivedData/SDKStatCaches.noindex/iphonesimulator26.0-23A339-26257891a6c027eb51374368541b8346.sdkstatcache
    export SDK_VERSION\=26.0
    export SDK_VERSION_ACTUAL\=260000
    export SDK_VERSION_MAJOR\=260000
    export SDK_VERSION_MINOR\=260000
    export SED\=/usr/bin/sed
    export SEPARATE_STRIP\=NO
    export SEPARATE_SYMBOL_EDIT\=NO
    export SET_DIR_MODE_OWNER_GROUP\=YES
    export SET_FILE_MODE_OWNER_GROUP\=NO
    export SHALLOW_BUNDLE\=YES
    export SHALLOW_BUNDLE_TRIPLE\=ios-simulator
    export SHALLOW_BUNDLE_ios_macabi\=NO
    export SHALLOW_BUNDLE_macos\=NO
    export SHARED_DERIVED_FILE_DIR\=/Users/yan/Library/Developer/Xcode/DerivedData/MessageAI-fcqihoeipcbwpdgutsuclsargbwg/Build/Products/Debug-iphonesimulator/DerivedSources
    export SHARED_FRAMEWORKS_FOLDER_PATH\=MessageAI.app/SharedFrameworks
    export SHARED_PRECOMPS_DIR\=/Users/yan/Library/Developer/Xcode/DerivedData/MessageAI-fcqihoeipcbwpdgutsuclsargbwg/Build/Intermediates.noindex/PrecompiledHeaders
    export SHARED_SUPPORT_FOLDER_PATH\=MessageAI.app/SharedSupport
    export SKIP_INSTALL\=NO
    export SOURCE_ROOT\=/Users/yan/gauntlet/messageAI
    export SRCROOT\=/Users/yan/gauntlet/messageAI
    export STRINGSDATA_DIR\=/Users/yan/Library/Developer/Xcode/DerivedData/MessageAI-fcqihoeipcbwpdgutsuclsargbwg/Build/Intermediates.noindex/MessageAI.build/Debug-iphonesimulator/MessageAI.build/Objects-normal/undefined_arch
    export STRINGSDATA_ROOT\=/Users/yan/Library/Developer/Xcode/DerivedData/MessageAI-fcqihoeipcbwpdgutsuclsargbwg/Build/Intermediates.noindex/MessageAI.build/Debug-iphonesimulator/MessageAI.build
    export STRINGS_FILE_INFOPLIST_RENAME\=YES
    export STRINGS_FILE_OUTPUT_ENCODING\=binary
    export STRING_CATALOG_GENERATE_SYMBOLS\=NO
    export STRIP_BITCODE_FROM_COPIED_FILES\=NO
    export STRIP_INSTALLED_PRODUCT\=NO
    export STRIP_STYLE\=all
    export STRIP_SWIFT_SYMBOLS\=YES
    export SUPPORTED_DEVICE_FAMILIES\=1,2
    export SUPPORTED_PLATFORMS\=iphoneos\ iphonesimulator
    export SUPPORTS_MACCATALYST\=NO
    export SUPPORTS_ON_DEMAND_RESOURCES\=YES
    export SUPPORTS_TEXT_BASED_API\=NO
    export SUPPRESS_WARNINGS\=NO
    export SWIFT_ACTIVE_COMPILATION_CONDITIONS\=DEBUG
    export SWIFT_EMIT_CONST_VALUE_PROTOCOLS\=AppIntent\ EntityQuery\ AppEntity\ TransientEntity\ AppEnum\ AppShortcutProviding\ AppShortcutsProvider\ AnyResolverProviding\ AppIntentsPackage\ DynamicOptionsProvider\ _IntentValueRepresentable\ _AssistantIntentsProvider\ _GenerativeFunctionExtractable\ IntentValueQuery\ Resolver\ AppExtension\ ExtensionPointDefining
    export SWIFT_EMIT_LOC_STRINGS\=YES
    export SWIFT_ENABLE_EXPLICIT_MODULES\=YES
    export SWIFT_OPTIMIZATION_LEVEL\=-Onone
    export SWIFT_PLATFORM_TARGET_PREFIX\=ios
    export SWIFT_RESPONSE_FILE_PATH_normal_x86_64\=/Users/yan/Library/Developer/Xcode/DerivedData/MessageAI-fcqihoeipcbwpdgutsuclsargbwg/Build/Intermediates.noindex/MessageAI.build/Debug-iphonesimulator/MessageAI.build/Objects-normal/x86_64/MessageAI.SwiftFileList
    export SWIFT_STRICT_CONCURRENCY\=complete
    export SWIFT_VERSION\=5.9
    export SYMROOT\=/Users/yan/Library/Developer/Xcode/DerivedData/MessageAI-fcqihoeipcbwpdgutsuclsargbwg/Build/Products
    export SYSTEM_ADMIN_APPS_DIR\=/Applications/Utilities
    export SYSTEM_APPS_DIR\=/Applications
    export SYSTEM_CORE_SERVICES_DIR\=/System/Library/CoreServices
    export SYSTEM_DEMOS_DIR\=/Applications/Extras
    export SYSTEM_DEVELOPER_APPS_DIR\=/Applications/Xcode.app/Contents/Developer/Applications
    export SYSTEM_DEVELOPER_BIN_DIR\=/Applications/Xcode.app/Contents/Developer/usr/bin
    export SYSTEM_DEVELOPER_DEMOS_DIR\=/Applications/Xcode.app/Contents/Developer/Applications/Utilities/Built\ Examples
    export SYSTEM_DEVELOPER_DIR\=/Applications/Xcode.app/Contents/Developer
    export SYSTEM_DEVELOPER_DOC_DIR\=/Applications/Xcode.app/Contents/Developer/ADC\ Reference\ Library
    export SYSTEM_DEVELOPER_GRAPHICS_TOOLS_DIR\=/Applications/Xcode.app/Contents/Developer/Applications/Graphics\ Tools
    export SYSTEM_DEVELOPER_JAVA_TOOLS_DIR\=/Applications/Xcode.app/Contents/Developer/Applications/Java\ Tools
    export SYSTEM_DEVELOPER_PERFORMANCE_TOOLS_DIR\=/Applications/Xcode.app/Contents/Developer/Applications/Performance\ Tools
    export SYSTEM_DEVELOPER_RELEASENOTES_DIR\=/Applications/Xcode.app/Contents/Developer/ADC\ Reference\ Library/releasenotes
    export SYSTEM_DEVELOPER_TOOLS\=/Applications/Xcode.app/Contents/Developer/Tools
    export SYSTEM_DEVELOPER_TOOLS_DOC_DIR\=/Applications/Xcode.app/Contents/Developer/ADC\ Reference\ Library/documentation/DeveloperTools
    export SYSTEM_DEVELOPER_TOOLS_RELEASENOTES_DIR\=/Applications/Xcode.app/Contents/Developer/ADC\ Reference\ Library/releasenotes/DeveloperTools
    export SYSTEM_DEVELOPER_USR_DIR\=/Applications/Xcode.app/Contents/Developer/usr
    export SYSTEM_DEVELOPER_UTILITIES_DIR\=/Applications/Xcode.app/Contents/Developer/Applications/Utilities
    export SYSTEM_DEXT_INSTALL_PATH\=/System/Library/DriverExtensions
    export SYSTEM_DOCUMENTATION_DIR\=/Library/Documentation
    export SYSTEM_EXTENSIONS_FOLDER_PATH\=MessageAI.app/SystemExtensions
    export SYSTEM_EXTENSIONS_FOLDER_PATH_SHALLOW_BUNDLE_NO\=MessageAI.app/Library/SystemExtensions
    export SYSTEM_EXTENSIONS_FOLDER_PATH_SHALLOW_BUNDLE_YES\=MessageAI.app/SystemExtensions
    export SYSTEM_KEXT_INSTALL_PATH\=/System/Library/Extensions
    export SYSTEM_LIBRARY_DIR\=/System/Library
    export TAPI_DEMANGLE\=YES
    export TAPI_ENABLE_PROJECT_HEADERS\=NO
    export TAPI_LANGUAGE\=objective-c
    export TAPI_LANGUAGE_STANDARD\=compiler-default
    export TAPI_USE_SRCROOT\=YES
    export TAPI_VERIFY_MODE\=Pedantic
    export TARGETED_DEVICE_FAMILY\=1,2
    export TARGETNAME\=MessageAI
    export TARGET_BUILD_DIR\=/Users/yan/Library/Developer/Xcode/DerivedData/MessageAI-fcqihoeipcbwpdgutsuclsargbwg/Build/Products/Debug-iphonesimulator
    export TARGET_DEVICE_IDENTIFIER\=2C2E9521-205B-4A50-84C8-76F86D48F684
    export TARGET_DEVICE_MODEL\=iPhone18,3
    export TARGET_DEVICE_OS_VERSION\=26.0.1
    export TARGET_DEVICE_PLATFORM_NAME\=iphonesimulator
    export TARGET_NAME\=MessageAI
    export TARGET_TEMP_DIR\=/Users/yan/Library/Developer/Xcode/DerivedData/MessageAI-fcqihoeipcbwpdgutsuclsargbwg/Build/Intermediates.noindex/MessageAI.build/Debug-iphonesimulator/MessageAI.build
    export TEMP_DIR\=/Users/yan/Library/Developer/Xcode/DerivedData/MessageAI-fcqihoeipcbwpdgutsuclsargbwg/Build/Intermediates.noindex/MessageAI.build/Debug-iphonesimulator/MessageAI.build
    export TEMP_FILES_DIR\=/Users/yan/Library/Developer/Xcode/DerivedData/MessageAI-fcqihoeipcbwpdgutsuclsargbwg/Build/Intermediates.noindex/MessageAI.build/Debug-iphonesimulator/MessageAI.build
    export TEMP_FILE_DIR\=/Users/yan/Library/Developer/Xcode/DerivedData/MessageAI-fcqihoeipcbwpdgutsuclsargbwg/Build/Intermediates.noindex/MessageAI.build/Debug-iphonesimulator/MessageAI.build
    export TEMP_ROOT\=/Users/yan/Library/Developer/Xcode/DerivedData/MessageAI-fcqihoeipcbwpdgutsuclsargbwg/Build/Intermediates.noindex
    export TEMP_SANDBOX_DIR\=/Users/yan/Library/Developer/Xcode/DerivedData/MessageAI-fcqihoeipcbwpdgutsuclsargbwg/Build/Intermediates.noindex/TemporaryTaskSandboxes
    export TEST_FRAMEWORK_SEARCH_PATHS\=\ /Applications/Xcode.app/Contents/Developer/Platforms/iPhoneSimulator.platform/Developer/Library/Frameworks\ /Applications/Xcode.app/Contents/Developer/Platforms/iPhoneSimulator.platform/Developer/SDKs/iPhoneSimulator26.0.sdk/Developer/Library/Frameworks
    export TEST_LIBRARY_SEARCH_PATHS\=\ /Applications/Xcode.app/Contents/Developer/Platforms/iPhoneSimulator.platform/Developer/usr/lib
    export TOOLCHAINS\=com.apple.dt.toolchain.XcodeDefault
    export TOOLCHAIN_DIR\=/Applications/Xcode.app/Contents/Developer/Toolchains/XcodeDefault.xctoolchain
    export TREAT_MISSING_BASELINES_AS_TEST_FAILURES\=NO
    export TREAT_MISSING_SCRIPT_PHASE_OUTPUTS_AS_ERRORS\=NO
    export TeamIdentifierPrefix\=FAKETEAMID.
    export UID\=505
    export UNINSTALLED_PRODUCTS_DIR\=/Users/yan/Library/Developer/Xcode/DerivedData/MessageAI-fcqihoeipcbwpdgutsuclsargbwg/Build/Intermediates.noindex/UninstalledProducts
    export UNLOCALIZED_RESOURCES_FOLDER_PATH\=MessageAI.app
    export UNLOCALIZED_RESOURCES_FOLDER_PATH_SHALLOW_BUNDLE_NO\=MessageAI.app/Resources
    export UNLOCALIZED_RESOURCES_FOLDER_PATH_SHALLOW_BUNDLE_YES\=MessageAI.app
    export UNSTRIPPED_PRODUCT\=NO
    export USER\=yan
    export USER_APPS_DIR\=/Users/yan/Applications
    export USER_LIBRARY_DIR\=/Users/yan/Library
    export USE_DYNAMIC_NO_PIC\=YES
    export USE_HEADERMAP\=YES
    export USE_HEADER_SYMLINKS\=NO
    export VALIDATE_DEVELOPMENT_ASSET_PATHS\=YES_ERROR
    export VALIDATE_PRODUCT\=NO
    export VALID_ARCHS\=arm64\ x86_64
    export VERBOSE_PBXCP\=NO
    export VERSIONPLIST_PATH\=MessageAI.app/version.plist
    export VERSION_INFO_BUILDER\=yan
    export VERSION_INFO_FILE\=MessageAI_vers.c
    export VERSION_INFO_STRING\=\"@\(\#\)PROGRAM:MessageAI\ \ PROJECT:MessageAI-1\"
    export WORKSPACE_DIR\=/Users/yan/gauntlet/messageAI/MessageAI.xcodeproj
    export WRAPPER_EXTENSION\=app
    export WRAPPER_NAME\=MessageAI.app
    export WRAPPER_SUFFIX\=.app
    export WRAP_ASSET_PACKS_IN_SEPARATE_DIRECTORIES\=NO
    export XCODE_APP_SUPPORT_DIR\=/Applications/Xcode.app/Contents/Developer/Library/Xcode
    export XCODE_PRODUCT_BUILD_VERSION\=17A400
    export XCODE_VERSION_ACTUAL\=2601
    export XCODE_VERSION_MAJOR\=2600
    export XCODE_VERSION_MINOR\=2600
    export XPCSERVICES_FOLDER_PATH\=MessageAI.app/XPCServices
    export YACC\=yacc
    export _DISCOVER_COMMAND_LINE_LINKER_INPUTS\=YES
    export _DISCOVER_COMMAND_LINE_LINKER_INPUTS_INCLUDE_WL\=YES
    export _LD_MULTIARCH\=YES
    export _WRAPPER_CONTENTS_DIR_SHALLOW_BUNDLE_NO\=/Contents
    export _WRAPPER_PARENT_PATH_SHALLOW_BUNDLE_NO\=/..
    export _WRAPPER_RESOURCES_DIR_SHALLOW_BUNDLE_NO\=/Resources
    export __DIAGNOSE_DEPRECATED_ARCHS\=YES
    export __IS_NOT_MACOS\=YES
    export __IS_NOT_MACOS_macosx\=NO
    export __IS_NOT_SIMULATOR\=NO
    export __IS_NOT_SIMULATOR_simulator\=NO
    export arch\=undefined_arch
    export variant\=normal
    /bin/sh -c /Users/yan/Library/Developer/Xcode/DerivedData/MessageAI-fcqihoeipcbwpdgutsuclsargbwg/Build/Intermediates.noindex/MessageAI.build/Debug-iphonesimulator/MessageAI.build/Script-F32F0CE009B8ACFDA8375D95.sh

CopySwiftLibs /Users/yan/Library/Developer/Xcode/DerivedData/MessageAI-fcqihoeipcbwpdgutsuclsargbwg/Build/Products/Debug-iphonesimulator/MessageAI.app (in target 'MessageAI' from project 'MessageAI')
    cd /Users/yan/gauntlet/messageAI
    builtin-swiftStdLibTool --copy --verbose --sign - --scan-executable /Users/yan/Library/Developer/Xcode/DerivedData/MessageAI-fcqihoeipcbwpdgutsuclsargbwg/Build/Products/Debug-iphonesimulator/MessageAI.app/MessageAI.debug.dylib --scan-folder /Users/yan/Library/Developer/Xcode/DerivedData/MessageAI-fcqihoeipcbwpdgutsuclsargbwg/Build/Products/Debug-iphonesimulator/MessageAI.app/Frameworks --scan-folder /Users/yan/Library/Developer/Xcode/DerivedData/MessageAI-fcqihoeipcbwpdgutsuclsargbwg/Build/Products/Debug-iphonesimulator/MessageAI.app/PlugIns --scan-folder /Users/yan/Library/Developer/Xcode/DerivedData/MessageAI-fcqihoeipcbwpdgutsuclsargbwg/Build/Products/Debug-iphonesimulator/MessageAI.app/SystemExtensions --scan-folder /Users/yan/Library/Developer/Xcode/DerivedData/MessageAI-fcqihoeipcbwpdgutsuclsargbwg/Build/Products/Debug-iphonesimulator/MessageAI.app/Extensions --platform iphonesimulator --toolchain /Applications/Xcode.app/Contents/Developer/Toolchains/XcodeDefault.xctoolchain --destination /Users/yan/Library/Developer/Xcode/DerivedData/MessageAI-fcqihoeipcbwpdgutsuclsargbwg/Build/Products/Debug-iphonesimulator/MessageAI.app/Frameworks --strip-bitcode --strip-bitcode-tool /Applications/Xcode.app/Contents/Developer/Toolchains/XcodeDefault.xctoolchain/usr/bin/bitcode_strip --emit-dependency-info /Users/yan/Library/Developer/Xcode/DerivedData/MessageAI-fcqihoeipcbwpdgutsuclsargbwg/Build/Intermediates.noindex/MessageAI.build/Debug-iphonesimulator/MessageAI.build/SwiftStdLibToolInputDependencies.dep --filter-for-swift-os

SwiftDriver MessageAITests normal x86_64 com.apple.xcode.tools.swift.compiler (in target 'MessageAITests' from project 'MessageAI')
    cd /Users/yan/gauntlet/messageAI
    builtin-SwiftDriver -- /Applications/Xcode.app/Contents/Developer/Toolchains/XcodeDefault.xctoolchain/usr/bin/swiftc -module-name MessageAITests -Onone -enforce-exclusivity\=checked @/Users/yan/Library/Developer/Xcode/DerivedData/MessageAI-fcqihoeipcbwpdgutsuclsargbwg/Build/Intermediates.noindex/MessageAI.build/Debug-iphonesimulator/MessageAITests.build/Objects-normal/x86_64/MessageAITests.SwiftFileList -DDEBUG -Xcc -fmodule-map-file\=/Users/yan/Library/Developer/Xcode/DerivedData/MessageAI-fcqihoeipcbwpdgutsuclsargbwg/Build/Intermediates.noindex/GeneratedModuleMaps-iphonesimulator/RecaptchaInterop.modulemap -Xcc -fmodule-map-file\=/Users/yan/Library/Developer/Xcode/DerivedData/MessageAI-fcqihoeipcbwpdgutsuclsargbwg/Build/Intermediates.noindex/GeneratedModuleMaps-iphonesimulator/FirebaseAuth.modulemap -Xcc -fmodule-map-file\=/Users/yan/Library/Developer/Xcode/DerivedData/MessageAI-fcqihoeipcbwpdgutsuclsargbwg/Build/Intermediates.noindex/GeneratedModuleMaps-iphonesimulator/abslWrapper.modulemap -Xcc -fmodule-map-file\=/Users/yan/Library/Developer/Xcode/DerivedData/MessageAI-fcqihoeipcbwpdgutsuclsargbwg/Build/Intermediates.noindex/GeneratedModuleMaps-iphonesimulator/opensslWrapper.modulemap -Xcc -fmodule-map-file\=/Users/yan/Library/Developer/Xcode/DerivedData/MessageAI-fcqihoeipcbwpdgutsuclsargbwg/Build/Intermediates.noindex/GeneratedModuleMaps-iphonesimulator/grpcWrapper.modulemap -Xcc -fmodule-map-file\=/Users/yan/Library/Developer/Xcode/DerivedData/MessageAI-fcqihoeipcbwpdgutsuclsargbwg/Build/Intermediates.noindex/GeneratedModuleMaps-iphonesimulator/grpcppWrapper.modulemap -Xcc -fmodule-map-file\=/Users/yan/Library/Developer/Xcode/DerivedData/MessageAI-fcqihoeipcbwpdgutsuclsargbwg/Build/Intermediates.noindex/GeneratedModuleMaps-iphonesimulator/leveldb.modulemap -Xcc -fmodule-map-file\=/Users/yan/Library/Developer/Xcode/DerivedData/MessageAI-fcqihoeipcbwpdgutsuclsargbwg/Build/Intermediates.noindex/GeneratedModuleMaps-iphonesimulator/FirebaseFirestoreInternalWrapper.modulemap -Xcc -fmodule-map-file\=/Users/yan/Library/Developer/Xcode/DerivedData/MessageAI-fcqihoeipcbwpdgutsuclsargbwg/Build/Intermediates.noindex/GeneratedModuleMaps-iphonesimulator/FirebaseFirestoreTarget.modulemap -Xcc -fmodule-map-file\=/Users/yan/Library/Developer/Xcode/DerivedData/MessageAI-fcqihoeipcbwpdgutsuclsargbwg/Build/Intermediates.noindex/GeneratedModuleMaps-iphonesimulator/GTMSessionFetcherCore.modulemap -Xcc -fmodule-map-file\=/Users/yan/Library/Developer/Xcode/DerivedData/MessageAI-fcqihoeipcbwpdgutsuclsargbwg/Build/Intermediates.noindex/GeneratedModuleMaps-iphonesimulator/FirebaseMessagingInterop.modulemap -Xcc -fmodule-map-file\=/Users/yan/Library/Developer/Xcode/DerivedData/MessageAI-fcqihoeipcbwpdgutsuclsargbwg/Build/Intermediates.noindex/GeneratedModuleMaps-iphonesimulator/FirebaseCoreExtension.modulemap -Xcc -fmodule-map-file\=/Users/yan/Library/Developer/Xcode/DerivedData/MessageAI-fcqihoeipcbwpdgutsuclsargbwg/Build/Intermediates.noindex/GeneratedModuleMaps-iphonesimulator/FirebaseAuthInterop.modulemap -Xcc -fmodule-map-file\=/Users/yan/Library/Developer/Xcode/DerivedData/MessageAI-fcqihoeipcbwpdgutsuclsargbwg/Build/Intermediates.noindex/GeneratedModuleMaps-iphonesimulator/FirebaseAppCheckInterop.modulemap -Xcc -fmodule-map-file\=/Users/yan/Library/Developer/Xcode/DerivedData/MessageAI-fcqihoeipcbwpdgutsuclsargbwg/Build/Intermediates.noindex/GeneratedModuleMaps-iphonesimulator/GoogleUtilities-UserDefaults.modulemap -Xcc -fmodule-map-file\=/Users/yan/Library/Developer/Xcode/DerivedData/MessageAI-fcqihoeipcbwpdgutsuclsargbwg/Build/Intermediates.noindex/GeneratedModuleMaps-iphonesimulator/GoogleAppMeasurementTarget.modulemap -Xcc -fmodule-map-file\=/Users/yan/Library/Developer/Xcode/DerivedData/MessageAI-fcqihoeipcbwpdgutsuclsargbwg/Build/Intermediates.noindex/GeneratedModuleMaps-iphonesimulator/GoogleUtilities-AppDelegateSwizzler.modulemap -Xcc -fmodule-map-file\=/Users/yan/Library/Developer/Xcode/DerivedData/MessageAI-fcqihoeipcbwpdgutsuclsargbwg/Build/Intermediates.noindex/GeneratedModuleMaps-iphonesimulator/GoogleUtilities-MethodSwizzler.modulemap -Xcc -fmodule-map-file\=/Users/yan/Library/Developer/Xcode/DerivedData/MessageAI-fcqihoeipcbwpdgutsuclsargbwg/Build/Intermediates.noindex/GeneratedModuleMaps-iphonesimulator/GoogleUtilities-Reachability.modulemap -Xcc -fmodule-map-file\=/Users/yan/Library/Developer/Xcode/DerivedData/MessageAI-fcqihoeipcbwpdgutsuclsargbwg/Build/Intermediates.noindex/GeneratedModuleMaps-iphonesimulator/GoogleUtilities-NSData.modulemap -Xcc -fmodule-map-file\=/Users/yan/Library/Developer/Xcode/DerivedData/MessageAI-fcqihoeipcbwpdgutsuclsargbwg/Build/Intermediates.noindex/GeneratedModuleMaps-iphonesimulator/GoogleUtilities-Logger.modulemap -Xcc -fmodule-map-file\=/Users/yan/Library/Developer/Xcode/DerivedData/MessageAI-fcqihoeipcbwpdgutsuclsargbwg/Build/Intermediates.noindex/GeneratedModuleMaps-iphonesimulator/GoogleUtilities-Environment.modulemap -Xcc -fmodule-map-file\=/Users/yan/Library/Developer/Xcode/DerivedData/MessageAI-fcqihoeipcbwpdgutsuclsargbwg/Build/Intermediates.noindex/GeneratedModuleMaps-iphonesimulator/third-party-IsAppEncrypted.modulemap -Xcc -fmodule-map-file\=/Users/yan/Library/Developer/Xcode/DerivedData/MessageAI-fcqihoeipcbwpdgutsuclsargbwg/Build/Intermediates.noindex/GeneratedModuleMaps-iphonesimulator/GoogleUtilities-Network.modulemap -Xcc -fmodule-map-file\=/Users/yan/Library/Developer/Xcode/DerivedData/MessageAI-fcqihoeipcbwpdgutsuclsargbwg/Build/Intermediates.noindex/GeneratedModuleMaps-iphonesimulator/nanopb.modulemap -Xcc -fmodule-map-file\=/Users/yan/Library/Developer/Xcode/DerivedData/MessageAI-fcqihoeipcbwpdgutsuclsargbwg/Build/Intermediates.noindex/GeneratedModuleMaps-iphonesimulator/FirebaseAnalyticsWrapper.modulemap -Xcc -fmodule-map-file\=/Users/yan/Library/Developer/Xcode/DerivedData/MessageAI-fcqihoeipcbwpdgutsuclsargbwg/Build/Intermediates.noindex/GeneratedModuleMaps-iphonesimulator/FirebaseInstallations.modulemap -Xcc -fmodule-map-file\=/Users/yan/Library/Developer/Xcode/DerivedData/MessageAI-fcqihoeipcbwpdgutsuclsargbwg/Build/Intermediates.noindex/GeneratedModuleMaps-iphonesimulator/FirebaseCore.modulemap -Xcc -fmodule-map-file\=/Users/yan/Library/Developer/Xcode/DerivedData/MessageAI-fcqihoeipcbwpdgutsuclsargbwg/Build/Intermediates.noindex/GeneratedModuleMaps-iphonesimulator/FirebaseAnalyticsTarget.modulemap -Xcc -fmodule-map-file\=/Users/yan/Library/Developer/Xcode/DerivedData/MessageAI-fcqihoeipcbwpdgutsuclsargbwg/Build/Intermediates.noindex/GeneratedModuleMaps-iphonesimulator/InjectionNextC.modulemap -plugin-path /Applications/Xcode.app/Contents/Developer/Toolchains/XcodeDefault.xctoolchain/usr/lib/swift/host/plugins/testing -enable-upcoming-feature StrictConcurrency -enable-bare-slash-regex -enable-experimental-feature DebugDescriptionMacro -sdk /Applications/Xcode.app/Contents/Developer/Platforms/iPhoneSimulator.platform/Developer/SDKs/iPhoneSimulator26.0.sdk -target x86_64-apple-ios16.0-simulator -g -module-cache-path /Users/yan/Library/Developer/Xcode/DerivedData/ModuleCache.noindex -Xfrontend -serialize-debugging-options -profile-coverage-mapping -profile-generate -enable-testing -index-store-path /Users/yan/Library/Developer/Xcode/DerivedData/MessageAI-fcqihoeipcbwpdgutsuclsargbwg/Index.noindex/DataStore -Xcc -D_LIBCPP_HARDENING_MODE\=_LIBCPP_HARDENING_MODE_DEBUG -swift-version 5 -I /Users/yan/Library/Developer/Xcode/DerivedData/MessageAI-fcqihoeipcbwpdgutsuclsargbwg/Build/Products/Debug-iphonesimulator -Isystem /Applications/Xcode.app/Contents/Developer/Platforms/iPhoneSimulator.platform/Developer/usr/lib -F /Users/yan/Library/Developer/Xcode/DerivedData/MessageAI-fcqihoeipcbwpdgutsuclsargbwg/Build/Products/Debug-iphonesimulator/PackageFrameworks -F /Users/yan/Library/Developer/Xcode/DerivedData/MessageAI-fcqihoeipcbwpdgutsuclsargbwg/Build/Products/Debug-iphonesimulator/PackageFrameworks -F /Users/yan/Library/Developer/Xcode/DerivedData/MessageAI-fcqihoeipcbwpdgutsuclsargbwg/Build/Products/Debug-iphonesimulator/PackageFrameworks -F /Users/yan/Library/Developer/Xcode/DerivedData/MessageAI-fcqihoeipcbwpdgutsuclsargbwg/Build/Products/Debug-iphonesimulator/PackageFrameworks -F /Users/yan/Library/Developer/Xcode/DerivedData/MessageAI-fcqihoeipcbwpdgutsuclsargbwg/Build/Products/Debug-iphonesimulator/PackageFrameworks -F /Users/yan/Library/Developer/Xcode/DerivedData/MessageAI-fcqihoeipcbwpdgutsuclsargbwg/Build/Products/Debug-iphonesimulator/PackageFrameworks -F /Users/yan/Library/Developer/Xcode/DerivedData/MessageAI-fcqihoeipcbwpdgutsuclsargbwg/Build/Products/Debug-iphonesimulator/PackageFrameworks -F /Users/yan/Library/Developer/Xcode/DerivedData/MessageAI-fcqihoeipcbwpdgutsuclsargbwg/Build/Products/Debug-iphonesimulator/PackageFrameworks -F /Users/yan/Library/Developer/Xcode/DerivedData/MessageAI-fcqihoeipcbwpdgutsuclsargbwg/Build/Products/Debug-iphonesimulator/PackageFrameworks -F /Users/yan/Library/Developer/Xcode/DerivedData/MessageAI-fcqihoeipcbwpdgutsuclsargbwg/Build/Products/Debug-iphonesimulator/PackageFrameworks -F /Users/yan/Library/Developer/Xcode/DerivedData/MessageAI-fcqihoeipcbwpdgutsuclsargbwg/Build/Products/Debug-iphonesimulator/PackageFrameworks -F /Users/yan/Library/Developer/Xcode/DerivedData/MessageAI-fcqihoeipcbwpdgutsuclsargbwg/Build/Products/Debug-iphonesimulator/PackageFrameworks -F /Users/yan/Library/Developer/Xcode/DerivedData/MessageAI-fcqihoeipcbwpdgutsuclsargbwg/Build/Products/Debug-iphonesimulator/PackageFrameworks -F /Users/yan/Library/Developer/Xcode/DerivedData/MessageAI-fcqihoeipcbwpdgutsuclsargbwg/Build/Products/Debug-iphonesimulator/PackageFrameworks -F /Users/yan/Library/Developer/Xcode/DerivedData/MessageAI-fcqihoeipcbwpdgutsuclsargbwg/Build/Products/Debug-iphonesimulator/PackageFrameworks -F /Users/yan/Library/Developer/Xcode/DerivedData/MessageAI-fcqihoeipcbwpdgutsuclsargbwg/Build/Products/Debug-iphonesimulator/PackageFrameworks -F /Users/yan/Library/Developer/Xcode/DerivedData/MessageAI-fcqihoeipcbwpdgutsuclsargbwg/Build/Products/Debug-iphonesimulator/PackageFrameworks -F /Users/yan/Library/Developer/Xcode/DerivedData/MessageAI-fcqihoeipcbwpdgutsuclsargbwg/Build/Products/Debug-iphonesimulator/PackageFrameworks -F /Users/yan/Library/Developer/Xcode/DerivedData/MessageAI-fcqihoeipcbwpdgutsuclsargbwg/Build/Products/Debug-iphonesimulator/PackageFrameworks -F /Users/yan/Library/Developer/Xcode/DerivedData/MessageAI-fcqihoeipcbwpdgutsuclsargbwg/Build/Products/Debug-iphonesimulator/PackageFrameworks -F /Users/yan/Library/Developer/Xcode/DerivedData/MessageAI-fcqihoeipcbwpdgutsuclsargbwg/Build/Products/Debug-iphonesimulator/PackageFrameworks -F /Users/yan/Library/Developer/Xcode/DerivedData/MessageAI-fcqihoeipcbwpdgutsuclsargbwg/Build/Products/Debug-iphonesimulator/PackageFrameworks -F /Users/yan/Library/Developer/Xcode/DerivedData/MessageAI-fcqihoeipcbwpdgutsuclsargbwg/Build/Products/Debug-iphonesimulator/PackageFrameworks -F /Users/yan/Library/Developer/Xcode/DerivedData/MessageAI-fcqihoeipcbwpdgutsuclsargbwg/Build/Products/Debug-iphonesimulator/PackageFrameworks -F /Users/yan/Library/Developer/Xcode/DerivedData/MessageAI-fcqihoeipcbwpdgutsuclsargbwg/Build/Products/Debug-iphonesimulator/PackageFrameworks -F /Users/yan/Library/Developer/Xcode/DerivedData/MessageAI-fcqihoeipcbwpdgutsuclsargbwg/Build/Products/Debug-iphonesimulator/PackageFrameworks -F /Users/yan/Library/Developer/Xcode/DerivedData/MessageAI-fcqihoeipcbwpdgutsuclsargbwg/Build/Products/Debug-iphonesimulator/PackageFrameworks -F /Users/yan/Library/Developer/Xcode/DerivedData/MessageAI-fcqihoeipcbwpdgutsuclsargbwg/Build/Products/Debug-iphonesimulator/PackageFrameworks -F /Users/yan/Library/Developer/Xcode/DerivedData/MessageAI-fcqihoeipcbwpdgutsuclsargbwg/Build/Products/Debug-iphonesimulator/PackageFrameworks -F /Users/yan/Library/Developer/Xcode/DerivedData/MessageAI-fcqihoeipcbwpdgutsuclsargbwg/Build/Products/Debug-iphonesimulator/PackageFrameworks -F /Users/yan/Library/Developer/Xcode/DerivedData/MessageAI-fcqihoeipcbwpdgutsuclsargbwg/Build/Products/Debug-iphonesimulator/PackageFrameworks -F /Users/yan/Library/Developer/Xcode/DerivedData/MessageAI-fcqihoeipcbwpdgutsuclsargbwg/Build/Products/Debug-iphonesimulator/PackageFrameworks -F /Users/yan/Library/Developer/Xcode/DerivedData/MessageAI-fcqihoeipcbwpdgutsuclsargbwg/Build/Products/Debug-iphonesimulator/PackageFrameworks -F /Users/yan/Library/Developer/Xcode/DerivedData/MessageAI-fcqihoeipcbwpdgutsuclsargbwg/Build/Products/Debug-iphonesimulator/PackageFrameworks -F /Users/yan/Library/Developer/Xcode/DerivedData/MessageAI-fcqihoeipcbwpdgutsuclsargbwg/Build/Products/Debug-iphonesimulator/PackageFrameworks -F /Users/yan/Library/Developer/Xcode/DerivedData/MessageAI-fcqihoeipcbwpdgutsuclsargbwg/Build/Products/Debug-iphonesimulator/PackageFrameworks -F /Users/yan/Library/Developer/Xcode/DerivedData/MessageAI-fcqihoeipcbwpdgutsuclsargbwg/Build/Products/Debug-iphonesimulator/PackageFrameworks -F /Users/yan/Library/Developer/Xcode/DerivedData/MessageAI-fcqihoeipcbwpdgutsuclsargbwg/Build/Products/Debug-iphonesimulator/PackageFrameworks -F /Users/yan/Library/Developer/Xcode/DerivedData/MessageAI-fcqihoeipcbwpdgutsuclsargbwg/Build/Products/Debug-iphonesimulator/PackageFrameworks -F /Users/yan/Library/Developer/Xcode/DerivedData/MessageAI-fcqihoeipcbwpdgutsuclsargbwg/Build/Products/Debug-iphonesimulator/PackageFrameworks -F /Users/yan/Library/Developer/Xcode/DerivedData/MessageAI-fcqihoeipcbwpdgutsuclsargbwg/Build/Products/Debug-iphonesimulator -F /Applications/Xcode.app/Contents/Developer/Platforms/iPhoneSimulator.platform/Developer/Library/Frameworks -F /Applications/Xcode.app/Contents/Developer/Platforms/iPhoneSimulator.platform/Developer/SDKs/iPhoneSimulator26.0.sdk/Developer/Library/Frameworks -emit-localized-strings -emit-localized-strings-path /Users/yan/Library/Developer/Xcode/DerivedData/MessageAI-fcqihoeipcbwpdgutsuclsargbwg/Build/Intermediates.noindex/MessageAI.build/Debug-iphonesimulator/MessageAITests.build/Objects-normal/x86_64 -c -j16 -enable-batch-mode -incremental -Xcc -ivfsstatcache -Xcc /Users/yan/Library/Developer/Xcode/DerivedData/SDKStatCaches.noindex/iphonesimulator26.0-23A339-26257891a6c027eb51374368541b8346.sdkstatcache -output-file-map /Users/yan/Library/Developer/Xcode/DerivedData/MessageAI-fcqihoeipcbwpdgutsuclsargbwg/Build/Intermediates.noindex/MessageAI.build/Debug-iphonesimulator/MessageAITests.build/Objects-normal/x86_64/MessageAITests-OutputFileMap.json -use-frontend-parseable-output -save-temps -no-color-diagnostics -explicit-module-build -module-cache-path /Users/yan/Library/Developer/Xcode/DerivedData/MessageAI-fcqihoeipcbwpdgutsuclsargbwg/Build/Intermediates.noindex/SwiftExplicitPrecompiledModules -clang-scanner-module-cache-path /Users/yan/Library/Developer/Xcode/DerivedData/ModuleCache.noindex -sdk-module-cache-path /Users/yan/Library/Developer/Xcode/DerivedData/ModuleCache.noindex -serialize-diagnostics -emit-dependencies -emit-module -emit-module-path /Users/yan/Library/Developer/Xcode/DerivedData/MessageAI-fcqihoeipcbwpdgutsuclsargbwg/Build/Intermediates.noindex/MessageAI.build/Debug-iphonesimulator/MessageAITests.build/Objects-normal/x86_64/MessageAITests.swiftmodule -validate-clang-modules-once -clang-build-session-file /Users/yan/Library/Developer/Xcode/DerivedData/ModuleCache.noindex/Session.modulevalidation -Xcc -I/Users/yan/Library/Developer/Xcode/DerivedData/MessageAI-fcqihoeipcbwpdgutsuclsargbwg/Build/Intermediates.noindex/MessageAI.build/Debug-iphonesimulator/MessageAITests.build/swift-overrides.hmap -emit-const-values -Xfrontend -const-gather-protocols-file -Xfrontend /Users/yan/Library/Developer/Xcode/DerivedData/MessageAI-fcqihoeipcbwpdgutsuclsargbwg/Build/Intermediates.noindex/MessageAI.build/Debug-iphonesimulator/MessageAITests.build/Objects-normal/x86_64/MessageAITests_const_extract_protocols.json -Xcc -iquote -Xcc /Users/yan/Library/Developer/Xcode/DerivedData/MessageAI-fcqihoeipcbwpdgutsuclsargbwg/Build/Intermediates.noindex/MessageAI.build/Debug-iphonesimulator/MessageAITests.build/MessageAITests-generated-files.hmap -Xcc -I/Users/yan/Library/Developer/Xcode/DerivedData/MessageAI-fcqihoeipcbwpdgutsuclsargbwg/Build/Intermediates.noindex/MessageAI.build/Debug-iphonesimulator/MessageAITests.build/MessageAITests-own-target-headers.hmap -Xcc -I/Users/yan/Library/Developer/Xcode/DerivedData/MessageAI-fcqihoeipcbwpdgutsuclsargbwg/Build/Intermediates.noindex/MessageAI.build/Debug-iphonesimulator/MessageAITests.build/MessageAITests-all-non-framework-target-headers.hmap -Xcc -ivfsoverlay -Xcc /Users/yan/Library/Developer/Xcode/DerivedData/MessageAI-fcqihoeipcbwpdgutsuclsargbwg/Build/Intermediates.noindex/MessageAI.build/Debug-iphonesimulator/MessageAI-3c754e7aa0e8de9f3c278c3c711e857f-VFS-iphonesimulator/all-product-headers.yaml -Xcc -iquote -Xcc /Users/yan/Library/Developer/Xcode/DerivedData/MessageAI-fcqihoeipcbwpdgutsuclsargbwg/Build/Intermediates.noindex/MessageAI.build/Debug-iphonesimulator/MessageAITests.build/MessageAITests-project-headers.hmap -Xcc -I/Users/yan/Library/Developer/Xcode/DerivedData/MessageAI-fcqihoeipcbwpdgutsuclsargbwg/SourcePackages/checkouts/interop-ios-for-google-sdks/RecaptchaEnterprise/RecaptchaInterop/Public -Xcc -I/Users/yan/Library/Developer/Xcode/DerivedData/MessageAI-fcqihoeipcbwpdgutsuclsargbwg/SourcePackages/checkouts/firebase-ios-sdk/FirebaseAuth/Sources/Public -Xcc -I/Users/yan/Library/Developer/Xcode/DerivedData/MessageAI-fcqihoeipcbwpdgutsuclsargbwg/SourcePackages/checkouts/abseil-cpp-binary/absl-Wrapper/include -Xcc -I/Users/yan/Library/Developer/Xcode/DerivedData/MessageAI-fcqihoeipcbwpdgutsuclsargbwg/SourcePackages/checkouts/grpc-binary/openssl-grpc-Wrapper/include -Xcc -I/Users/yan/Library/Developer/Xcode/DerivedData/MessageAI-fcqihoeipcbwpdgutsuclsargbwg/SourcePackages/checkouts/grpc-binary/grpc-Wrapper/include -Xcc -I/Users/yan/Library/Developer/Xcode/DerivedData/MessageAI-fcqihoeipcbwpdgutsuclsargbwg/SourcePackages/checkouts/grpc-binary/grpcpp-Wrapper/include -Xcc -I/Users/yan/Library/Developer/Xcode/DerivedData/MessageAI-fcqihoeipcbwpdgutsuclsargbwg/SourcePackages/checkouts/leveldb/include -Xcc -I/Users/yan/Library/Developer/Xcode/DerivedData/MessageAI-fcqihoeipcbwpdgutsuclsargbwg/SourcePackages/checkouts/firebase-ios-sdk/FirebaseFirestoreInternal -Xcc -I/Users/yan/Library/Developer/Xcode/DerivedData/MessageAI-fcqihoeipcbwpdgutsuclsargbwg/SourcePackages/checkouts/firebase-ios-sdk/SwiftPM-PlatformExclude/FirebaseFirestoreWrap/include -Xcc -I/Users/yan/Library/Developer/Xcode/DerivedData/MessageAI-fcqihoeipcbwpdgutsuclsargbwg/SourcePackages/checkouts/gtm-session-fetcher/Sources/Core/Public -Xcc -I/Users/yan/Library/Developer/Xcode/DerivedData/MessageAI-fcqihoeipcbwpdgutsuclsargbwg/SourcePackages/checkouts/firebase-ios-sdk/FirebaseMessaging/Interop -Xcc -I/Users/yan/Library/Developer/Xcode/DerivedData/MessageAI-fcqihoeipcbwpdgutsuclsargbwg/SourcePackages/checkouts/firebase-ios-sdk/FirebaseCore/Extension -Xcc -I/Users/yan/Library/Developer/Xcode/DerivedData/MessageAI-fcqihoeipcbwpdgutsuclsargbwg/SourcePackages/checkouts/firebase-ios-sdk/FirebaseAuth/Interop -Xcc -I/Users/yan/Library/Developer/Xcode/DerivedData/MessageAI-fcqihoeipcbwpdgutsuclsargbwg/SourcePackages/checkouts/firebase-ios-sdk/FirebaseAppCheck/Interop/Public -Xcc -I/Users/yan/Library/Developer/Xcode/DerivedData/MessageAI-fcqihoeipcbwpdgutsuclsargbwg/SourcePackages/checkouts/promises/Sources/FBLPromises/include -Xcc -I/Users/yan/Library/Developer/Xcode/DerivedData/MessageAI-fcqihoeipcbwpdgutsuclsargbwg/SourcePackages/checkouts/GoogleUtilities/GoogleUtilities/UserDefaults/Public -Xcc -I/Users/yan/Library/Developer/Xcode/DerivedData/MessageAI-fcqihoeipcbwpdgutsuclsargbwg/SourcePackages/checkouts/GoogleAppMeasurement/GoogleAppMeasurementWrapper/include -Xcc -I/Users/yan/Library/Developer/Xcode/DerivedData/MessageAI-fcqihoeipcbwpdgutsuclsargbwg/SourcePackages/checkouts/GoogleUtilities/GoogleUtilities/AppDelegateSwizzler/Public -Xcc -I/Users/yan/Library/Developer/Xcode/DerivedData/MessageAI-fcqihoeipcbwpdgutsuclsargbwg/SourcePackages/checkouts/GoogleUtilities/GoogleUtilities/MethodSwizzler/Public -Xcc -I/Users/yan/Library/Developer/Xcode/DerivedData/MessageAI-fcqihoeipcbwpdgutsuclsargbwg/SourcePackages/checkouts/GoogleUtilities/GoogleUtilities/Reachability/Public -Xcc -I/Users/yan/Library/Developer/Xcode/DerivedData/MessageAI-fcqihoeipcbwpdgutsuclsargbwg/SourcePackages/checkouts/GoogleUtilities/GoogleUtilities/NSData+zlib/Public -Xcc -I/Users/yan/Library/Developer/Xcode/DerivedData/MessageAI-fcqihoeipcbwpdgutsuclsargbwg/SourcePackages/checkouts/GoogleUtilities/GoogleUtilities/Logger/Public -Xcc -I/Users/yan/Library/Developer/Xcode/DerivedData/MessageAI-fcqihoeipcbwpdgutsuclsargbwg/SourcePackages/checkouts/GoogleUtilities/GoogleUtilities/Environment/Public -Xcc -I/Users/yan/Library/Developer/Xcode/DerivedData/MessageAI-fcqihoeipcbwpdgutsuclsargbwg/SourcePackages/checkouts/GoogleUtilities/third_party/IsAppEncrypted/Public -Xcc -I/Users/yan/Library/Developer/Xcode/DerivedData/MessageAI-fcqihoeipcbwpdgutsuclsargbwg/SourcePackages/checkouts/GoogleUtilities/GoogleUtilities/Network/Public -Xcc -I/Users/yan/Library/Developer/Xcode/DerivedData/MessageAI-fcqihoeipcbwpdgutsuclsargbwg/SourcePackages/checkouts/nanopb/spm_headers -Xcc -I/Users/yan/Library/Developer/Xcode/DerivedData/MessageAI-fcqihoeipcbwpdgutsuclsargbwg/SourcePackages/checkouts/firebase-ios-sdk/FirebaseAnalyticsWrapper/include -Xcc -I/Users/yan/Library/Developer/Xcode/DerivedData/MessageAI-fcqihoeipcbwpdgutsuclsargbwg/SourcePackages/checkouts/firebase-ios-sdk/FirebaseInstallations/Source/Library/Public -Xcc -I/Users/yan/Library/Developer/Xcode/DerivedData/MessageAI-fcqihoeipcbwpdgutsuclsargbwg/SourcePackages/checkouts/firebase-ios-sdk/FirebaseCore/Sources/Public -Xcc -I/Users/yan/Library/Developer/Xcode/DerivedData/MessageAI-fcqihoeipcbwpdgutsuclsargbwg/SourcePackages/checkouts/firebase-ios-sdk/CoreOnly/Sources -Xcc -I/Users/yan/Library/Developer/Xcode/DerivedData/MessageAI-fcqihoeipcbwpdgutsuclsargbwg/SourcePackages/checkouts/firebase-ios-sdk/SwiftPM-PlatformExclude/FirebaseAnalyticsWrap/include -Xcc -I/Users/yan/Library/Developer/Xcode/DerivedData/MessageAI-fcqihoeipcbwpdgutsuclsargbwg/SourcePackages/checkouts/InjectionNext/Sources/InjectionNextC/include -Xcc -I/Users/yan/Library/Developer/Xcode/DerivedData/MessageAI-fcqihoeipcbwpdgutsuclsargbwg/Build/Products/Debug-iphonesimulator/include -Xcc -I/Users/yan/Library/Developer/Xcode/DerivedData/MessageAI-fcqihoeipcbwpdgutsuclsargbwg/Build/Intermediates.noindex/MessageAI.build/Debug-iphonesimulator/MessageAITests.build/DerivedSources-normal/x86_64 -Xcc -I/Users/yan/Library/Developer/Xcode/DerivedData/MessageAI-fcqihoeipcbwpdgutsuclsargbwg/Build/Intermediates.noindex/MessageAI.build/Debug-iphonesimulator/MessageAITests.build/DerivedSources/x86_64 -Xcc -I/Users/yan/Library/Developer/Xcode/DerivedData/MessageAI-fcqihoeipcbwpdgutsuclsargbwg/Build/Intermediates.noindex/MessageAI.build/Debug-iphonesimulator/MessageAITests.build/DerivedSources -Xcc -DDEBUG\=1 -emit-objc-header -emit-objc-header-path /Users/yan/Library/Developer/Xcode/DerivedData/MessageAI-fcqihoeipcbwpdgutsuclsargbwg/Build/Intermediates.noindex/MessageAI.build/Debug-iphonesimulator/MessageAITests.build/Objects-normal/x86_64/MessageAITests-Swift.h -working-directory /Users/yan/gauntlet/messageAI -experimental-emit-module-separately -disable-cmo

SwiftCompile normal x86_64 Compiling\ ConversationListViewModelTests.swift,\ ConversationModelTests.swift /Users/yan/gauntlet/messageAI/MessageAI/MessageAITests/ViewModels/ConversationListViewModelTests.swift /Users/yan/gauntlet/messageAI/MessageAI/MessageAITests/Models/ConversationModelTests.swift (in target 'MessageAITests' from project 'MessageAI')

SwiftCompile normal x86_64 /Users/yan/gauntlet/messageAI/MessageAI/MessageAITests/ViewModels/ConversationListViewModelTests.swift (in target 'MessageAITests' from project 'MessageAI')
    cd /Users/yan/gauntlet/messageAI
    

SwiftCompile normal x86_64 /Users/yan/gauntlet/messageAI/MessageAI/MessageAITests/Models/ConversationModelTests.swift (in target 'MessageAITests' from project 'MessageAI')
    cd /Users/yan/gauntlet/messageAI
    

SwiftCompile normal x86_64 Compiling\ KeychainManagerTests.swift /Users/yan/gauntlet/messageAI/MessageAI/MessageAITests/Utilities/KeychainManagerTests.swift (in target 'MessageAITests' from project 'MessageAI')

SwiftCompile normal x86_64 /Users/yan/gauntlet/messageAI/MessageAI/MessageAITests/Utilities/KeychainManagerTests.swift (in target 'MessageAITests' from project 'MessageAI')
    cd /Users/yan/gauntlet/messageAI
    

SwiftCompile normal x86_64 Compiling\ TestHelpers.swift /Users/yan/gauntlet/messageAI/MessageAI/MessageAITests/Helpers/TestHelpers.swift (in target 'MessageAITests' from project 'MessageAI')

SwiftCompile normal x86_64 /Users/yan/gauntlet/messageAI/MessageAI/MessageAITests/Helpers/TestHelpers.swift (in target 'MessageAITests' from project 'MessageAI')
    cd /Users/yan/gauntlet/messageAI
    

SwiftCompile normal x86_64 Compiling\ NotificationServiceTests.swift /Users/yan/gauntlet/messageAI/MessageAI/MessageAITests/Services/NotificationServiceTests.swift (in target 'MessageAITests' from project 'MessageAI')

SwiftCompile normal x86_64 /Users/yan/gauntlet/messageAI/MessageAI/MessageAITests/Services/NotificationServiceTests.swift (in target 'MessageAITests' from project 'MessageAI')
    cd /Users/yan/gauntlet/messageAI
    

SwiftCompile normal x86_64 Compiling\ MessageModelTests.swift /Users/yan/gauntlet/messageAI/MessageAI/MessageAITests/Models/MessageModelTests.swift (in target 'MessageAITests' from project 'MessageAI')

SwiftCompile normal x86_64 /Users/yan/gauntlet/messageAI/MessageAI/MessageAITests/Models/MessageModelTests.swift (in target 'MessageAITests' from project 'MessageAI')
    cd /Users/yan/gauntlet/messageAI
    

SwiftCompile normal x86_64 Compiling\ OfflineQueueServiceTests.swift /Users/yan/gauntlet/messageAI/MessageAI/MessageAITests/Services/OfflineQueueServiceTests.swift (in target 'MessageAITests' from project 'MessageAI')

SwiftCompile normal x86_64 /Users/yan/gauntlet/messageAI/MessageAI/MessageAITests/Services/OfflineQueueServiceTests.swift (in target 'MessageAITests' from project 'MessageAI')
    cd /Users/yan/gauntlet/messageAI
    

SwiftCompile normal x86_64 Compiling\ ConversationRepositoryTests.swift,\ ConversationSummaryModelTests.swift /Users/yan/gauntlet/messageAI/MessageAI/MessageAITests/Repositories/ConversationRepositoryTests.swift /Users/yan/gauntlet/messageAI/MessageAI/MessageAITests/Models/ConversationSummaryModelTests.swift (in target 'MessageAITests' from project 'MessageAI')

SwiftCompile normal x86_64 /Users/yan/gauntlet/messageAI/MessageAI/MessageAITests/Repositories/ConversationRepositoryTests.swift (in target 'MessageAITests' from project 'MessageAI')
    cd /Users/yan/gauntlet/messageAI
    

SwiftCompile normal x86_64 /Users/yan/gauntlet/messageAI/MessageAI/MessageAITests/Models/ConversationSummaryModelTests.swift (in target 'MessageAITests' from project 'MessageAI')
    cd /Users/yan/gauntlet/messageAI
    

SwiftCompile normal x86_64 Compiling\ PresenceServiceTests.swift /Users/yan/gauntlet/messageAI/MessageAI/MessageAITests/Services/PresenceServiceTests.swift (in target 'MessageAITests' from project 'MessageAI')

SwiftCompile normal x86_64 /Users/yan/gauntlet/messageAI/MessageAI/MessageAITests/Services/PresenceServiceTests.swift (in target 'MessageAITests' from project 'MessageAI')
    cd /Users/yan/gauntlet/messageAI
    

SwiftCompile normal x86_64 Compiling\ MessageStatusTests.swift /Users/yan/gauntlet/messageAI/MessageAI/MessageAITests/Models/MessageStatusTests.swift (in target 'MessageAITests' from project 'MessageAI')

SwiftCompile normal x86_64 /Users/yan/gauntlet/messageAI/MessageAI/MessageAITests/Models/MessageStatusTests.swift (in target 'MessageAITests' from project 'MessageAI')
    cd /Users/yan/gauntlet/messageAI
    

SwiftCompile normal x86_64 Compiling\ NetworkMonitorTests.swift /Users/yan/gauntlet/messageAI/MessageAI/MessageAITests/Services/NetworkMonitorTests.swift (in target 'MessageAITests' from project 'MessageAI')
Failed frontend command:
/Applications/Xcode.app/Contents/Developer/Toolchains/XcodeDefault.xctoolchain/usr/bin/swift-frontend -frontend -c /Users/yan/gauntlet/messageAI/MessageAI/MessageAITests/Models/AISuggestionModelTests.swift /Users/yan/gauntlet/messageAI/MessageAI/MessageAITests/Models/ActionItemModelTests.swift /Users/yan/gauntlet/messageAI/MessageAI/MessageAITests/ViewModels/AuthViewModelTests.swift /Users/yan/gauntlet/messageAI/MessageAI/MessageAITests/Services/AuthenticationServiceTests.swift /Users/yan/gauntlet/messageAI/MessageAI/MessageAITests/ViewModels/ConversationListViewModelTests.swift /Users/yan/gauntlet/messageAI/MessageAI/MessageAITests/Models/ConversationModelTests.swift /Users/yan/gauntlet/messageAI/MessageAI/MessageAITests/Repositories/ConversationRepositoryTests.swift /Users/yan/gauntlet/messageAI/MessageAI/MessageAITests/Models/ConversationSummaryModelTests.swift /Users/yan/gauntlet/messageAI/MessageAI/MessageAITests/Utilities/KeychainManagerTests.swift /Users/yan/gauntlet/messageAI/MessageAI/MessageAITests/Models/MessageModelTests.swift /Users/yan/gauntlet/messageAI/MessageAI/MessageAITests/Models/MessageStatusTests.swift -primary-file /Users/yan/gauntlet/messageAI/MessageAI/MessageAITests/Services/NetworkMonitorTests.swift /Users/yan/gauntlet/messageAI/MessageAI/MessageAITests/Services/NotificationServiceTests.swift /Users/yan/gauntlet/messageAI/MessageAI/MessageAITests/Services/OfflineQueueServiceTests.swift /Users/yan/gauntlet/messageAI/MessageAI/MessageAITests/Services/PresenceServiceTests.swift /Users/yan/gauntlet/messageAI/MessageAI/MessageAITests/Utilities/StringExtensionsTests.swift /Users/yan/gauntlet/messageAI/MessageAI/MessageAITests/Helpers/TestHelpers.swift /Users/yan/gauntlet/messageAI/MessageAI/MessageAITests/Utilities/UserDefaultsManagerTests.swift /Users/yan/gauntlet/messageAI/MessageAI/MessageAITests/Models/UserModelTests.swift /Users/yan/gauntlet/messageAI/MessageAI/MessageAITests/Repositories/UserRepositoryTests.swift -emit-dependencies-path /Users/yan/Library/Developer/Xcode/DerivedData/MessageAI-fcqihoeipcbwpdgutsuclsargbwg/Build/Intermediates.noindex/MessageAI.build/Debug-iphonesimulator/MessageAITests.build/Objects-normal/x86_64/NetworkMonitorTests.d -emit-const-values-path /Users/yan/Library/Developer/Xcode/DerivedData/MessageAI-fcqihoeipcbwpdgutsuclsargbwg/Build/Intermediates.noindex/MessageAI.build/Debug-iphonesimulator/MessageAITests.build/Objects-normal/x86_64/NetworkMonitorTests.swiftconstvalues -emit-reference-dependencies-path /Users/yan/Library/Developer/Xcode/DerivedData/MessageAI-fcqihoeipcbwpdgutsuclsargbwg/Build/Intermediates.noindex/MessageAI.build/Debug-iphonesimulator/MessageAITests.build/Objects-normal/x86_64/NetworkMonitorTests.swiftdeps -serialize-diagnostics-path /Users/yan/Library/Developer/Xcode/DerivedData/MessageAI-fcqihoeipcbwpdgutsuclsargbwg/Build/Intermediates.noindex/MessageAI.build/Debug-iphonesimulator/MessageAITests.build/Objects-normal/x86_64/NetworkMonitorTests.dia -emit-localized-strings -emit-localized-strings-path /Users/yan/Library/Developer/Xcode/DerivedData/MessageAI-fcqihoeipcbwpdgutsuclsargbwg/Build/Intermediates.noindex/MessageAI.build/Debug-iphonesimulator/MessageAITests.build/Objects-normal/x86_64 -target x86_64-apple-ios16.0-simulator -load-resolved-plugin /Applications/Xcode.app/Contents/Developer/Platforms/iPhoneOS.platform/Developer/usr/lib/swift/host/plugins/libFoundationMacros.dylib\#/Applications/Xcode.app/Contents/Developer/Platforms/iPhoneOS.platform/Developer/usr/bin/swift-plugin-server\#FoundationMacros -load-resolved-plugin /Applications/Xcode.app/Contents/Developer/Platforms/iPhoneOS.platform/Developer/usr/lib/swift/host/plugins/libObservationMacros.dylib\#/Applications/Xcode.app/Contents/Developer/Platforms/iPhoneOS.platform/Developer/usr/bin/swift-plugin-server\#ObservationMacros -load-resolved-plugin /Applications/Xcode.app/Contents/Developer/Platforms/iPhoneOS.platform/Developer/usr/lib/swift/host/plugins/libPreviewsMacros.dylib\#/Applications/Xcode.app/Contents/Developer/Platforms/iPhoneOS.platform/Developer/usr/bin/swift-plugin-server\#PreviewsMacros -load-resolved-plugin /Applications/Xcode.app/Contents/Developer/Platforms/iPhoneOS.platform/Developer/usr/lib/swift/host/plugins/libSwiftMacros.dylib\#/Applications/Xcode.app/Contents/Developer/Platforms/iPhoneOS.platform/Developer/usr/bin/swift-plugin-server\#SwiftMacros -load-resolved-plugin /Applications/Xcode.app/Contents/Developer/Platforms/iPhoneOS.platform/Developer/usr/lib/swift/host/plugins/libSwiftUIMacros.dylib\#/Applications/Xcode.app/Contents/Developer/Platforms/iPhoneOS.platform/Developer/usr/bin/swift-plugin-server\#SwiftUIMacros -disable-implicit-swift-modules -Xcc -fno-implicit-modules -Xcc -fno-implicit-module-maps -explicit-swift-module-map-file /Users/yan/Library/Developer/Xcode/DerivedData/MessageAI-fcqihoeipcbwpdgutsuclsargbwg/Build/Intermediates.noindex/MessageAI.build/Debug-iphonesimulator/MessageAITests.build/Objects-normal/x86_64/MessageAITests-dependencies-1.json -enable-objc-interop -sdk /Applications/Xcode.app/Contents/Developer/Platforms/iPhoneSimulator.platform/Developer/SDKs/iPhoneSimulator26.0.sdk -I /Users/yan/Library/Developer/Xcode/DerivedData/MessageAI-fcqihoeipcbwpdgutsuclsargbwg/Build/Products/Debug-iphonesimulator -Isystem /Applications/Xcode.app/Contents/Developer/Platforms/iPhoneSimulator.platform/Developer/usr/lib -F /Users/yan/Library/Developer/Xcode/DerivedData/MessageAI-fcqihoeipcbwpdgutsuclsargbwg/Build/Products/Debug-iphonesimulator/PackageFrameworks -F /Users/yan/Library/Developer/Xcode/DerivedData/MessageAI-fcqihoeipcbwpdgutsuclsargbwg/Build/Products/Debug-iphonesimulator/PackageFrameworks -F /Users/yan/Library/Developer/Xcode/DerivedData/MessageAI-fcqihoeipcbwpdgutsuclsargbwg/Build/Products/Debug-iphonesimulator/PackageFrameworks -F /Users/yan/Library/Developer/Xcode/DerivedData/MessageAI-fcqihoeipcbwpdgutsuclsargbwg/Build/Products/Debug-iphonesimulator/PackageFrameworks -F /Users/yan/Library/Developer/Xcode/DerivedData/MessageAI-fcqihoeipcbwpdgutsuclsargbwg/Build/Products/Debug-iphonesimulator/PackageFrameworks -F /Users/yan/Library/Developer/Xcode/DerivedData/MessageAI-fcqihoeipcbwpdgutsuclsargbwg/Build/Products/Debug-iphonesimulator/PackageFrameworks -F /Users/yan/Library/Developer/Xcode/DerivedData/MessageAI-fcqihoeipcbwpdgutsuclsargbwg/Build/Products/Debug-iphonesimulator/PackageFrameworks -F /Users/yan/Library/Developer/Xcode/DerivedData/MessageAI-fcqihoeipcbwpdgutsuclsargbwg/Build/Products/Debug-iphonesimulator/PackageFrameworks -F /Users/yan/Library/Developer/Xcode/DerivedData/MessageAI-fcqihoeipcbwpdgutsuclsargbwg/Build/Products/Debug-iphonesimulator/PackageFrameworks -F /Users/yan/Library/Developer/Xcode/DerivedData/MessageAI-fcqihoeipcbwpdgutsuclsargbwg/Build/Products/Debug-iphonesimulator/PackageFrameworks -F /Users/yan/Library/Developer/Xcode/DerivedData/MessageAI-fcqihoeipcbwpdgutsuclsargbwg/Build/Products/Debug-iphonesimulator/PackageFrameworks -F /Users/yan/Library/Developer/Xcode/DerivedData/MessageAI-fcqihoeipcbwpdgutsuclsargbwg/Build/Products/Debug-iphonesimulator/PackageFrameworks -F /Users/yan/Library/Developer/Xcode/DerivedData/MessageAI-fcqihoeipcbwpdgutsuclsargbwg/Build/Products/Debug-iphonesimulator/PackageFrameworks -F /Users/yan/Library/Developer/Xcode/DerivedData/MessageAI-fcqihoeipcbwpdgutsuclsargbwg/Build/Products/Debug-iphonesimulator/PackageFrameworks -F /Users/yan/Library/Developer/Xcode/DerivedData/MessageAI-fcqihoeipcbwpdgutsuclsargbwg/Build/Products/Debug-iphonesimulator/PackageFrameworks -F /Users/yan/Library/Developer/Xcode/DerivedData/MessageAI-fcqihoeipcbwpdgutsuclsargbwg/Build/Products/Debug-iphonesimulator/PackageFrameworks -F /Users/yan/Library/Developer/Xcode/DerivedData/MessageAI-fcqihoeipcbwpdgutsuclsargbwg/Build/Products/Debug-iphonesimulator/PackageFrameworks -F /Users/yan/Library/Developer/Xcode/DerivedData/MessageAI-fcqihoeipcbwpdgutsuclsargbwg/Build/Products/Debug-iphonesimulator/PackageFrameworks -F /Users/yan/Library/Developer/Xcode/DerivedData/MessageAI-fcqihoeipcbwpdgutsuclsargbwg/Build/Products/Debug-iphonesimulator/PackageFrameworks -F /Users/yan/Library/Developer/Xcode/DerivedData/MessageAI-fcqihoeipcbwpdgutsuclsargbwg/Build/Products/Debug-iphonesimulator/PackageFrameworks -F /Users/yan/Library/Developer/Xcode/DerivedData/MessageAI-fcqihoeipcbwpdgutsuclsargbwg/Build/Products/Debug-iphonesimulator/PackageFrameworks -F /Users/yan/Library/Developer/Xcode/DerivedData/MessageAI-fcqihoeipcbwpdgutsuclsargbwg/Build/Products/Debug-iphonesimulator/PackageFrameworks -F /Users/yan/Library/Developer/Xcode/DerivedData/MessageAI-fcqihoeipcbwpdgutsuclsargbwg/Build/Products/Debug-iphonesimulator/PackageFrameworks -F /Users/yan/Library/Developer/Xcode/DerivedData/MessageAI-fcqihoeipcbwpdgutsuclsargbwg/Build/Products/Debug-iphonesimulator/PackageFrameworks -F /Users/yan/Library/Developer/Xcode/DerivedData/MessageAI-fcqihoeipcbwpdgutsuclsargbwg/Build/Products/Debug-iphonesimulator/PackageFrameworks -F /Users/yan/Library/Developer/Xcode/DerivedData/MessageAI-fcqihoeipcbwpdgutsuclsargbwg/Build/Products/Debug-iphonesimulator/PackageFrameworks -F /Users/yan/Library/Developer/Xcode/DerivedData/MessageAI-fcqihoeipcbwpdgutsuclsargbwg/Build/Products/Debug-iphonesimulator/PackageFrameworks -F /Users/yan/Library/Developer/Xcode/DerivedData/MessageAI-fcqihoeipcbwpdgutsuclsargbwg/Build/Products/Debug-iphonesimulator/PackageFrameworks -F /Users/yan/Library/Developer/Xcode/DerivedData/MessageAI-fcqihoeipcbwpdgutsuclsargbwg/Build/Products/Debug-iphonesimulator/PackageFrameworks -F /Users/yan/Library/Developer/Xcode/DerivedData/MessageAI-fcqihoeipcbwpdgutsuclsargbwg/Build/Products/Debug-iphonesimulator/PackageFrameworks -F /Users/yan/Library/Developer/Xcode/DerivedData/MessageAI-fcqihoeipcbwpdgutsuclsargbwg/Build/Products/Debug-iphonesimulator/PackageFrameworks -F /Users/yan/Library/Developer/Xcode/DerivedData/MessageAI-fcqihoeipcbwpdgutsuclsargbwg/Build/Products/Debug-iphonesimulator/PackageFrameworks -F /Users/yan/Library/Developer/Xcode/DerivedData/MessageAI-fcqihoeipcbwpdgutsuclsargbwg/Build/Products/Debug-iphonesimulator/PackageFrameworks -F /Users/yan/Library/Developer/Xcode/DerivedData/MessageAI-fcqihoeipcbwpdgutsuclsargbwg/Build/Products/Debug-iphonesimulator/PackageFrameworks -F /Users/yan/Library/Developer/Xcode/DerivedData/MessageAI-fcqihoeipcbwpdgutsuclsargbwg/Build/Products/Debug-iphonesimulator/PackageFrameworks -F /Users/yan/Library/Developer/Xcode/DerivedData/MessageAI-fcqihoeipcbwpdgutsuclsargbwg/Build/Products/Debug-iphonesimulator/PackageFrameworks -F /Users/yan/Library/Developer/Xcode/DerivedData/MessageAI-fcqihoeipcbwpdgutsuclsargbwg/Build/Products/Debug-iphonesimulator/PackageFrameworks -F /Users/yan/Library/Developer/Xcode/DerivedData/MessageAI-fcqihoeipcbwpdgutsuclsargbwg/Build/Products/Debug-iphonesimulator/PackageFrameworks -F /Users/yan/Library/Developer/Xcode/DerivedData/MessageAI-fcqihoeipcbwpdgutsuclsargbwg/Build/Products/Debug-iphonesimulator/PackageFrameworks -F /Users/yan/Library/Developer/Xcode/DerivedData/MessageAI-fcqihoeipcbwpdgutsuclsargbwg/Build/Products/Debug-iphonesimulator/PackageFrameworks -F /Users/yan/Library/Developer/Xcode/DerivedData/MessageAI-fcqihoeipcbwpdgutsuclsargbwg/Build/Products/Debug-iphonesimulator -F /Applications/Xcode.app/Contents/Developer/Platforms/iPhoneSimulator.platform/Developer/Library/Frameworks -F /Applications/Xcode.app/Contents/Developer/Platforms/iPhoneSimulator.platform/Developer/SDKs/iPhoneSimulator26.0.sdk/Developer/Library/Frameworks -no-color-diagnostics -Xcc -fno-color-diagnostics -enable-testing -g -debug-info-format\=dwarf -dwarf-version\=4 -module-cache-path /Users/yan/Library/Developer/Xcode/DerivedData/MessageAI-fcqihoeipcbwpdgutsuclsargbwg/Build/Intermediates.noindex/SwiftExplicitPrecompiledModules -profile-generate -profile-coverage-mapping -swift-version 5 -enforce-exclusivity\=checked -Onone -D DEBUG -serialize-debugging-options -const-gather-protocols-file /Users/yan/Library/Developer/Xcode/DerivedData/MessageAI-fcqihoeipcbwpdgutsuclsargbwg/Build/Intermediates.noindex/MessageAI.build/Debug-iphonesimulator/MessageAITests.build/Objects-normal/x86_64/MessageAITests_const_extract_protocols.json -enable-upcoming-feature StrictConcurrency -enable-experimental-feature DebugDescriptionMacro -enable-bare-slash-regex -empty-abi-descriptor -validate-clang-modules-once -clang-build-session-file /Users/yan/Library/Developer/Xcode/DerivedData/ModuleCache.noindex/Session.modulevalidation -Xcc -working-directory -Xcc /Users/yan/gauntlet/messageAI -enable-anonymous-context-mangled-names -file-compilation-dir /Users/yan/gauntlet/messageAI -Xcc -fmodule-map-file\=/Users/yan/Library/Developer/Xcode/DerivedData/MessageAI-fcqihoeipcbwpdgutsuclsargbwg/Build/Intermediates.noindex/GeneratedModuleMaps-iphonesimulator/RecaptchaInterop.modulemap -Xcc -fmodule-map-file\=/Users/yan/Library/Developer/Xcode/DerivedData/MessageAI-fcqihoeipcbwpdgutsuclsargbwg/Build/Intermediates.noindex/GeneratedModuleMaps-iphonesimulator/FirebaseAuth.modulemap -Xcc -fmodule-map-file\=/Users/yan/Library/Developer/Xcode/DerivedData/MessageAI-fcqihoeipcbwpdgutsuclsargbwg/Build/Intermediates.noindex/GeneratedModuleMaps-iphonesimulator/abslWrapper.modulemap -Xcc -fmodule-map-file\=/Users/yan/Library/Developer/Xcode/DerivedData/MessageAI-fcqihoeipcbwpdgutsuclsargbwg/Build/Intermediates.noindex/GeneratedModuleMaps-iphonesimulator/opensslWrapper.modulemap -Xcc -fmodule-map-file\=/Users/yan/Library/Developer/Xcode/DerivedData/MessageAI-fcqihoeipcbwpdgutsuclsargbwg/Build/Intermediates.noindex/GeneratedModuleMaps-iphonesimulator/grpcWrapper.modulemap -Xcc -fmodule-map-file\=/Users/yan/Library/Developer/Xcode/DerivedData/MessageAI-fcqihoeipcbwpdgutsuclsargbwg/Build/Intermediates.noindex/GeneratedModuleMaps-iphonesimulator/grpcppWrapper.modulemap -Xcc -fmodule-map-file\=/Users/yan/Library/Developer/Xcode/DerivedData/MessageAI-fcqihoeipcbwpdgutsuclsargbwg/Build/Intermediates.noindex/GeneratedModuleMaps-iphonesimulator/leveldb.modulemap -Xcc -fmodule-map-file\=/Users/yan/Library/Developer/Xcode/DerivedData/MessageAI-fcqihoeipcbwpdgutsuclsargbwg/Build/Intermediates.noindex/GeneratedModuleMaps-iphonesimulator/FirebaseFirestoreInternalWrapper.modulemap -Xcc -fmodule-map-file\=/Users/yan/Library/Developer/Xcode/DerivedData/MessageAI-fcqihoeipcbwpdgutsuclsargbwg/Build/Intermediates.noindex/GeneratedModuleMaps-iphonesimulator/FirebaseFirestoreTarget.modulemap -Xcc -fmodule-map-file\=/Users/yan/Library/Developer/Xcode/DerivedData/MessageAI-fcqihoeipcbwpdgutsuclsargbwg/Build/Intermediates.noindex/GeneratedModuleMaps-iphonesimulator/GTMSessionFetcherCore.modulemap -Xcc -fmodule-map-file\=/Users/yan/Library/Developer/Xcode/DerivedData/MessageAI-fcqihoeipcbwpdgutsuclsargbwg/Build/Intermediates.noindex/GeneratedModuleMaps-iphonesimulator/FirebaseMessagingInterop.modulemap -Xcc -fmodule-map-file\=/Users/yan/Library/Developer/Xcode/DerivedData/MessageAI-fcqihoeipcbwpdgutsuclsargbwg/Build/Intermediates.noindex/GeneratedModuleMaps-iphonesimulator/FirebaseCoreExtension.modulemap -Xcc -fmodule-map-file\=/Users/yan/Library/Developer/Xcode/DerivedData/MessageAI-fcqihoeipcbwpdgutsuclsargbwg/Build/Intermediates.noindex/GeneratedModuleMaps-iphonesimulator/FirebaseAuthInterop.modulemap -Xcc -fmodule-map-file\=/Users/yan/Library/Developer/Xcode/DerivedData/MessageAI-fcqihoeipcbwpdgutsuclsargbwg/Build/Intermediates.noindex/GeneratedModuleMaps-iphonesimulator/FirebaseAppCheckInterop.modulemap -Xcc -fmodule-map-file\=/Users/yan/Library/Developer/Xcode/DerivedData/MessageAI-fcqihoeipcbwpdgutsuclsargbwg/Build/Intermediates.noindex/GeneratedModuleMaps-iphonesimulator/GoogleUtilities-UserDefaults.modulemap -Xcc -fmodule-map-file\=/Users/yan/Library/Developer/Xcode/DerivedData/MessageAI-fcqihoeipcbwpdgutsuclsargbwg/Build/Intermediates.noindex/GeneratedModuleMaps-iphonesimulator/GoogleAppMeasurementTarget.modulemap -Xcc -fmodule-map-file\=/Users/yan/Library/Developer/Xcode/DerivedData/MessageAI-fcqihoeipcbwpdgutsuclsargbwg/Build/Intermediates.noindex/GeneratedModuleMaps-iphonesimulator/GoogleUtilities-AppDelegateSwizzler.modulemap -Xcc -fmodule-map-file\=/Users/yan/Library/Developer/Xcode/DerivedData/MessageAI-fcqihoeipcbwpdgutsuclsargbwg/Build/Intermediates.noindex/GeneratedModuleMaps-iphonesimulator/GoogleUtilities-MethodSwizzler.modulemap -Xcc -fmodule-map-file\=/Users/yan/Library/Developer/Xcode/DerivedData/MessageAI-fcqihoeipcbwpdgutsuclsargbwg/Build/Intermediates.noindex/GeneratedModuleMaps-iphonesimulator/GoogleUtilities-Reachability.modulemap -Xcc -fmodule-map-file\=/Users/yan/Library/Developer/Xcode/DerivedData/MessageAI-fcqihoeipcbwpdgutsuclsargbwg/Build/Intermediates.noindex/GeneratedModuleMaps-iphonesimulator/GoogleUtilities-NSData.modulemap -Xcc -fmodule-map-file\=/Users/yan/Library/Developer/Xcode/DerivedData/MessageAI-fcqihoeipcbwpdgutsuclsargbwg/Build/Intermediates.noindex/GeneratedModuleMaps-iphonesimulator/GoogleUtilities-Logger.modulemap -Xcc -fmodule-map-file\=/Users/yan/Library/Developer/Xcode/DerivedData/MessageAI-fcqihoeipcbwpdgutsuclsargbwg/Build/Intermediates.noindex/GeneratedModuleMaps-iphonesimulator/GoogleUtilities-Environment.modulemap -Xcc -fmodule-map-file\=/Users/yan/Library/Developer/Xcode/DerivedData/MessageAI-fcqihoeipcbwpdgutsuclsargbwg/Build/Intermediates.noindex/GeneratedModuleMaps-iphonesimulator/third-party-IsAppEncrypted.modulemap -Xcc -fmodule-map-file\=/Users/yan/Library/Developer/Xcode/DerivedData/MessageAI-fcqihoeipcbwpdgutsuclsargbwg/Build/Intermediates.noindex/GeneratedModuleMaps-iphonesimulator/GoogleUtilities-Network.modulemap -Xcc -fmodule-map-file\=/Users/yan/Library/Developer/Xcode/DerivedData/MessageAI-fcqihoeipcbwpdgutsuclsargbwg/Build/Intermediates.noindex/GeneratedModuleMaps-iphonesimulator/nanopb.modulemap -Xcc -fmodule-map-file\=/Users/yan/Library/Developer/Xcode/DerivedData/MessageAI-fcqihoeipcbwpdgutsuclsargbwg/Build/Intermediates.noindex/GeneratedModuleMaps-iphonesimulator/FirebaseAnalyticsWrapper.modulemap -Xcc -fmodule-map-file\=/Users/yan/Library/Developer/Xcode/DerivedData/MessageAI-fcqihoeipcbwpdgutsuclsargbwg/Build/Intermediates.noindex/GeneratedModuleMaps-iphonesimulator/FirebaseInstallations.modulemap -Xcc -fmodule-map-file\=/Users/yan/Library/Developer/Xcode/DerivedData/MessageAI-fcqihoeipcbwpdgutsuclsargbwg/Build/Intermediates.noindex/GeneratedModuleMaps-iphonesimulator/FirebaseCore.modulemap -Xcc -fmodule-map-file\=/Users/yan/Library/Developer/Xcode/DerivedData/MessageAI-fcqihoeipcbwpdgutsuclsargbwg/Build/Intermediates.noindex/GeneratedModuleMaps-iphonesimulator/FirebaseAnalyticsTarget.modulemap -Xcc -fmodule-map-file\=/Users/yan/Library/Developer/Xcode/DerivedData/MessageAI-fcqihoeipcbwpdgutsuclsargbwg/Build/Intermediates.noindex/GeneratedModuleMaps-iphonesimulator/InjectionNextC.modulemap -Xcc -D_LIBCPP_HARDENING_MODE\=_LIBCPP_HARDENING_MODE_DEBUG -Xcc -ivfsstatcache -Xcc /Users/yan/Library/Developer/Xcode/DerivedData/SDKStatCaches.noindex/iphonesimulator26.0-23A339-26257891a6c027eb51374368541b8346.sdkstatcache -Xcc -I/Users/yan/Library/Developer/Xcode/DerivedData/MessageAI-fcqihoeipcbwpdgutsuclsargbwg/Build/Intermediates.noindex/MessageAI.build/Debug-iphonesimulator/MessageAITests.build/swift-overrides.hmap -Xcc -iquote -Xcc /Users/yan/Library/Developer/Xcode/DerivedData/MessageAI-fcqihoeipcbwpdgutsuclsargbwg/Build/Intermediates.noindex/MessageAI.build/Debug-iphonesimulator/MessageAITests.build/MessageAITests-generated-files.hmap -Xcc -I/Users/yan/Library/Developer/Xcode/DerivedData/MessageAI-fcqihoeipcbwpdgutsuclsargbwg/Build/Intermediates.noindex/MessageAI.build/Debug-iphonesimulator/MessageAITests.build/MessageAITests-own-target-headers.hmap -Xcc -I/Users/yan/Library/Developer/Xcode/DerivedData/MessageAI-fcqihoeipcbwpdgutsuclsargbwg/Build/Intermediates.noindex/MessageAI.build/Debug-iphonesimulator/MessageAITests.build/MessageAITests-all-non-framework-target-headers.hmap -Xcc -ivfsoverlay -Xcc /Users/yan/Library/Developer/Xcode/DerivedData/MessageAI-fcqihoeipcbwpdgutsuclsargbwg/Build/Intermediates.noindex/MessageAI.build/Debug-iphonesimulator/MessageAI-3c754e7aa0e8de9f3c278c3c711e857f-VFS-iphonesimulator/all-product-headers.yaml -Xcc -iquote -Xcc /Users/yan/Library/Developer/Xcode/DerivedData/MessageAI-fcqihoeipcbwpdgutsuclsargbwg/Build/Intermediates.noindex/MessageAI.build/Debug-iphonesimulator/MessageAITests.build/MessageAITests-project-headers.hmap -Xcc -I/Users/yan/Library/Developer/Xcode/DerivedData/MessageAI-fcqihoeipcbwpdgutsuclsargbwg/SourcePackages/checkouts/interop-ios-for-google-sdks/RecaptchaEnterprise/RecaptchaInterop/Public -Xcc -I/Users/yan/Library/Developer/Xcode/DerivedData/MessageAI-fcqihoeipcbwpdgutsuclsargbwg/SourcePackages/checkouts/firebase-ios-sdk/FirebaseAuth/Sources/Public -Xcc -I/Users/yan/Library/Developer/Xcode/DerivedData/MessageAI-fcqihoeipcbwpdgutsuclsargbwg/SourcePackages/checkouts/abseil-cpp-binary/absl-Wrapper/include -Xcc -I/Users/yan/Library/Developer/Xcode/DerivedData/MessageAI-fcqihoeipcbwpdgutsuclsargbwg/SourcePackages/checkouts/grpc-binary/openssl-grpc-Wrapper/include -Xcc -I/Users/yan/Library/Developer/Xcode/DerivedData/MessageAI-fcqihoeipcbwpdgutsuclsargbwg/SourcePackages/checkouts/grpc-binary/grpc-Wrapper/include -Xcc -I/Users/yan/Library/Developer/Xcode/DerivedData/MessageAI-fcqihoeipcbwpdgutsuclsargbwg/SourcePackages/checkouts/grpc-binary/grpcpp-Wrapper/include -Xcc -I/Users/yan/Library/Developer/Xcode/DerivedData/MessageAI-fcqihoeipcbwpdgutsuclsargbwg/SourcePackages/checkouts/leveldb/include -Xcc -I/Users/yan/Library/Developer/Xcode/DerivedData/MessageAI-fcqihoeipcbwpdgutsuclsargbwg/SourcePackages/checkouts/firebase-ios-sdk/FirebaseFirestoreInternal -Xcc -I/Users/yan/Library/Developer/Xcode/DerivedData/MessageAI-fcqihoeipcbwpdgutsuclsargbwg/SourcePackages/checkouts/firebase-ios-sdk/SwiftPM-PlatformExclude/FirebaseFirestoreWrap/include -Xcc -I/Users/yan/Library/Developer/Xcode/DerivedData/MessageAI-fcqihoeipcbwpdgutsuclsargbwg/SourcePackages/checkouts/gtm-session-fetcher/Sources/Core/Public -Xcc -I/Users/yan/Library/Developer/Xcode/DerivedData/MessageAI-fcqihoeipcbwpdgutsuclsargbwg/SourcePackages/checkouts/firebase-ios-sdk/FirebaseMessaging/Interop -Xcc -I/Users/yan/Library/Developer/Xcode/DerivedData/MessageAI-fcqihoeipcbwpdgutsuclsargbwg/SourcePackages/checkouts/firebase-ios-sdk/FirebaseCore/Extension -Xcc -I/Users/yan/Library/Developer/Xcode/DerivedData/MessageAI-fcqihoeipcbwpdgutsuclsargbwg/SourcePackages/checkouts/firebase-ios-sdk/FirebaseAuth/Interop -Xcc -I/Users/yan/Library/Developer/Xcode/DerivedData/MessageAI-fcqihoeipcbwpdgutsuclsargbwg/SourcePackages/checkouts/firebase-ios-sdk/FirebaseAppCheck/Interop/Public -Xcc -I/Users/yan/Library/Developer/Xcode/DerivedData/MessageAI-fcqihoeipcbwpdgutsuclsargbwg/SourcePackages/checkouts/promises/Sources/FBLPromises/include -Xcc -I/Users/yan/Library/Developer/Xcode/DerivedData/MessageAI-fcqihoeipcbwpdgutsuclsargbwg/SourcePackages/checkouts/GoogleUtilities/GoogleUtilities/UserDefaults/Public -Xcc -I/Users/yan/Library/Developer/Xcode/DerivedData/MessageAI-fcqihoeipcbwpdgutsuclsargbwg/SourcePackages/checkouts/GoogleAppMeasurement/GoogleAppMeasurementWrapper/include -Xcc -I/Users/yan/Library/Developer/Xcode/DerivedData/MessageAI-fcqihoeipcbwpdgutsuclsargbwg/SourcePackages/checkouts/GoogleUtilities/GoogleUtilities/AppDelegateSwizzler/Public -Xcc -I/Users/yan/Library/Developer/Xcode/DerivedData/MessageAI-fcqihoeipcbwpdgutsuclsargbwg/SourcePackages/checkouts/GoogleUtilities/GoogleUtilities/MethodSwizzler/Public -Xcc -I/Users/yan/Library/Developer/Xcode/DerivedData/MessageAI-fcqihoeipcbwpdgutsuclsargbwg/SourcePackages/checkouts/GoogleUtilities/GoogleUtilities/Reachability/Public -Xcc -I/Users/yan/Library/Developer/Xcode/DerivedData/MessageAI-fcqihoeipcbwpdgutsuclsargbwg/SourcePackages/checkouts/GoogleUtilities/GoogleUtilities/NSData+zlib/Public -Xcc -I/Users/yan/Library/Developer/Xcode/DerivedData/MessageAI-fcqihoeipcbwpdgutsuclsargbwg/SourcePackages/checkouts/GoogleUtilities/GoogleUtilities/Logger/Public -Xcc -I/Users/yan/Library/Developer/Xcode/DerivedData/MessageAI-fcqihoeipcbwpdgutsuclsargbwg/SourcePackages/checkouts/GoogleUtilities/GoogleUtilities/Environment/Public -Xcc -I/Users/yan/Library/Developer/Xcode/DerivedData/MessageAI-fcqihoeipcbwpdgutsuclsargbwg/SourcePackages/checkouts/GoogleUtilities/third_party/IsAppEncrypted/Public -Xcc -I/Users/yan/Library/Developer/Xcode/DerivedData/MessageAI-fcqihoeipcbwpdgutsuclsargbwg/SourcePackages/checkouts/GoogleUtilities/GoogleUtilities/Network/Public -Xcc -I/Users/yan/Library/Developer/Xcode/DerivedData/MessageAI-fcqihoeipcbwpdgutsuclsargbwg/SourcePackages/checkouts/nanopb/spm_headers -Xcc -I/Users/yan/Library/Developer/Xcode/DerivedData/MessageAI-fcqihoeipcbwpdgutsuclsargbwg/SourcePackages/checkouts/firebase-ios-sdk/FirebaseAnalyticsWrapper/include -Xcc -I/Users/yan/Library/Developer/Xcode/DerivedData/MessageAI-fcqihoeipcbwpdgutsuclsargbwg/SourcePackages/checkouts/firebase-ios-sdk/FirebaseInstallations/Source/Library/Public -Xcc -I/Users/yan/Library/Developer/Xcode/DerivedData/MessageAI-fcqihoeipcbwpdgutsuclsargbwg/SourcePackages/checkouts/firebase-ios-sdk/FirebaseCore/Sources/Public -Xcc -I/Users/yan/Library/Developer/Xcode/DerivedData/MessageAI-fcqihoeipcbwpdgutsuclsargbwg/SourcePackages/checkouts/firebase-ios-sdk/CoreOnly/Sources -Xcc -I/Users/yan/Library/Developer/Xcode/DerivedData/MessageAI-fcqihoeipcbwpdgutsuclsargbwg/SourcePackages/checkouts/firebase-ios-sdk/SwiftPM-PlatformExclude/FirebaseAnalyticsWrap/include -Xcc -I/Users/yan/Library/Developer/Xcode/DerivedData/MessageAI-fcqihoeipcbwpdgutsuclsargbwg/SourcePackages/checkouts/InjectionNext/Sources/InjectionNextC/include -Xcc -I/Users/yan/Library/Developer/Xcode/DerivedData/MessageAI-fcqihoeipcbwpdgutsuclsargbwg/Build/Products/Debug-iphonesimulator/include -Xcc -I/Users/yan/Library/Developer/Xcode/DerivedData/MessageAI-fcqihoeipcbwpdgutsuclsargbwg/Build/Intermediates.noindex/MessageAI.build/Debug-iphonesimulator/MessageAITests.build/DerivedSources-normal/x86_64 -Xcc -I/Users/yan/Library/Developer/Xcode/DerivedData/MessageAI-fcqihoeipcbwpdgutsuclsargbwg/Build/Intermediates.noindex/MessageAI.build/Debug-iphonesimulator/MessageAITests.build/DerivedSources/x86_64 -Xcc -I/Users/yan/Library/Developer/Xcode/DerivedData/MessageAI-fcqihoeipcbwpdgutsuclsargbwg/Build/Intermediates.noindex/MessageAI.build/Debug-iphonesimulator/MessageAITests.build/DerivedSources -Xcc -DDEBUG\=1 -no-auto-bridging-header-chaining -module-name MessageAITests -frontend-parseable-output -disable-clang-spi -target-sdk-version 26.0 -target-sdk-name iphonesimulator26.0 -clang-target x86_64-apple-ios26.0-simulator -in-process-plugin-server-path /Applications/Xcode.app/Contents/Developer/Toolchains/XcodeDefault.xctoolchain/usr/lib/swift/host/libSwiftInProcPluginServer.dylib -o /Users/yan/Library/Developer/Xcode/DerivedData/MessageAI-fcqihoeipcbwpdgutsuclsargbwg/Build/Intermediates.noindex/MessageAI.build/Debug-iphonesimulator/MessageAITests.build/Objects-normal/x86_64/NetworkMonitorTests.o -index-unit-output-path /MessageAI.build/Debug-iphonesimulator/MessageAITests.build/Objects-normal/x86_64/NetworkMonitorTests.o -index-store-path /Users/yan/Library/Developer/Xcode/DerivedData/MessageAI-fcqihoeipcbwpdgutsuclsargbwg/Index.noindex/DataStore -index-system-modules

SwiftCompile normal x86_64 /Users/yan/gauntlet/messageAI/MessageAI/MessageAITests/Services/NetworkMonitorTests.swift (in target 'MessageAITests' from project 'MessageAI')
    cd /Users/yan/gauntlet/messageAI
    
/Users/yan/gauntlet/messageAI/MessageAI/MessageAITests/Services/NetworkMonitorTests.swift:15:18: error: cannot find type 'NetworkMonitor' in scope
    var monitor: NetworkMonitor!
                 ^~~~~~~~~~~~~~
/Users/yan/gauntlet/messageAI/MessageAI/MessageAITests/Services/NetworkMonitorTests.swift:18:19: error: cannot find 'NetworkMonitor' in scope
        monitor = NetworkMonitor()
                  ^~~~~~~~~~~~~~
/Users/yan/gauntlet/messageAI/MessageAI/MessageAITests/Services/NetworkMonitorTests.swift:33:22: error: cannot find 'NetworkMonitor' in scope
        let shared = NetworkMonitor.shared
                     ^~~~~~~~~~~~~~
/Users/yan/gauntlet/messageAI/MessageAI/MessageAITests/Services/NetworkMonitorTests.swift:47:21: error: cannot find type 'NetworkMonitor' in scope
        let types: [NetworkMonitor.ConnectionType] = [
                    ^~~~~~~~~~~~~~
/Users/yan/gauntlet/messageAI/MessageAI/MessageAITests/Services/NetworkMonitorTests.swift:174:26: error: cannot find type 'NetworkMonitor' in scope
        var testMonitor: NetworkMonitor? = NetworkMonitor()
                         ^~~~~~~~~~~~~~

SwiftCompile normal x86_64 Compiling\ StringExtensionsTests.swift /Users/yan/gauntlet/messageAI/MessageAI/MessageAITests/Utilities/StringExtensionsTests.swift (in target 'MessageAITests' from project 'MessageAI')

SwiftCompile normal x86_64 /Users/yan/gauntlet/messageAI/MessageAI/MessageAITests/Utilities/StringExtensionsTests.swift (in target 'MessageAITests' from project 'MessageAI')
    cd /Users/yan/gauntlet/messageAI
    
/Users/yan/gauntlet/messageAI/MessageAI/MessageAITests/Utilities/StringExtensionsTests.swift:24:29: error: value of type 'String' has no member 'isBlank'
        XCTAssertTrue("   ".isBlank)
                      ~~~~~ ^~~~~~~
/Users/yan/gauntlet/messageAI/MessageAI/MessageAITests/Utilities/StringExtensionsTests.swift:25:26: error: value of type 'String' has no member 'isBlank'
        XCTAssertTrue("".isBlank)
                      ~~ ^~~~~~~
/Users/yan/gauntlet/messageAI/MessageAI/MessageAITests/Utilities/StringExtensionsTests.swift:26:30: error: value of type 'String' has no member 'isBlank'
        XCTAssertTrue("\n\n".isBlank)
                      ~~~~~~ ^~~~~~~
/Users/yan/gauntlet/messageAI/MessageAI/MessageAITests/Utilities/StringExtensionsTests.swift:27:32: error: value of type 'String' has no member 'isBlank'
        XCTAssertFalse("hello".isBlank)
                       ~~~~~~~ ^~~~~~~
/Users/yan/gauntlet/messageAI/MessageAI/MessageAITests/Utilities/StringExtensionsTests.swift:28:36: error: value of type 'String' has no member 'isBlank'
        XCTAssertFalse("  hello  ".isBlank)
                       ~~~~~~~~~~~ ^~~~~~~
/Users/yan/gauntlet/messageAI/MessageAI/MessageAITests/Utilities/StringExtensionsTests.swift:51:37: error: value of type 'String' has no member 'isValidPassword'
        XCTAssertTrue("password123".isValidPassword)
                      ~~~~~~~~~~~~~ ^~~~~~~~~~~~~~~
/Users/yan/gauntlet/messageAI/MessageAI/MessageAITests/Utilities/StringExtensionsTests.swift:52:32: error: value of type 'String' has no member 'isValidPassword'
        XCTAssertTrue("123456".isValidPassword)
                      ~~~~~~~~ ^~~~~~~~~~~~~~~
/Users/yan/gauntlet/messageAI/MessageAI/MessageAITests/Utilities/StringExtensionsTests.swift:53:46: error: value of type 'String' has no member 'isValidPassword'
        XCTAssertTrue("secure_password_2024".isValidPassword)
                      ~~~~~~~~~~~~~~~~~~~~~~ ^~~~~~~~~~~~~~~
/Users/yan/gauntlet/messageAI/MessageAI/MessageAITests/Utilities/StringExtensionsTests.swift:56:32: error: value of type 'String' has no member 'isValidPassword'
        XCTAssertFalse("short".isValidPassword)
                       ~~~~~~~ ^~~~~~~~~~~~~~~
/Users/yan/gauntlet/messageAI/MessageAI/MessageAITests/Utilities/StringExtensionsTests.swift:57:32: error: value of type 'String' has no member 'isValidPassword'
        XCTAssertFalse("12345".isValidPassword)
                       ~~~~~~~ ^~~~~~~~~~~~~~~
/Users/yan/gauntlet/messageAI/MessageAI/MessageAITests/Utilities/StringExtensionsTests.swift:58:27: error: value of type 'String' has no member 'isValidPassword'
        XCTAssertFalse("".isValidPassword)
                       ~~ ^~~~~~~~~~~~~~~
/Users/yan/gauntlet/messageAI/MessageAI/MessageAITests/Utilities/StringExtensionsTests.swift:65:34: error: value of type 'String' has no member 'isValidDisplayName'
        XCTAssertTrue("John Doe".isValidDisplayName)
                      ~~~~~~~~~~ ^~~~~~~~~~~~~~~~~~
/Users/yan/gauntlet/messageAI/MessageAI/MessageAITests/Utilities/StringExtensionsTests.swift:66:28: error: value of type 'String' has no member 'isValidDisplayName'
        XCTAssertTrue("AB".isValidDisplayName)
                      ~~~~ ^~~~~~~~~~~~~~~~~~
/Users/yan/gauntlet/messageAI/MessageAI/MessageAITests/Utilities/StringExtensionsTests.swift:67:62: error: value of type 'String' has no member 'isValidDisplayName'
        XCTAssertTrue("A Very Long Name That Is Still Valid".isValidDisplayName)
                      ~~~~~~~~~~~~~~~~~~~~~~~~~~~~~~~~~~~~~~ ^~~~~~~~~~~~~~~~~~
/Users/yan/gauntlet/messageAI/MessageAI/MessageAITests/Utilities/StringExtensionsTests.swift:70:28: error: value of type 'String' has no member 'isValidDisplayName'
        XCTAssertFalse("A".isValidDisplayName)
                       ~~~ ^~~~~~~~~~~~~~~~~~
/Users/yan/gauntlet/messageAI/MessageAI/MessageAITests/Utilities/StringExtensionsTests.swift:71:28: error: value of type 'String' has no member 'isValidDisplayName'
        XCTAssertFalse(" ".isValidDisplayName)
                       ~~~ ^~~~~~~~~~~~~~~~~~
/Users/yan/gauntlet/messageAI/MessageAI/MessageAITests/Utilities/StringExtensionsTests.swift:72:27: error: value of type 'String' has no member 'isValidDisplayName'
        XCTAssertFalse("".isValidDisplayName)
                       ~~ ^~~~~~~~~~~~~~~~~~
/Users/yan/gauntlet/messageAI/MessageAI/MessageAITests/Utilities/StringExtensionsTests.swift:73:58: error: value of type 'String' has no member 'isValidDisplayName'
        XCTAssertFalse(String(repeating: "A", count: 51).isValidDisplayName)
                       ~~~~~~~~~~~~~~~~~~~~~~~~~~~~~~~~~ ^~~~~~~~~~~~~~~~~~
/Users/yan/gauntlet/messageAI/MessageAI/MessageAITests/Utilities/StringExtensionsTests.swift:80:32: error: value of type 'String' has no member 'isValidMessage'
        XCTAssertTrue("Hello!".isValidMessage)
                      ~~~~~~~~ ^~~~~~~~~~~~~~
/Users/yan/gauntlet/messageAI/MessageAI/MessageAITests/Utilities/StringExtensionsTests.swift:81:27: error: value of type 'String' has no member 'isValidMessage'
        XCTAssertTrue("A".isValidMessage)
                      ~~~ ^~~~~~~~~~~~~~
/Users/yan/gauntlet/messageAI/MessageAI/MessageAITests/Utilities/StringExtensionsTests.swift:84:27: error: value of type 'String' has no member 'isValidMessage'
        XCTAssertFalse("".isValidMessage)
                       ~~ ^~~~~~~~~~~~~~
/Users/yan/gauntlet/messageAI/MessageAI/MessageAITests/Utilities/StringExtensionsTests.swift:85:30: error: value of type 'String' has no member 'isValidMessage'
        XCTAssertFalse("   ".isValidMessage)
                       ~~~~~ ^~~~~~~~~~~~~~
/Users/yan/gauntlet/messageAI/MessageAI/MessageAITests/Utilities/StringExtensionsTests.swift:86:61: error: value of type 'String' has no member 'isValidMessage'
        XCTAssertFalse(String(repeating: "A", count: 10001).isValidMessage)
                       ~~~~~~~~~~~~~~~~~~~~~~~~~~~~~~~~~~~~ ^~~~~~~~~~~~~~
/Users/yan/gauntlet/messageAI/MessageAI/MessageAITests/Utilities/StringExtensionsTests.swift:93:42: error: incorrect argument label in call (have 'to:', expected 'toLength:')
        XCTAssertEqual(longText.truncated(to: 10), "This is a ...")
                                         ^~~
                                          toLength
/Users/yan/gauntlet/messageAI/MessageAI/MessageAITests/Utilities/StringExtensionsTests.swift:94:41: error: incorrect argument label in call (have 'to:', expected 'toLength:')
        XCTAssertEqual("Short".truncated(to: 10), "Short")
                                        ^~~
                                         toLength
/Users/yan/gauntlet/messageAI/MessageAI/MessageAITests/Utilities/StringExtensionsTests.swift:95:42: error: extra arguments at positions #1, #2 in call
        XCTAssertEqual(longText.truncated(to: 10, trailing: ">>"), "This is a >>")
                                         ^
MessageAI.String.truncated:2:15: note: 'truncated(toLength:)' declared here
internal func truncated(toLength length: Int) -> String}
              ^
/Users/yan/gauntlet/messageAI/MessageAI/MessageAITests/Utilities/StringExtensionsTests.swift:95:43: error: missing argument for parameter 'toLength' in call
        XCTAssertEqual(longText.truncated(to: 10, trailing: ">>"), "This is a >>")
                                          ^
                                          toLength: <#Int#>, 
MessageAI.String.truncated:2:15: note: 'truncated(toLength:)' declared here
internal func truncated(toLength length: Int) -> String}
              ^
/Users/yan/gauntlet/messageAI/MessageAI/MessageAITests/Utilities/StringExtensionsTests.swift:101:32: error: value of type 'String' has no member 'firstLetter'
        XCTAssertEqual("Hello".firstLetter, "H")
                       ~~~~~~~ ^~~~~~~~~~~
/Users/yan/gauntlet/messageAI/MessageAI/MessageAITests/Utilities/StringExtensionsTests.swift:102:28: error: value of type 'String' has no member 'firstLetter'
        XCTAssertEqual("a".firstLetter, "A")
                       ~~~ ^~~~~~~~~~~
/Users/yan/gauntlet/messageAI/MessageAI/MessageAITests/Utilities/StringExtensionsTests.swift:103:27: error: value of type 'String' has no member 'firstLetter'
        XCTAssertEqual("".firstLetter, "")
                       ~~ ^~~~~~~~~~~
/Users/yan/gauntlet/messageAI/MessageAI/MessageAITests/Utilities/StringExtensionsTests.swift:107:35: error: value of type 'String' has no member 'initials'
        XCTAssertEqual("John Doe".initials, "JD")
                       ~~~~~~~~~~ ^~~~~~~~
/Users/yan/gauntlet/messageAI/MessageAI/MessageAITests/Utilities/StringExtensionsTests.swift:108:31: error: value of type 'String' has no member 'initials'
        XCTAssertEqual("Jane".initials, "J")
                       ~~~~~~ ^~~~~~~~
/Users/yan/gauntlet/messageAI/MessageAI/MessageAITests/Utilities/StringExtensionsTests.swift:109:44: error: value of type 'String' has no member 'initials'
        XCTAssertEqual("Bob Smith Johnson".initials, "BS")
                       ~~~~~~~~~~~~~~~~~~~ ^~~~~~~~
/Users/yan/gauntlet/messageAI/MessageAI/MessageAITests/Utilities/StringExtensionsTests.swift:110:27: error: value of type 'String' has no member 'initials'
        XCTAssertEqual("".initials, "")
                       ~~ ^~~~~~~~
/Users/yan/gauntlet/messageAI/MessageAI/MessageAITests/Utilities/StringExtensionsTests.swift:117:27: error: value of type 'String' has no member 'extractedURLs'
        let urls1 = text1.extractedURLs
                    ~~~~~ ^~~~~~~~~~~~~
/Users/yan/gauntlet/messageAI/MessageAI/MessageAITests/Utilities/StringExtensionsTests.swift:122:29: error: value of type 'String' has no member 'extractedURLs'
        XCTAssertTrue(text2.extractedURLs.isEmpty)
                      ~~~~~ ^~~~~~~~~~~~~
/Users/yan/gauntlet/messageAI/MessageAI/MessageAITests/Utilities/StringExtensionsTests.swift:125:30: error: value of type 'String' has no member 'extractedURLs'
        XCTAssertEqual(text3.extractedURLs.count, 2)
                       ~~~~~ ^~~~~~~~~~~~~
/Users/yan/gauntlet/messageAI/MessageAI/MessageAITests/Utilities/StringExtensionsTests.swift:135:32: error: value of type 'String' has no member 'stableHash'
        XCTAssertEqual(string1.stableHash, string2.stableHash)
                       ~~~~~~~ ^~~~~~~~~~
/Users/yan/gauntlet/messageAI/MessageAI/MessageAITests/Utilities/StringExtensionsTests.swift:135:52: error: value of type 'String' has no member 'stableHash'
        XCTAssertEqual(string1.stableHash, string2.stableHash)
                                           ~~~~~~~ ^~~~~~~~~~
/Users/yan/gauntlet/messageAI/MessageAI/MessageAITests/Utilities/StringExtensionsTests.swift:136:35: error: value of type 'String' has no member 'stableHash'
        XCTAssertNotEqual(string1.stableHash, string3.stableHash)
                          ~~~~~~~ ^~~~~~~~~~
/Users/yan/gauntlet/messageAI/MessageAI/MessageAITests/Utilities/StringExtensionsTests.swift:136:55: error: value of type 'String' has no member 'stableHash'
        XCTAssertNotEqual(string1.stableHash, string3.stableHash)
                                              ~~~~~~~ ^~~~~~~~~~
/Users/yan/gauntlet/messageAI/MessageAI/MessageAITests/Utilities/StringExtensionsTests.swift:137:38: error: value of type 'String' has no member 'stableHash'
        XCTAssertGreaterThan(string1.stableHash, 0)
                             ~~~~~~~ ^~~~~~~~~~

SwiftCompile normal x86_64 Compiling\ AuthViewModelTests.swift,\ AuthenticationServiceTests.swift /Users/yan/gauntlet/messageAI/MessageAI/MessageAITests/ViewModels/AuthViewModelTests.swift /Users/yan/gauntlet/messageAI/MessageAI/MessageAITests/Services/AuthenticationServiceTests.swift (in target 'MessageAITests' from project 'MessageAI')

SwiftCompile normal x86_64 /Users/yan/gauntlet/messageAI/MessageAI/MessageAITests/ViewModels/AuthViewModelTests.swift (in target 'MessageAITests' from project 'MessageAI')
    cd /Users/yan/gauntlet/messageAI
    

SwiftCompile normal x86_64 /Users/yan/gauntlet/messageAI/MessageAI/MessageAITests/Services/AuthenticationServiceTests.swift (in target 'MessageAITests' from project 'MessageAI')
    cd /Users/yan/gauntlet/messageAI
    

SwiftCompile normal x86_64 Compiling\ UserModelTests.swift /Users/yan/gauntlet/messageAI/MessageAI/MessageAITests/Models/UserModelTests.swift (in target 'MessageAITests' from project 'MessageAI')

SwiftCompile normal x86_64 /Users/yan/gauntlet/messageAI/MessageAI/MessageAITests/Models/UserModelTests.swift (in target 'MessageAITests' from project 'MessageAI')
    cd /Users/yan/gauntlet/messageAI
    

SwiftEmitModule normal x86_64 Emitting\ module\ for\ MessageAITests (in target 'MessageAITests' from project 'MessageAI')

EmitSwiftModule normal x86_64 (in target 'MessageAITests' from project 'MessageAI')
    cd /Users/yan/gauntlet/messageAI
    

SwiftCompile normal x86_64 Compiling\ UserRepositoryTests.swift /Users/yan/gauntlet/messageAI/MessageAI/MessageAITests/Repositories/UserRepositoryTests.swift (in target 'MessageAITests' from project 'MessageAI')

SwiftCompile normal x86_64 /Users/yan/gauntlet/messageAI/MessageAI/MessageAITests/Repositories/UserRepositoryTests.swift (in target 'MessageAITests' from project 'MessageAI')
    cd /Users/yan/gauntlet/messageAI
    

SwiftCompile normal x86_64 Compiling\ UserDefaultsManagerTests.swift /Users/yan/gauntlet/messageAI/MessageAI/MessageAITests/Utilities/UserDefaultsManagerTests.swift (in target 'MessageAITests' from project 'MessageAI')

SwiftCompile normal x86_64 /Users/yan/gauntlet/messageAI/MessageAI/MessageAITests/Utilities/UserDefaultsManagerTests.swift (in target 'MessageAITests' from project 'MessageAI')
    cd /Users/yan/gauntlet/messageAI
    

SwiftDriverJobDiscovery normal x86_64 Compiling TestHelpers.swift (in target 'MessageAITests' from project 'MessageAI')

note: Removed stale file '/Users/yan/Library/Developer/Xcode/DerivedData/MessageAI-fcqihoeipcbwpdgutsuclsargbwg/Build/Intermediates.noindex/MessageAI.build/Debug-iphonesimulator/MessageAITests.build/Objects-normal/x86_64/EmptyStateViewTests.o'

note: Removed stale file '/Users/yan/Library/Developer/Xcode/DerivedData/MessageAI-fcqihoeipcbwpdgutsuclsargbwg/Build/Intermediates.noindex/MessageAI.build/Debug-iphonesimulator/MessageAITests.build/Objects-normal/x86_64/EmptyStateViewTests.stringsdata'

note: Removed stale file '/Users/yan/Library/Developer/Xcode/DerivedData/MessageAI-fcqihoeipcbwpdgutsuclsargbwg/Build/Intermediates.noindex/MessageAI.build/Debug-iphonesimulator/MessageAITests.build/Objects-normal/x86_64/EmptyStateViewTests.swiftconstvalues'

note: Removed stale file '/Users/yan/Library/Developer/Xcode/DerivedData/MessageAI-fcqihoeipcbwpdgutsuclsargbwg/Build/Intermediates.noindex/MessageAI.build/Debug-iphonesimulator/MessageAITests.build/Objects-normal/x86_64/ErrorViewTests.o'

note: Removed stale file '/Users/yan/Library/Developer/Xcode/DerivedData/MessageAI-fcqihoeipcbwpdgutsuclsargbwg/Build/Intermediates.noindex/MessageAI.build/Debug-iphonesimulator/MessageAITests.build/Objects-normal/x86_64/ErrorViewTests.stringsdata'

note: Removed stale file '/Users/yan/Library/Developer/Xcode/DerivedData/MessageAI-fcqihoeipcbwpdgutsuclsargbwg/Build/Intermediates.noindex/MessageAI.build/Debug-iphonesimulator/MessageAITests.build/Objects-normal/x86_64/ErrorViewTests.swiftconstvalues'

note: Removed stale file '/Users/yan/Library/Developer/Xcode/DerivedData/MessageAI-fcqihoeipcbwpdgutsuclsargbwg/Build/Intermediates.noindex/MessageAI.build/Debug-iphonesimulator/MessageAITests.build/Objects-normal/x86_64/LoadingViewTests.o'

note: Removed stale file '/Users/yan/Library/Developer/Xcode/DerivedData/MessageAI-fcqihoeipcbwpdgutsuclsargbwg/Build/Intermediates.noindex/MessageAI.build/Debug-iphonesimulator/MessageAITests.build/Objects-normal/x86_64/LoadingViewTests.stringsdata'

warning: Run script build phase 'Copy GoogleService-Info.plist' will be run during every build because it does not specify any outputs. To address this issue, either add output dependencies to the script phase, or configure it to run in every build by unchecking "Based on dependency analysis" in the script phase. (in target 'MessageAI' from project 'MessageAI')
note: Run script build phase 'SwiftLint' will be run during every build because the option to run the script phase "Based on dependency analysis" is unchecked. (in target 'MessageAI' from project 'MessageAI')

Test session results, code coverage, and logs:
	/Users/yan/Library/Developer/Xcode/DerivedData/MessageAI-fcqihoeipcbwpdgutsuclsargbwg/Logs/Test/Test-MessageAI-2025.10.23_21-58-09--0700.xcresult

Testing failed:
	Cannot find type 'NetworkMonitor' in scope
	Cannot find 'NetworkMonitor' in scope
	Cannot find 'NetworkMonitor' in scope
	Cannot find type 'NetworkMonitor' in scope
	Cannot find type 'NetworkMonitor' in scope
	Value of type 'String' has no member 'isBlank'
	Value of type 'String' has no member 'isBlank'
	Value of type 'String' has no member 'isBlank'
	Value of type 'String' has no member 'isBlank'
	Value of type 'String' has no member 'isBlank'
	Value of type 'String' has no member 'isValidPassword'
	Value of type 'String' has no member 'isValidPassword'
	Value of type 'String' has no member 'isValidPassword'
	Value of type 'String' has no member 'isValidPassword'
	Value of type 'String' has no member 'isValidPassword'
	Value of type 'String' has no member 'isValidPassword'
	Value of type 'String' has no member 'isValidDisplayName'
	Value of type 'String' has no member 'isValidDisplayName'
	Value of type 'String' has no member 'isValidDisplayName'
	Value of type 'String' has no member 'isValidDisplayName'
	Value of type 'String' has no member 'isValidDisplayName'
	Value of type 'String' has no member 'isValidDisplayName'
	Value of type 'String' has no member 'isValidDisplayName'
	Value of type 'String' has no member 'isValidMessage'
	Value of type 'String' has no member 'isValidMessage'
	Value of type 'String' has no member 'isValidMessage'
	Value of type 'String' has no member 'isValidMessage'
	Value of type 'String' has no member 'isValidMessage'
	Incorrect argument label in call (have 'to:', expected 'toLength:')
	Incorrect argument label in call (have 'to:', expected 'toLength:')
	Extra arguments at positions #1, #2 in call
	Missing argument for parameter 'toLength' in call
	Value of type 'String' has no member 'firstLetter'
	Value of type 'String' has no member 'firstLetter'
	Value of type 'String' has no member 'firstLetter'
	Value of type 'String' has no member 'initials'
	Value of type 'String' has no member 'initials'
	Value of type 'String' has no member 'initials'
	Value of type 'String' has no member 'initials'
	Value of type 'String' has no member 'extractedURLs'
	Value of type 'String' has no member 'extractedURLs'
	Value of type 'String' has no member 'extractedURLs'
	Value of type 'String' has no member 'stableHash'
	Value of type 'String' has no member 'stableHash'
	Value of type 'String' has no member 'stableHash'
	Value of type 'String' has no member 'stableHash'
	Value of type 'String' has no member 'stableHash'
	Testing cancelled because the build failed.

** TEST FAILED **


The following build commands failed:
	SwiftCompile normal x86_64 Compiling\ NetworkMonitorTests.swift /Users/yan/gauntlet/messageAI/MessageAI/MessageAITests/Services/NetworkMonitorTests.swift (in target 'MessageAITests' from project 'MessageAI')
	SwiftCompile normal x86_64 /Users/yan/gauntlet/messageAI/MessageAI/MessageAITests/Services/NetworkMonitorTests.swift (in target 'MessageAITests' from project 'MessageAI')
	SwiftCompile normal x86_64 /Users/yan/gauntlet/messageAI/MessageAI/MessageAITests/Utilities/StringExtensionsTests.swift (in target 'MessageAITests' from project 'MessageAI')
	Testing project MessageAI with scheme MessageAI
(4 failures)
